Archive member included to satisfy reference by file (symbol)

/opt/intelFPGA/18.1/nios2eds/bin/gnu/H-x86_64-pc-linux-gnu/bin/../lib/gcc/nios2-elf/5.3.0/../../../../../H-x86_64-pc-linux-gnu/nios2-elf/lib/libc.a(lib_a-puts.o)
                              obj/default/hello_world.o (puts)
/opt/intelFPGA/18.1/nios2eds/bin/gnu/H-x86_64-pc-linux-gnu/bin/../lib/gcc/nios2-elf/5.3.0/../../../../../H-x86_64-pc-linux-gnu/nios2-elf/lib/libc.a(lib_a-strlen.o)
                              /opt/intelFPGA/18.1/nios2eds/bin/gnu/H-x86_64-pc-linux-gnu/bin/../lib/gcc/nios2-elf/5.3.0/../../../../../H-x86_64-pc-linux-gnu/nios2-elf/lib/libc.a(lib_a-puts.o) (strlen)
/opt/intelFPGA/18.1/nios2eds/bin/gnu/H-x86_64-pc-linux-gnu/bin/../lib/gcc/nios2-elf/5.3.0/../../../../../H-x86_64-pc-linux-gnu/nios2-elf/lib/libc.a(lib_a-findfp.o)
                              /opt/intelFPGA/18.1/nios2eds/bin/gnu/H-x86_64-pc-linux-gnu/bin/../lib/gcc/nios2-elf/5.3.0/../../../../../H-x86_64-pc-linux-gnu/nios2-elf/lib/libc.a(lib_a-puts.o) (__sinit)
/opt/intelFPGA/18.1/nios2eds/bin/gnu/H-x86_64-pc-linux-gnu/bin/../lib/gcc/nios2-elf/5.3.0/../../../../../H-x86_64-pc-linux-gnu/nios2-elf/lib/libc.a(lib_a-fvwrite.o)
                              /opt/intelFPGA/18.1/nios2eds/bin/gnu/H-x86_64-pc-linux-gnu/bin/../lib/gcc/nios2-elf/5.3.0/../../../../../H-x86_64-pc-linux-gnu/nios2-elf/lib/libc.a(lib_a-puts.o) (__sfvwrite_r)
/opt/intelFPGA/18.1/nios2eds/bin/gnu/H-x86_64-pc-linux-gnu/bin/../lib/gcc/nios2-elf/5.3.0/../../../../../H-x86_64-pc-linux-gnu/nios2-elf/lib/libc.a(lib_a-fwalk.o)
                              /opt/intelFPGA/18.1/nios2eds/bin/gnu/H-x86_64-pc-linux-gnu/bin/../lib/gcc/nios2-elf/5.3.0/../../../../../H-x86_64-pc-linux-gnu/nios2-elf/lib/libc.a(lib_a-findfp.o) (_fwalk)
/opt/intelFPGA/18.1/nios2eds/bin/gnu/H-x86_64-pc-linux-gnu/bin/../lib/gcc/nios2-elf/5.3.0/../../../../../H-x86_64-pc-linux-gnu/nios2-elf/lib/libc.a(lib_a-impure.o)
                              /opt/intelFPGA/18.1/nios2eds/bin/gnu/H-x86_64-pc-linux-gnu/bin/../lib/gcc/nios2-elf/5.3.0/../../../../../H-x86_64-pc-linux-gnu/nios2-elf/lib/libc.a(lib_a-findfp.o) (_global_impure_ptr)
/opt/intelFPGA/18.1/nios2eds/bin/gnu/H-x86_64-pc-linux-gnu/bin/../lib/gcc/nios2-elf/5.3.0/../../../../../H-x86_64-pc-linux-gnu/nios2-elf/lib/libc.a(lib_a-mallocr.o)
                              /opt/intelFPGA/18.1/nios2eds/bin/gnu/H-x86_64-pc-linux-gnu/bin/../lib/gcc/nios2-elf/5.3.0/../../../../../H-x86_64-pc-linux-gnu/nios2-elf/lib/libc.a(lib_a-findfp.o) (_malloc_r)
/opt/intelFPGA/18.1/nios2eds/bin/gnu/H-x86_64-pc-linux-gnu/bin/../lib/gcc/nios2-elf/5.3.0/../../../../../H-x86_64-pc-linux-gnu/nios2-elf/lib/libc.a(lib_a-memchr.o)
                              /opt/intelFPGA/18.1/nios2eds/bin/gnu/H-x86_64-pc-linux-gnu/bin/../lib/gcc/nios2-elf/5.3.0/../../../../../H-x86_64-pc-linux-gnu/nios2-elf/lib/libc.a(lib_a-fvwrite.o) (memchr)
/opt/intelFPGA/18.1/nios2eds/bin/gnu/H-x86_64-pc-linux-gnu/bin/../lib/gcc/nios2-elf/5.3.0/../../../../../H-x86_64-pc-linux-gnu/nios2-elf/lib/libc.a(lib_a-memcpy.o)
                              /opt/intelFPGA/18.1/nios2eds/bin/gnu/H-x86_64-pc-linux-gnu/bin/../lib/gcc/nios2-elf/5.3.0/../../../../../H-x86_64-pc-linux-gnu/nios2-elf/lib/libc.a(lib_a-fvwrite.o) (memcpy)
/opt/intelFPGA/18.1/nios2eds/bin/gnu/H-x86_64-pc-linux-gnu/bin/../lib/gcc/nios2-elf/5.3.0/../../../../../H-x86_64-pc-linux-gnu/nios2-elf/lib/libc.a(lib_a-memmove.o)
                              /opt/intelFPGA/18.1/nios2eds/bin/gnu/H-x86_64-pc-linux-gnu/bin/../lib/gcc/nios2-elf/5.3.0/../../../../../H-x86_64-pc-linux-gnu/nios2-elf/lib/libc.a(lib_a-fvwrite.o) (memmove)
/opt/intelFPGA/18.1/nios2eds/bin/gnu/H-x86_64-pc-linux-gnu/bin/../lib/gcc/nios2-elf/5.3.0/../../../../../H-x86_64-pc-linux-gnu/nios2-elf/lib/libc.a(lib_a-memset.o)
                              /opt/intelFPGA/18.1/nios2eds/bin/gnu/H-x86_64-pc-linux-gnu/bin/../lib/gcc/nios2-elf/5.3.0/../../../../../H-x86_64-pc-linux-gnu/nios2-elf/lib/libc.a(lib_a-findfp.o) (memset)
/opt/intelFPGA/18.1/nios2eds/bin/gnu/H-x86_64-pc-linux-gnu/bin/../lib/gcc/nios2-elf/5.3.0/../../../../../H-x86_64-pc-linux-gnu/nios2-elf/lib/libc.a(lib_a-reallocr.o)
                              /opt/intelFPGA/18.1/nios2eds/bin/gnu/H-x86_64-pc-linux-gnu/bin/../lib/gcc/nios2-elf/5.3.0/../../../../../H-x86_64-pc-linux-gnu/nios2-elf/lib/libc.a(lib_a-fvwrite.o) (_realloc_r)
/opt/intelFPGA/18.1/nios2eds/bin/gnu/H-x86_64-pc-linux-gnu/bin/../lib/gcc/nios2-elf/5.3.0/../../../../../H-x86_64-pc-linux-gnu/nios2-elf/lib/libc.a(lib_a-sbrkr.o)
                              /opt/intelFPGA/18.1/nios2eds/bin/gnu/H-x86_64-pc-linux-gnu/bin/../lib/gcc/nios2-elf/5.3.0/../../../../../H-x86_64-pc-linux-gnu/nios2-elf/lib/libc.a(lib_a-mallocr.o) (_sbrk_r)
/opt/intelFPGA/18.1/nios2eds/bin/gnu/H-x86_64-pc-linux-gnu/bin/../lib/gcc/nios2-elf/5.3.0/../../../../../H-x86_64-pc-linux-gnu/nios2-elf/lib/libc.a(lib_a-stdio.o)
[...]
Memory Configuration

Name             Origin             Length             Attributes
reset            0x0000000000020000 0x0000000000000020
onchip_memory2_0 0x0000000000020020 0x000000000001ffe0
*default*        0x0000000000000000 0xffffffffffffffff

Linker script and memory map

LOAD /home/vm/Desktop/shared/fpga_parallel/sw/nios/fpga_parallel_bsp//obj/HAL/src/crt0.o
LOAD obj/default/hello_world.o
LOAD /opt/intelFPGA/18.1/nios2eds/bin/gnu/H-x86_64-pc-linux-gnu/bin/../lib/gcc/nios2-elf/5.3.0/../../../../../H-x86_64-pc-linux-gnu/nios2-elf/lib/libstdc++.a
LOAD /opt/intelFPGA/18.1/nios2eds/bin/gnu/H-x86_64-pc-linux-gnu/bin/../lib/gcc/nios2-elf/5.3.0/../../../../../H-x86_64-pc-linux-gnu/nios2-elf/lib/libm.a
LOAD /opt/intelFPGA/18.1/nios2eds/bin/gnu/H-x86_64-pc-linux-gnu/bin/../lib/gcc/nios2-elf/5.3.0/libgcc.a
START GROUP
LOAD /opt/intelFPGA/18.1/nios2eds/bin/gnu/H-x86_64-pc-linux-gnu/bin/../lib/gcc/nios2-elf/5.3.0/../../../../../H-x86_64-pc-linux-gnu/nios2-elf/lib/libc.a
LOAD /opt/intelFPGA/18.1/nios2eds/bin/gnu/H-x86_64-pc-linux-gnu/bin/../lib/gcc/nios2-elf/5.3.0/libgcc.a
LOAD /home/vm/Desktop/shared/fpga_parallel/sw/nios/fpga_parallel_bsp//libhal_bsp.a
LOAD /opt/intelFPGA/18.1/nios2eds/bin/gnu/H-x86_64-pc-linux-gnu/bin/../lib/gcc/nios2-elf/5.3.0/../../../../../H-x86_64-pc-linux-gnu/nios2-elf/lib/libm.a
END GROUP
LOAD /opt/intelFPGA/18.1/nios2eds/bin/gnu/H-x86_64-pc-linux-gnu/bin/../lib/gcc/nios2-elf/5.3.0/libgcc.a
                0x0000000000020000                __alt_mem_onchip_memory2_0 = 0x20000

.entry          0x0000000000020000       0x20
 *(.entry)
 .entry         0x0000000000020000       0x20 /home/vm/Desktop/shared/fpga_parallel/sw/nios/fpga_parallel_bsp//obj/HAL/src/crt0.o
                0x0000000000020000                __reset

.exceptions     0x0000000000020020      0x224
                0x0000000000020020                PROVIDE (__ram_exceptions_start, ABSOLUTE (.))
                0x0000000000020020                . = ALIGN (0x20)
 *(.irq)
 *(.exceptions.entry.label)
 .exceptions.entry.label
                0x0000000000020020        0x0 /home/vm/Desktop/shared/fpga_parallel/sw/nios/fpga_parallel_bsp//libhal_bsp.a(alt_irq_entry.o)
                0x0000000000020020                alt_irq_entry
 .exceptions.entry.label
                0x0000000000020020        0x0 /home/vm/Desktop/shared/fpga_parallel/sw/nios/fpga_parallel_bsp//libhal_bsp.a(alt_exception_entry.o)
                0x0000000000020020                alt_exception
 *(.exceptions.entry.user)
 *(.exceptions.entry.ecc_fatal)
 *(.exceptions.entry)
 .exceptions.entry
                0x0000000000020020       0x54 /home/vm/Desktop/shared/fpga_parallel/sw/nios/fpga_parallel_bsp//libhal_bsp.a(alt_exception_entry.o)
 *(.exceptions.irqtest.user)
 *(.exceptions.irqtest)
 .exceptions.irqtest
                0x0000000000020074       0x10 /home/vm/Desktop/shared/fpga_parallel/sw/nios/fpga_parallel_bsp//libhal_bsp.a(alt_irq_entry.o)
 *(.exceptions.irqhandler.user)
 *(.exceptions.irqhandler)
 .exceptions.irqhandler
                0x0000000000020084        0x4 /home/vm/Desktop/shared/fpga_parallel/sw/nios/fpga_parallel_bsp//libhal_bsp.a(alt_irq_entry.o)
 *(.exceptions.irqreturn.user)
 *(.exceptions.irqreturn)
 .exceptions.irqreturn
                0x0000000000020088        0x4 /home/vm/Desktop/shared/fpga_parallel/sw/nios/fpga_parallel_bsp//libhal_bsp.a(alt_irq_entry.o)
 *(.exceptions.notirq.label)
 .exceptions.notirq.label
                0x000000000002008c        0x0 /home/vm/Desktop/shared/fpga_parallel/sw/nios/fpga_parallel_bsp//libhal_bsp.a(alt_irq_entry.o)
 *(.exceptions.notirq.user)
 *(.exceptions.notirq)
 .exceptions.notirq
                0x000000000002008c        0x8 /home/vm/Desktop/shared/fpga_parallel/sw/nios/fpga_parallel_bsp//libhal_bsp.a(alt_exception_entry.o)
 *(.exceptions.soft.user)
 *(.exceptions.soft)
 *(.exceptions.unknown.user)
 *(.exceptions.unknown)
 .exceptions.unknown
                0x0000000000020094       0x14 /home/vm/Desktop/shared/fpga_parallel/sw/nios/fpga_parallel_bsp//libhal_bsp.a(alt_exception_entry.o)
 *(.exceptions.exit.label)
 .exceptions.exit.label
                0x00000000000200a8        0x0 /home/vm/Desktop/shared/fpga_parallel/sw/nios/fpga_parallel_bsp//libhal_bsp.a(alt_irq_entry.o)
 .exceptions.exit.label
                0x00000000000200a8        0x0 /home/vm/Desktop/shared/fpga_parallel/sw/nios/fpga_parallel_bsp//libhal_bsp.a(alt_exception_entry.o)
 *(.exceptions.exit.user)
 *(.exceptions.exit)
 .exceptions.exit
                0x00000000000200a8       0x54 /home/vm/Desktop/shared/fpga_parallel/sw/nios/fpga_parallel_bsp//libhal_bsp.a(alt_exception_entry.o)
 *(.exceptions)
 .exceptions    0x00000000000200fc       0xd4 /home/vm/Desktop/shared/fpga_parallel/sw/nios/fpga_parallel_bsp//libhal_bsp.a(alt_irq_handler.o)
                0x00000000000200fc                alt_irq_handler
 .exceptions    0x00000000000201d0       0x74 /home/vm/Desktop/shared/fpga_parallel/sw/nios/fpga_parallel_bsp//libhal_bsp.a(alt_instruction_exception_entry.o)
                0x00000000000201d0                alt_instruction_exception_entry
                0x0000000000020244                PROVIDE (__ram_exceptions_end, ABSOLUTE (.))
                0x0000000000020020                PROVIDE (__flash_exceptions_start, LOADADDR (.exceptions))

.text           0x0000000000020244     0x5594
                [!provide]                        PROVIDE (stext, ABSOLUTE (.))
 *(.interp)
 *(.hash)
 *(.dynsym)
 *(.dynstr)
 *(.gnu.version)
 *(.gnu.version_d)
 *(.gnu.version_r)
 *(.rel.init)
 *(.rela.init)
 *(.rel.text .rel.text.* .rel.gnu.linkonce.t.*)
 *(.rela.text .rela.text.* .rela.gnu.linkonce.t.*)
 *(.rel.fini)
 *(.rela.fini)
 *(.rel.rodata .rel.rodata.* .rel.gnu.linkonce.r.*)
 *(.rela.rodata .rela.rodata.* .rela.gnu.linkonce.r.*)
 *(.rel.data .rel.data.* .rel.gnu.linkonce.d.*)
 *(.rela.data .rela.data.* .rela.gnu.linkonce.d.*)
 *(.rel.tdata .rel.tdata.* .rel.gnu.linkonce.td.*)
 *(.rela.tdata .rela.tdata.* .rela.gnu.linkonce.td.*)
 *(.rel.tbss .rel.tbss.* .rel.gnu.linkonce.tb.*)
 *(.rela.tbss .rela.tbss.* .rela.gnu.linkonce.tb.*)
 *(.rel.ctors)
 *(.rela.ctors)
 *(.rel.dtors)
 *(.rela.dtors)
 *(.rel.got)
 *(.rela.got)
 *(.rel.sdata .rel.sdata.* .rel.gnu.linkonce.s.*)
 *(.rela.sdata .rela.sdata.* .rela.gnu.linkonce.s.*)
 *(.rel.sbss .rel.sbss.* .rel.gnu.linkonce.sb.*)
 *(.rela.sbss .rela.sbss.* .rela.gnu.linkonce.sb.*)
 *(.rel.sdata2 .rel.sdata2.* .rel.gnu.linkonce.s2.*)
 *(.rela.sdata2 .rela.sdata2.* .rela.gnu.linkonce.s2.*)
 *(.rel.sbss2 .rel.sbss2.* .rel.gnu.linkonce.sb2.*)
 *(.rela.sbss2 .rela.sbss2.* .rela.gnu.linkonce.sb2.*)
 *(.rel.bss .rel.bss.* .rel.gnu.linkonce.b.*)
 *(.rela.bss .rela.bss.* .rela.gnu.linkonce.b.*)
 *(.rel.plt)
 *(.rela.plt)
 *(.rel.dyn)
 *(.init)
 *(.plt)
 *(.text .stub .text.* .gnu.linkonce.t.*)
 .text          0x0000000000020244       0x4c /home/vm/Desktop/shared/fpga_parallel/sw/nios/fpga_parallel_bsp//obj/HAL/src/crt0.o
                0x0000000000020244                _start
 .text          0x0000000000020290       0xe0 obj/default/hello_world.o
                0x0000000000020290                main
 .text          0x0000000000020370        0x0 /opt/intelFPGA/18.1/nios2eds/bin/gnu/H-x86_64-pc-linux-gnu/bin/../lib/gcc/nios2-elf/5.3.0/../../../../../H-x86_64-pc-linux-gnu/nios2-elf/lib/libc.a(lib_a-puts.o)
 .text._puts_r  0x0000000000020370       0xc0 /opt/intelFPGA/18.1/nios2eds/bin/gnu/H-x86_64-pc-linux-gnu/bin/../lib/gcc/nios2-elf/5.3.0/../../../../../H-x86_64-pc-linux-gnu/nios2-elf/lib/libc.a(lib_a-puts.o)
                0x0000000000020370                _puts_r
 .text.puts     0x0000000000020430       0x14 /opt/intelFPGA/18.1/nios2eds/bin/gnu/H-x86_64-pc-linux-gnu/bin/../lib/gcc/nios2-elf/5.3.0/../../../../../H-x86_64-pc-linux-gnu/nios2-elf/lib/libc.a(lib_a-puts.o)
                0x0000000000020430                puts
 .text          0x0000000000020444        0x0 /opt/intelFPGA/18.1/nios2eds/bin/gnu/H-x86_64-pc-linux-gnu/bin/../lib/gcc/nios2-elf/5.3.0/../../../../../H-x86_64-pc-linux-gnu/nios2-elf/lib/libc.a(lib_a-strlen.o)
 .text.strlen   0x0000000000020444       0x98 /opt/intelFPGA/18.1/nios2eds/bin/gnu/H-x86_64-pc-linux-gnu/bin/../lib/gcc/nios2-elf/5.3.0/../../../../../H-x86_64-pc-linux-gnu/nios2-elf/lib/libc.a(lib_a-strlen.o)
                0x0000000000020444                strlen
 .text          0x00000000000204dc        0x0 /opt/intelFPGA/18.1/nios2eds/bin/gnu/H-x86_64-pc-linux-gnu/bin/../lib/gcc/nios2-elf/5.3.0/../../../../../H-x86_64-pc-linux-gnu/nios2-elf/lib/libc.a(lib_a-findfp.o)
 .text.__fp_unlock
                0x00000000000204dc        0x8 /opt/intelFPGA/18.1/nios2eds/bin/gnu/H-x86_64-pc-linux-gnu/bin/../lib/gcc/nios2-elf/5.3.0/../../../../../H-x86_64-pc-linux-gnu/nios2-elf/lib/libc.a(lib_a-findfp.o)
 .text._cleanup_r
                0x00000000000204e4        0xc /opt/intelFPGA/18.1/nios2eds/bin/gnu/H-x86_64-pc-linux-gnu/bin/../lib/gcc/nios2-elf/5.3.0/../../../../../H-x86_64-pc-linux-gnu/nios2-elf/lib/libc.a(lib_a-findfp.o)
                0x00000000000204e4                _cleanup_r
 .text.__sinit.part.1
                0x00000000000204f0      0x19c /opt/intelFPGA/18.1/nios2eds/bin/gnu/H-x86_64-pc-linux-gnu/bin/../lib/gcc/nios2-elf/5.3.0/../../../../../H-x86_64-pc-linux-gnu/nios2-elf/lib/libc.a(lib_a-findfp.o)
 .text.__fp_lock
                0x000000000002068c        0x8 /opt/intelFPGA/18.1/nios2eds/bin/gnu/H-x86_64-pc-linux-gnu/bin/../lib/gcc/nios2-elf/5.3.0/../../../../../H-x86_64-pc-linux-gnu/nios2-elf/lib/libc.a(lib_a-findfp.o)
 .text.__sfmoreglue
                0x0000000000020694       0x68 /opt/intelFPGA/18.1/nios2eds/bin/gnu/H-x86_64-pc-linux-gnu/bin/../lib/gcc/nios2-elf/5.3.0/../../../../../H-x86_64-pc-linux-gnu/nios2-elf/lib/libc.a(lib_a-findfp.o)
                0x0000000000020694                __sfmoreglue
 .text.__sfp    0x00000000000206fc      0x118 /opt/intelFPGA/18.1/nios2eds/bin/gnu/H-x86_64-pc-linux-gnu/bin/../lib/gcc/nios2-elf/5.3.0/../../../../../H-x86_64-pc-linux-gnu/nios2-elf/lib/libc.a(lib_a-findfp.o)
                0x00000000000206fc                __sfp
 .text._cleanup
                0x0000000000020814       0x18 /opt/intelFPGA/18.1/nios2eds/bin/gnu/H-x86_64-pc-linux-gnu/bin/../lib/gcc/nios2-elf/5.3.0/../../../../../H-x86_64-pc-linux-gnu/nios2-elf/lib/libc.a(lib_a-findfp.o)
                0x0000000000020814                _cleanup
 .text.__sinit  0x000000000002082c       0x10 /opt/intelFPGA/18.1/nios2eds/bin/gnu/H-x86_64-pc-linux-gnu/bin/../lib/gcc/nios2-elf/5.3.0/../../../../../H-x86_64-pc-linux-gnu/nios2-elf/lib/libc.a(lib_a-findfp.o)
                0x000000000002082c                __sinit
 .text.__sfp_lock_acquire
                0x000000000002083c        0x4 /opt/intelFPGA/18.1/nios2eds/bin/gnu/H-x86_64-pc-linux-gnu/bin/../lib/gcc/nios2-elf/5.3.0/../../../../../H-x86_64-pc-linux-gnu/nios2-elf/lib/libc.a(lib_a-findfp.o)
                0x000000000002083c                __sfp_lock_acquire
 .text.__sfp_lock_release
                0x0000000000020840        0x4 /opt/intelFPGA/18.1/nios2eds/bin/gnu/H-x86_64-pc-linux-gnu/bin/../lib/gcc/nios2-elf/5.3.0/../../../../../H-x86_64-pc-linux-gnu/nios2-elf/lib/libc.a(lib_a-findfp.o)
                0x0000000000020840                __sfp_lock_release
 .text.__sinit_lock_acquire
                0x0000000000020844        0x4 /opt/intelFPGA/18.1/nios2eds/bin/gnu/H-x86_64-pc-linux-gnu/bin/../lib/gcc/nios2-elf/5.3.0/../../../../../H-x86_64-pc-linux-gnu/nios2-elf/lib/libc.a(lib_a-findfp.o)
                0x0000000000020844                __sinit_lock_acquire
 .text.__sinit_lock_release
                0x0000000000020848        0x4 /opt/intelFPGA/18.1/nios2eds/bin/gnu/H-x86_64-pc-linux-gnu/bin/../lib/gcc/nios2-elf/5.3.0/../../../../../H-x86_64-pc-linux-gnu/nios2-elf/lib/libc.a(lib_a-findfp.o)
                0x0000000000020848                __sinit_lock_release
 .text.__fp_lock_all
                0x000000000002084c       0x18 /opt/intelFPGA/18.1/nios2eds/bin/gnu/H-x86_64-pc-linux-gnu/bin/../lib/gcc/nios2-elf/5.3.0/../../../../../H-x86_64-pc-linux-gnu/nios2-elf/lib/libc.a(lib_a-findfp.o)
                0x000000000002084c                __fp_lock_all
 .text.__fp_unlock_all
                0x0000000000020864       0x18 /opt/intelFPGA/18.1/nios2eds/bin/gnu/H-x86_64-pc-linux-gnu/bin/../lib/gcc/nios2-elf/5.3.0/../../../../../H-x86_64-pc-linux-gnu/nios2-elf/lib/libc.a(lib_a-findfp.o)
                0x0000000000020864                __fp_unlock_all
 .text          0x000000000002087c        0x0 /opt/intelFPGA/18.1/nios2eds/bin/gnu/H-x86_64-pc-linux-gnu/bin/../lib/gcc/nios2-elf/5.3.0/../../../../../H-x86_64-pc-linux-gnu/nios2-elf/lib/libc.a(lib_a-fvwrite.o)
 .text.__sfvwrite_r
                0x000000000002087c      0x4bc /opt/intelFPGA/18.1/nios2eds/bin/gnu/H-x86_64-pc-linux-gnu/bin/../lib/gcc/nios2-elf/5.3.0/../../../../../H-x86_64-pc-linux-gnu/nios2-elf/lib/libc.a(lib_a-fvwrite.o)
                0x000000000002087c                __sfvwrite_r
 .text          0x0000000000020d38        0x0 /opt/intelFPGA/18.1/nios2eds/bin/gnu/H-x86_64-pc-linux-gnu/bin/../lib/gcc/nios2-elf/5.3.0/../../../../../H-x86_64-pc-linux-gnu/nios2-elf/lib/libc.a(lib_a-fwalk.o)
 .text._fwalk   0x0000000000020d38       0xc4 /opt/intelFPGA/18.1/nios2eds/bin/gnu/H-x86_64-pc-linux-gnu/bin/../lib/gcc/nios2-elf/5.3.0/../../../../../H-x86_64-pc-linux-gnu/nios2-elf/lib/libc.a(lib_a-fwalk.o)
                0x0000000000020d38                _fwalk
 .text._fwalk_reent
                0x0000000000020dfc       0xc4 /opt/intelFPGA/18.1/nios2eds/bin/gnu/H-x86_64-pc-linux-gnu/bin/../lib/gcc/nios2-elf/5.3.0/../../../../../H-x86_64-pc-linux-gnu/nios2-elf/lib/libc.a(lib_a-fwalk.o)
                0x0000000000020dfc                _fwalk_reent
 .text          0x0000000000020ec0        0x0 /opt/intelFPGA/18.1/nios2eds/bin/gnu/H-x86_64-pc-linux-gnu/bin/../lib/gcc/nios2-elf/5.3.0/../../../../../H-x86_64-pc-linux-gnu/nios2-elf/lib/libc.a(lib_a-impure.o)
 .text          0x0000000000020ec0        0x0 /opt/intelFPGA/18.1/nios2eds/bin/gnu/H-x86_64-pc-linux-gnu/bin/../lib/gcc/nios2-elf/5.3.0/../../../../../H-x86_64-pc-linux-gnu/nios2-elf/lib/libc.a(lib_a-mallocr.o)
 .text._malloc_r
                0x0000000000020ec0      0x80c /opt/intelFPGA/18.1/nios2eds/bin/gnu/H-x86_64-pc-linux-gnu/bin/../lib/gcc/nios2-elf/5.3.0/../../../../../H-x86_64-pc-linux-gnu/nios2-elf/lib/libc.a(lib_a-mallocr.o)
                0x0000000000020ec0                _malloc_r
 .text          0x00000000000216cc        0x0 /opt/intelFPGA/18.1/nios2eds/bin/gnu/H-x86_64-pc-linux-gnu/bin/../lib/gcc/nios2-elf/5.3.0/../../../../../H-x86_64-pc-linux-gnu/nios2-elf/lib/libc.a(lib_a-memchr.o)
 .text.memchr   0x00000000000216cc       0xe4 /opt/intelFPGA/18.1/nios2eds/bin/gnu/H-x86_64-pc-linux-gnu/bin/../lib/gcc/nios2-elf/5.3.0/../../../../../H-x86_64-pc-linux-gnu/nios2-elf/lib/libc.a(lib_a-memchr.o)
                0x00000000000216cc                memchr
 .text          0x00000000000217b0        0x0 /opt/intelFPGA/18.1/nios2eds/bin/gnu/H-x86_64-pc-linux-gnu/bin/../lib/gcc/nios2-elf/5.3.0/../../../../../H-x86_64-pc-linux-gnu/nios2-elf/lib/libc.a(lib_a-memcpy.o)
 .text.memcpy   0x00000000000217b0      0x148 /opt/intelFPGA/18.1/nios2eds/bin/gnu/H-x86_64-pc-linux-gnu/bin/../lib/gcc/nios2-elf/5.3.0/../../../../../H-x86_64-pc-linux-gnu/nios2-elf/lib/libc.a(lib_a-memcpy.o)
                0x00000000000217b0                memcpy
 .text          0x00000000000218f8        0x0 /opt/intelFPGA/18.1/nios2eds/bin/gnu/H-x86_64-pc-linux-gnu/bin/../lib/gcc/nios2-elf/5.3.0/../../../../../H-x86_64-pc-linux-gnu/nios2-elf/lib/libc.a(lib_a-memmove.o)
 .text.memmove  0x00000000000218f8      0x15c /opt/intelFPGA/18.1/nios2eds/bin/gnu/H-x86_64-pc-linux-gnu/bin/../lib/gcc/nios2-elf/5.3.0/../../../../../H-x86_64-pc-linux-gnu/nios2-elf/lib/libc.a(lib_a-memmove.o)
                0x00000000000218f8                memmove
 .text          0x0000000000021a54        0x0 /opt/intelFPGA/18.1/nios2eds/bin/gnu/H-x86_64-pc-linux-gnu/bin/../lib/gcc/nios2-elf/5.3.0/../../../../../H-x86_64-pc-linux-gnu/nios2-elf/lib/libc.a(lib_a-memset.o)
 .text.memset   0x0000000000021a54      0x128 /opt/intelFPGA/18.1/nios2eds/bin/gnu/H-x86_64-pc-linux-gnu/bin/../lib/gcc/nios2-elf/5.3.0/../../../../../H-x86_64-pc-linux-gnu/nios2-elf/lib/libc.a(lib_a-memset.o)
                0x0000000000021a54                memset
 .text          0x0000000000021b7c        0x0 /opt/intelFPGA/18.1/nios2eds/bin/gnu/H-x86_64-pc-linux-gnu/bin/../lib/gcc/nios2-elf/5.3.0/../../../../../H-x86_64-pc-linux-gnu/nios2-elf/lib/libc.a(lib_a-reallocr.o)
 .text._realloc_r
                0x0000000000021b7c      0x564 /opt/intelFPGA/18.1/nios2eds/bin/gnu/H-x86_64-pc-linux-gnu/bin/../lib/gcc/nios2-elf/5.3.0/../../../../../H-x86_64-pc-linux-gnu/nios2-elf/lib/libc.a(lib_a-reallocr.o)
                0x0000000000021b7c                _realloc_r
 .text          0x00000000000220e0        0x0 /opt/intelFPGA/18.1/nios2eds/bin/gnu/H-x86_64-pc-linux-gnu/bin/../lib/gcc/nios2-elf/5.3.0/../../../../../H-x86_64-pc-linux-gnu/nios2-elf/lib/libc.a(lib_a-sbrkr.o)
 .text._sbrk_r  0x00000000000220e0       0x54 /opt/intelFPGA/18.1/nios2eds/bin/gnu/H-x86_64-pc-linux-gnu/bin/../lib/gcc/nios2-elf/5.3.0/../../../../../H-x86_64-pc-linux-gnu/nios2-elf/lib/libc.a(lib_a-sbrkr.o)
                0x00000000000220e0                _sbrk_r
 .text          0x0000000000022134        0x0 /opt/intelFPGA/18.1/nios2eds/bin/gnu/H-x86_64-pc-linux-gnu/bin/../lib/gcc/nios2-elf/5.3.0/../../../../../H-x86_64-pc-linux-gnu/nios2-elf/lib/libc.a(lib_a-stdio.o)
 .text.__sread  0x0000000000022134       0x54 /opt/intelFPGA/18.1/nios2eds/bin/gnu/H-x86_64-pc-linux-gnu/bin/../lib/gcc/nios2-elf/5.3.0/../../../../../H-x86_64-pc-linux-gnu/nios2-elf/lib/libc.a(lib_a-stdio.o)
                0x0000000000022134                __sread
 .text.__seofread
                0x0000000000022188        0x8 /opt/intelFPGA/18.1/nios2eds/bin/gnu/H-x86_64-pc-linux-gnu/bin/../lib/gcc/nios2-elf/5.3.0/../../../../../H-x86_64-pc-linux-gnu/nios2-elf/lib/libc.a(lib_a-stdio.o)
                0x0000000000022188                __seofread
 .text.__swrite
                0x0000000000022190       0x7c /opt/intelFPGA/18.1/nios2eds/bin/gnu/H-x86_64-pc-linux-gnu/bin/../lib/gcc/nios2-elf/5.3.0/../../../../../H-x86_64-pc-linux-gnu/nios2-elf/lib/libc.a(lib_a-stdio.o)
                0x0000000000022190                __swrite
 .text.__sseek  0x000000000002220c       0x5c /opt/intelFPGA/18.1/nios2eds/bin/gnu/H-x86_64-pc-linux-gnu/bin/../lib/gcc/nios2-elf/5.3.0/../../../../../H-x86_64-pc-linux-gnu/nios2-elf/lib/libc.a(lib_a-stdio.o)
                0x000000000002220c                __sseek
 .text.__sclose
                0x0000000000022268        0x8 /opt/intelFPGA/18.1/nios2eds/bin/gnu/H-x86_64-pc-linux-gnu/bin/../lib/gcc/nios2-elf/5.3.0/../../../../../H-x86_64-pc-linux-gnu/nios2-elf/lib/libc.a(lib_a-stdio.o)
                0x0000000000022268                __sclose
 .text          0x0000000000022270        0x0 /opt/intelFPGA/18.1/nios2eds/bin/gnu/H-x86_64-pc-linux-gnu/bin/../lib/gcc/nios2-elf/5.3.0/../../../../../H-x86_64-pc-linux-gnu/nios2-elf/lib/libc.a(lib_a-writer.o)
 .text._write_r
                0x0000000000022270       0x60 /opt/intelFPGA/18.1/nios2eds/bin/gnu/H-x86_64-pc-linux-gnu/bin/../lib/gcc/nios2-elf/5.3.0/../../../../../H-x86_64-pc-linux-gnu/nios2-elf/lib/libc.a(lib_a-writer.o)
                0x0000000000022270                _write_r
 .text          0x00000000000222d0        0x0 /opt/intelFPGA/18.1/nios2eds/bin/gnu/H-x86_64-pc-linux-gnu/bin/../lib/gcc/nios2-elf/5.3.0/../../../../../H-x86_64-pc-linux-gnu/nios2-elf/lib/libc.a(lib_a-wsetup.o)
 .text.__swsetup_r
                0x00000000000222d0      0x154 /opt/intelFPGA/18.1/nios2eds/bin/gnu/H-x86_64-pc-linux-gnu/bin/../lib/gcc/nios2-elf/5.3.0/../../../../../H-x86_64-pc-linux-gnu/nios2-elf/lib/libc.a(lib_a-wsetup.o)
                0x00000000000222d0                __swsetup_r
 .text          0x0000000000022424        0x0 /opt/intelFPGA/18.1/nios2eds/bin/gnu/H-x86_64-pc-linux-gnu/bin/../lib/gcc/nios2-elf/5.3.0/../../../../../H-x86_64-pc-linux-gnu/nios2-elf/lib/libc.a(closer.o)
 .text._close_r
                0x0000000000022424       0x54 /opt/intelFPGA/18.1/nios2eds/bin/gnu/H-x86_64-pc-linux-gnu/bin/../lib/gcc/nios2-elf/5.3.0/../../../../../H-x86_64-pc-linux-gnu/nios2-elf/lib/libc.a(closer.o)
                0x0000000000022424                _close_r
 .text          0x0000000000022478        0x0 /opt/intelFPGA/18.1/nios2eds/bin/gnu/H-x86_64-pc-linux-gnu/bin/../lib/gcc/nios2-elf/5.3.0/../../../../../H-x86_64-pc-linux-gnu/nios2-elf/lib/libc.a(lib_a-fclose.o)
 .text._fclose_r
                0x0000000000022478       0xf0 /opt/intelFPGA/18.1/nios2eds/bin/gnu/H-x86_64-pc-linux-gnu/bin/../lib/gcc/nios2-elf/5.3.0/../../../../../H-x86_64-pc-linux-gnu/nios2-elf/lib/libc.a(lib_a-fclose.o)
                0x0000000000022478                _fclose_r
 .text.fclose   0x0000000000022568       0x14 /opt/intelFPGA/18.1/nios2eds/bin/gnu/H-x86_64-pc-linux-gnu/bin/../lib/gcc/nios2-elf/5.3.0/../../../../../H-x86_64-pc-linux-gnu/nios2-elf/lib/libc.a(lib_a-fclose.o)
                0x0000000000022568                fclose
 .text          0x000000000002257c        0x0 /opt/intelFPGA/18.1/nios2eds/bin/gnu/H-x86_64-pc-linux-gnu/bin/../lib/gcc/nios2-elf/5.3.0/../../../../../H-x86_64-pc-linux-gnu/nios2-elf/lib/libc.a(lib_a-fflush.o)
 .text.__sflush_r
                0x000000000002257c      0x21c /opt/intelFPGA/18.1/nios2eds/bin/gnu/H-x86_64-pc-linux-gnu/bin/../lib/gcc/nios2-elf/5.3.0/../../../../../H-x86_64-pc-linux-gnu/nios2-elf/lib/libc.a(lib_a-fflush.o)
                0x000000000002257c                __sflush_r
 .text._fflush_r
                0x0000000000022798       0x5c /opt/intelFPGA/18.1/nios2eds/bin/gnu/H-x86_64-pc-linux-gnu/bin/../lib/gcc/nios2-elf/5.3.0/../../../../../H-x86_64-pc-linux-gnu/nios2-elf/lib/libc.a(lib_a-fflush.o)
                0x0000000000022798                _fflush_r
 .text.fflush   0x00000000000227f4       0x30 /opt/intelFPGA/18.1/nios2eds/bin/gnu/H-x86_64-pc-linux-gnu/bin/../lib/gcc/nios2-elf/5.3.0/../../../../../H-x86_64-pc-linux-gnu/nios2-elf/lib/libc.a(lib_a-fflush.o)
                0x00000000000227f4                fflush
 .text          0x0000000000022824        0x0 /opt/intelFPGA/18.1/nios2eds/bin/gnu/H-x86_64-pc-linux-gnu/bin/../lib/gcc/nios2-elf/5.3.0/../../../../../H-x86_64-pc-linux-gnu/nios2-elf/lib/libc.a(lib_a-freer.o)
 .text._malloc_trim_r
                0x0000000000022824      0x124 /opt/intelFPGA/18.1/nios2eds/bin/gnu/H-x86_64-pc-linux-gnu/bin/../lib/gcc/nios2-elf/5.3.0/../../../../../H-x86_64-pc-linux-gnu/nios2-elf/lib/libc.a(lib_a-freer.o)
                0x0000000000022824                _malloc_trim_r
 .text._free_r  0x0000000000022948      0x310 /opt/intelFPGA/18.1/nios2eds/bin/gnu/H-x86_64-pc-linux-gnu/bin/../lib/gcc/nios2-elf/5.3.0/../../../../../H-x86_64-pc-linux-gnu/nios2-elf/lib/libc.a(lib_a-freer.o)
                0x0000000000022948                _free_r
 .text          0x0000000000022c58        0x0 /opt/intelFPGA/18.1/nios2eds/bin/gnu/H-x86_64-pc-linux-gnu/bin/../lib/gcc/nios2-elf/5.3.0/../../../../../H-x86_64-pc-linux-gnu/nios2-elf/lib/libc.a(lib_a-int_errno.o)
 .text          0x0000000000022c58        0x0 /opt/intelFPGA/18.1/nios2eds/bin/gnu/H-x86_64-pc-linux-gnu/bin/../lib/gcc/nios2-elf/5.3.0/../../../../../H-x86_64-pc-linux-gnu/nios2-elf/lib/libc.a(lib_a-lseekr.o)
 .text._lseek_r
                0x0000000000022c58       0x60 /opt/intelFPGA/18.1/nios2eds/bin/gnu/H-x86_64-pc-linux-gnu/bin/../lib/gcc/nios2-elf/5.3.0/../../../../../H-x86_64-pc-linux-gnu/nios2-elf/lib/libc.a(lib_a-lseekr.o)
                0x0000000000022c58                _lseek_r
 .text          0x0000000000022cb8        0x0 /opt/intelFPGA/18.1/nios2eds/bin/gnu/H-x86_64-pc-linux-gnu/bin/../lib/gcc/nios2-elf/5.3.0/../../../../../H-x86_64-pc-linux-gnu/nios2-elf/lib/libc.a(lib_a-makebuf.o)
 .text.__smakebuf_r
                0x0000000000022cb8      0x1bc /opt/intelFPGA/18.1/nios2eds/bin/gnu/H-x86_64-pc-linux-gnu/bin/../lib/gcc/nios2-elf/5.3.0/../../../../../H-x86_64-pc-linux-gnu/nios2-elf/lib/libc.a(lib_a-makebuf.o)
                0x0000000000022cb8                __smakebuf_r
 .text          0x0000000000022e74        0x0 /opt/intelFPGA/18.1/nios2eds/bin/gnu/H-x86_64-pc-linux-gnu/bin/../lib/gcc/nios2-elf/5.3.0/../../../../../H-x86_64-pc-linux-gnu/nios2-elf/lib/libc.a(lib_a-readr.o)
 .text._read_r  0x0000000000022e74       0x60 /opt/intelFPGA/18.1/nios2eds/bin/gnu/H-x86_64-pc-linux-gnu/bin/../lib/gcc/nios2-elf/5.3.0/../../../../../H-x86_64-pc-linux-gnu/nios2-elf/lib/libc.a(lib_a-readr.o)
                0x0000000000022e74                _read_r
 .text          0x0000000000022ed4        0x0 /opt/intelFPGA/18.1/nios2eds/bin/gnu/H-x86_64-pc-linux-gnu/bin/../lib/gcc/nios2-elf/5.3.0/../../../../../H-x86_64-pc-linux-gnu/nios2-elf/lib/libc.a(lib_a-fstatr.o)
 .text._fstat_r
                0x0000000000022ed4       0x5c /opt/intelFPGA/18.1/nios2eds/bin/gnu/H-x86_64-pc-linux-gnu/bin/../lib/gcc/nios2-elf/5.3.0/../../../../../H-x86_64-pc-linux-gnu/nios2-elf/lib/libc.a(lib_a-fstatr.o)
                0x0000000000022ed4                _fstat_r
 .text          0x0000000000022f30        0x0 /opt/intelFPGA/18.1/nios2eds/bin/gnu/H-x86_64-pc-linux-gnu/bin/../lib/gcc/nios2-elf/5.3.0/../../../../../H-x86_64-pc-linux-gnu/nios2-elf/lib/libc.a(lib_a-isattyr.o)
 .text._isatty_r
                0x0000000000022f30       0x54 /opt/intelFPGA/18.1/nios2eds/bin/gnu/H-x86_64-pc-linux-gnu/bin/../lib/gcc/nios2-elf/5.3.0/../../../../../H-x86_64-pc-linux-gnu/nios2-elf/lib/libc.a(lib_a-isattyr.o)
                0x0000000000022f30                _isatty_r
 .text          0x0000000000022f84      0x1b4 /opt/intelFPGA/18.1/nios2eds/bin/gnu/H-x86_64-pc-linux-gnu/bin/../lib/gcc/nios2-elf/5.3.0/libgcc.a(lib2-divmod.o)
                0x0000000000022f84                __divsi3
                0x0000000000023008                __modsi3
                0x000000000002307c                __udivsi3
                0x00000000000230e0                __umodsi3
 .text          0x0000000000023138      0x10c /home/vm/Desktop/shared/fpga_parallel/sw/nios/fpga_parallel_bsp//libhal_bsp.a(alt_close.o)
                0x0000000000023174                close
 .text          0x0000000000023244       0x2c /home/vm/Desktop/shared/fpga_parallel/sw/nios/fpga_parallel_bsp//libhal_bsp.a(alt_dev.o)
 .text          0x0000000000023270        0x0 /home/vm/Desktop/shared/fpga_parallel/sw/nios/fpga_parallel_bsp//libhal_bsp.a(alt_errno.o)
 .text          0x0000000000023270       0xec /home/vm/Desktop/shared/fpga_parallel/sw/nios/fpga_parallel_bsp//libhal_bsp.a(alt_fstat.o)
                0x00000000000232ac                fstat
 .text          0x000000000002335c       0xe0 /home/vm/Desktop/shared/fpga_parallel/sw/nios/fpga_parallel_bsp//libhal_bsp.a(alt_isatty.o)
                0x0000000000023398                isatty
 .text          0x000000000002343c       0xec /home/vm/Desktop/shared/fpga_parallel/sw/nios/fpga_parallel_bsp//libhal_bsp.a(alt_load.o)
                0x00000000000234a4                alt_load
 .text          0x0000000000023528      0x110 /home/vm/Desktop/shared/fpga_parallel/sw/nios/fpga_parallel_bsp//libhal_bsp.a(alt_lseek.o)
                0x0000000000023564                lseek
 .text          0x0000000000023638       0x7c /home/vm/Desktop/shared/fpga_parallel/sw/nios/fpga_parallel_bsp//libhal_bsp.a(alt_main.o)
                0x0000000000023638                alt_main
 .text          0x00000000000236b4       0x48 /home/vm/Desktop/shared/fpga_parallel/sw/nios/fpga_parallel_bsp//libhal_bsp.a(alt_malloc_lock.o)
                0x00000000000236b4                __malloc_lock
                0x00000000000236d8                __malloc_unlock
 .text          0x00000000000236fc      0x138 /home/vm/Desktop/shared/fpga_parallel/sw/nios/fpga_parallel_bsp//libhal_bsp.a(alt_read.o)
                0x0000000000023738                read
 .text          0x0000000000023834       0x64 /home/vm/Desktop/shared/fpga_parallel/sw/nios/fpga_parallel_bsp//libhal_bsp.a(alt_release_fd.o)
                0x0000000000023834                alt_release_fd
 .text          0x0000000000023898       0xb0 /home/vm/Desktop/shared/fpga_parallel/sw/nios/fpga_parallel_bsp//libhal_bsp.a(alt_sbrk.o)
                0x0000000000023898                sbrk
 .text          0x0000000000023948      0x134 /home/vm/Desktop/shared/fpga_parallel/sw/nios/fpga_parallel_bsp//libhal_bsp.a(alt_write.o)
                0x0000000000023984                write
 .text          0x0000000000023a7c       0xb4 /home/vm/Desktop/shared/fpga_parallel/sw/nios/fpga_parallel_bsp//libhal_bsp.a(alt_sys_init.o)
                0x0000000000023ab0                alt_irq_init
                0x0000000000023ae8                alt_sys_init
 .text          0x0000000000023b30      0x164 /home/vm/Desktop/shared/fpga_parallel/sw/nios/fpga_parallel_bsp//libhal_bsp.a(altera_avalon_jtag_uart_fd.o)
                0x0000000000023b30                altera_avalon_jtag_uart_read_fd
                0x0000000000023b90                altera_avalon_jtag_uart_write_fd
                0x0000000000023bf0                altera_avalon_jtag_uart_close_fd
                0x0000000000023c40                altera_avalon_jtag_uart_ioctl_fd
 .text          0x0000000000023c94      0x3d4 /home/vm/Desktop/shared/fpga_parallel/sw/nios/fpga_parallel_bsp//libhal_bsp.a(altera_avalon_jtag_uart_init.o)
                0x0000000000023c94                altera_avalon_jtag_uart_init
                0x0000000000024000                altera_avalon_jtag_uart_close
 .text          0x0000000000024068       0xf0 /home/vm/Desktop/shared/fpga_parallel/sw/nios/fpga_parallel_bsp//libhal_bsp.a(altera_avalon_jtag_uart_ioctl.o)
                0x0000000000024068                altera_avalon_jtag_uart_ioctl
 .text          0x0000000000024158      0x21c /home/vm/Desktop/shared/fpga_parallel/sw/nios/fpga_parallel_bsp//libhal_bsp.a(altera_avalon_jtag_uart_read.o)
                0x0000000000024158                altera_avalon_jtag_uart_read
 .text          0x0000000000024374      0x224 /home/vm/Desktop/shared/fpga_parallel/sw/nios/fpga_parallel_bsp//libhal_bsp.a(altera_avalon_jtag_uart_write.o)
                0x0000000000024374                altera_avalon_jtag_uart_write
 .text          0x0000000000024598      0x12c /home/vm/Desktop/shared/fpga_parallel/sw/nios/fpga_parallel_bsp//libhal_bsp.a(alt_alarm_start.o)
                0x0000000000024598                alt_alarm_start
 .text          0x00000000000246c4       0x48 /home/vm/Desktop/shared/fpga_parallel/sw/nios/fpga_parallel_bsp//libhal_bsp.a(alt_dcache_flush_all.o)
                0x00000000000246c4                alt_dcache_flush_all
 .text          0x000000000002470c       0xe0 /home/vm/Desktop/shared/fpga_parallel/sw/nios/fpga_parallel_bsp//libhal_bsp.a(alt_dev_llist_insert.o)
                0x0000000000024748                alt_dev_llist_insert
 .text          0x00000000000247ec       0x60 /home/vm/Desktop/shared/fpga_parallel/sw/nios/fpga_parallel_bsp//libhal_bsp.a(alt_do_ctors.o)
                0x00000000000247ec                _do_ctors
 .text          0x000000000002484c       0x60 /home/vm/Desktop/shared/fpga_parallel/sw/nios/fpga_parallel_bsp//libhal_bsp.a(alt_do_dtors.o)
                0x000000000002484c                _do_dtors
 .text          0x00000000000248ac       0x34 /home/vm/Desktop/shared/fpga_parallel/sw/nios/fpga_parallel_bsp//libhal_bsp.a(alt_icache_flush_all.o)
                0x00000000000248ac                alt_icache_flush_all
 .text          0x00000000000248e0      0x1b0 /home/vm/Desktop/shared/fpga_parallel/sw/nios/fpga_parallel_bsp//libhal_bsp.a(alt_iic.o)
                0x00000000000248e0                alt_ic_isr_register
                0x0000000000024930                alt_ic_irq_enable
                0x00000000000249b8                alt_ic_irq_disable
                0x0000000000024a44                alt_ic_irq_enabled
 .text          0x0000000000024a90       0xf0 /home/vm/Desktop/shared/fpga_parallel/sw/nios/fpga_parallel_bsp//libhal_bsp.a(alt_iic_isr_register.o)
                0x0000000000024a90                alt_iic_isr_register
 .text          0x0000000000024b80      0x140 /home/vm/Desktop/shared/fpga_parallel/sw/nios/fpga_parallel_bsp//libhal_bsp.a(alt_io_redirect.o)
                0x0000000000024c44                alt_io_redirect
 .text          0x0000000000024cc0        0x0 /home/vm/Desktop/shared/fpga_parallel/sw/nios/fpga_parallel_bsp//libhal_bsp.a(alt_irq_entry.o)
 .text          0x0000000000024cc0        0x0 /home/vm/Desktop/shared/fpga_parallel/sw/nios/fpga_parallel_bsp//libhal_bsp.a(alt_irq_handler.o)
 .text          0x0000000000024cc0        0x0 /home/vm/Desktop/shared/fpga_parallel/sw/nios/fpga_parallel_bsp//libhal_bsp.a(alt_irq_vars.o)
 .text          0x0000000000024cc0      0x254 /home/vm/Desktop/shared/fpga_parallel/sw/nios/fpga_parallel_bsp//libhal_bsp.a(alt_open.o)
                0x0000000000024dc0                open
 .text          0x0000000000024f14      0x1a4 /home/vm/Desktop/shared/fpga_parallel/sw/nios/fpga_parallel_bsp//libhal_bsp.a(alt_tick.o)
                0x0000000000024f14                alt_alarm_stop
                0x0000000000024fb0                alt_tick
 .text          0x00000000000250b8       0x24 /home/vm/Desktop/shared/fpga_parallel/sw/nios/fpga_parallel_bsp//libhal_bsp.a(altera_nios2_gen2_irq.o)
                0x00000000000250b8                altera_nios2_gen2_irq_init
 .text          0x00000000000250dc        0x0 /home/vm/Desktop/shared/fpga_parallel/sw/nios/fpga_parallel_bsp//libhal_bsp.a(alt_exception_entry.o)
 .text          0x00000000000250dc       0x90 /home/vm/Desktop/shared/fpga_parallel/sw/nios/fpga_parallel_bsp//libhal_bsp.a(alt_find_dev.o)
                0x00000000000250dc                alt_find_dev
 .text          0x000000000002516c      0x108 /home/vm/Desktop/shared/fpga_parallel/sw/nios/fpga_parallel_bsp//libhal_bsp.a(alt_find_file.o)
                0x000000000002516c                alt_find_file
 .text          0x0000000000025274       0xa4 /home/vm/Desktop/shared/fpga_parallel/sw/nios/fpga_parallel_bsp//libhal_bsp.a(alt_get_fd.o)
                0x0000000000025274                alt_get_fd
 .text          0x0000000000025318       0x90 /home/vm/Desktop/shared/fpga_parallel/sw/nios/fpga_parallel_bsp//libhal_bsp.a(alt_icache_flush.o)
                0x0000000000025318                alt_icache_flush
 .text          0x00000000000253a8       0x9c /home/vm/Desktop/shared/fpga_parallel/sw/nios/fpga_parallel_bsp//libhal_bsp.a(alt_instruction_exception_entry.o)
                0x00000000000253a8                alt_exception_cause_generated_bad_addr
 .text          0x0000000000025444        0x0 /opt/intelFPGA/18.1/nios2eds/bin/gnu/H-x86_64-pc-linux-gnu/bin/../lib/gcc/nios2-elf/5.3.0/../../../../../H-x86_64-pc-linux-gnu/nios2-elf/lib/libc.a(lib_a-atexit.o)
 .text.atexit   0x0000000000025444       0x14 /opt/intelFPGA/18.1/nios2eds/bin/gnu/H-x86_64-pc-linux-gnu/bin/../lib/gcc/nios2-elf/5.3.0/../../../../../H-x86_64-pc-linux-gnu/nios2-elf/lib/libc.a(lib_a-atexit.o)
                0x0000000000025444                atexit
 .text          0x0000000000025458        0x0 /opt/intelFPGA/18.1/nios2eds/bin/gnu/H-x86_64-pc-linux-gnu/bin/../lib/gcc/nios2-elf/5.3.0/../../../../../H-x86_64-pc-linux-gnu/nios2-elf/lib/libc.a(lib_a-exit.o)
 .text.exit     0x0000000000025458       0x38 /opt/intelFPGA/18.1/nios2eds/bin/gnu/H-x86_64-pc-linux-gnu/bin/../lib/gcc/nios2-elf/5.3.0/../../../../../H-x86_64-pc-linux-gnu/nios2-elf/lib/libc.a(lib_a-exit.o)
                0x0000000000025458                exit
 .text          0x0000000000025490        0x0 /opt/intelFPGA/18.1/nios2eds/bin/gnu/H-x86_64-pc-linux-gnu/bin/../lib/gcc/nios2-elf/5.3.0/../../../../../H-x86_64-pc-linux-gnu/nios2-elf/lib/libc.a(lib_a-memcmp.o)
 .text.memcmp   0x0000000000025490       0x7c /opt/intelFPGA/18.1/nios2eds/bin/gnu/H-x86_64-pc-linux-gnu/bin/../lib/gcc/nios2-elf/5.3.0/../../../../../H-x86_64-pc-linux-gnu/nios2-elf/lib/libc.a(lib_a-memcmp.o)
                0x0000000000025490                memcmp
 .text          0x000000000002550c        0x0 /opt/intelFPGA/18.1/nios2eds/bin/gnu/H-x86_64-pc-linux-gnu/bin/../lib/gcc/nios2-elf/5.3.0/../../../../../H-x86_64-pc-linux-gnu/nios2-elf/lib/libc.a(lib_a-__atexit.o)
 .text.__register_exitproc
                0x000000000002550c      0x118 /opt/intelFPGA/18.1/nios2eds/bin/gnu/H-x86_64-pc-linux-gnu/bin/../lib/gcc/nios2-elf/5.3.0/../../../../../H-x86_64-pc-linux-gnu/nios2-elf/lib/libc.a(lib_a-__atexit.o)
                0x000000000002550c                __register_exitproc
 .text          0x0000000000025624        0x0 /opt/intelFPGA/18.1/nios2eds/bin/gnu/H-x86_64-pc-linux-gnu/bin/../lib/gcc/nios2-elf/5.3.0/../../../../../H-x86_64-pc-linux-gnu/nios2-elf/lib/libc.a(lib_a-__call_atexit.o)
 .text.__call_exitprocs
                0x0000000000025624      0x180 /opt/intelFPGA/18.1/nios2eds/bin/gnu/H-x86_64-pc-linux-gnu/bin/../lib/gcc/nios2-elf/5.3.0/../../../../../H-x86_64-pc-linux-gnu/nios2-elf/lib/libc.a(lib_a-__call_atexit.o)
                0x0000000000025624                __call_exitprocs
 .text          0x00000000000257a4       0x34 /home/vm/Desktop/shared/fpga_parallel/sw/nios/fpga_parallel_bsp//libhal_bsp.a(alt_exit.o)
                0x00000000000257a4                _exit
 *(.gnu.warning.*)
 *(.fini)
                [!provide]                        PROVIDE (__etext, ABSOLUTE (.))
                [!provide]                        PROVIDE (_etext, ABSOLUTE (.))
                [!provide]                        PROVIDE (etext, ABSOLUTE (.))
 *(.eh_frame_hdr)
                0x00000000000257d8                . = ALIGN (0x4)
                [!provide]                        PROVIDE (__preinit_array_start, ABSOLUTE (.))
 *(.preinit_array)
                [!provide]                        PROVIDE (__preinit_array_end, ABSOLUTE (.))
                [!provide]                        PROVIDE (__init_array_start, ABSOLUTE (.))
 *(.init_array)
                [!provide]                        PROVIDE (__init_array_end, ABSOLUTE (.))
                [!provide]                        PROVIDE (__fini_array_start, ABSOLUTE (.))
 *(.fini_array)
                [!provide]                        PROVIDE (__fini_array_end, ABSOLUTE (.))
 *(.eh_frame)
 *(.gcc_except_table .gcc_except_table.*)
 *(.dynamic)
                0x00000000000257d8                PROVIDE (__CTOR_LIST__, ABSOLUTE (.))
 *(.ctors)
 *(SORT(.ctors.*))
                0x00000000000257d8                PROVIDE (__CTOR_END__, ABSOLUTE (.))
                0x00000000000257d8                PROVIDE (__DTOR_LIST__, ABSOLUTE (.))
 *(.dtors)
 *(SORT(.dtors.*))
                0x00000000000257d8                PROVIDE (__DTOR_END__, ABSOLUTE (.))
 *(.jcr)
                0x00000000000257d8                . = ALIGN (0x4)

.rodata         0x00000000000257d8       0x50
                0x00000000000257d8                PROVIDE (__ram_rodata_start, ABSOLUTE (.))
                0x00000000000257d8                . = ALIGN (0x4)
 *(.rodata .rodata.* .gnu.linkonce.r.*)
 .rodata        0x00000000000257d8       0x14 obj/default/hello_world.o
 .rodata.str1.4
                0x00000000000257ec        0x2 /opt/intelFPGA/18.1/nios2eds/bin/gnu/H-x86_64-pc-linux-gnu/bin/../lib/gcc/nios2-elf/5.3.0/../../../../../H-x86_64-pc-linux-gnu/nios2-elf/lib/libc.a(lib_a-puts.o)
 *fill*         0x00000000000257ee        0x2 
 .rodata.str1.4
                0x00000000000257f0        0x4 /opt/intelFPGA/18.1/nios2eds/bin/gnu/H-x86_64-pc-linux-gnu/bin/../lib/gcc/nios2-elf/5.3.0/../../../../../H-x86_64-pc-linux-gnu/nios2-elf/lib/libc.a(lib_a-impure.o)
                                          0x2 (size before relaxing)
 .rodata        0x00000000000257f4        0xa /home/vm/Desktop/shared/fpga_parallel/sw/nios/fpga_parallel_bsp//libhal_bsp.a(alt_dev.o)
 *fill*         0x00000000000257fe        0x2 
 .rodata        0x0000000000025800       0x11 /home/vm/Desktop/shared/fpga_parallel/sw/nios/fpga_parallel_bsp//libhal_bsp.a(alt_main.o)
 *fill*         0x0000000000025811        0x3 
 .rodata        0x0000000000025814       0x11 /home/vm/Desktop/shared/fpga_parallel/sw/nios/fpga_parallel_bsp//libhal_bsp.a(alt_sys_init.o)
 *(.rodata1)
                0x0000000000025828                . = ALIGN (0x4)
 *fill*         0x0000000000025825        0x3 
                0x0000000000025828                PROVIDE (__ram_rodata_end, ABSOLUTE (.))
                0x00000000000257d8                PROVIDE (__flash_rodata_start, LOADADDR (.rodata))

.rwdata         0x0000000000025828     0x1a6c load address 0x0000000000027294
                0x0000000000025828                PROVIDE (__ram_rwdata_start, ABSOLUTE (.))
                0x0000000000025828                . = ALIGN (0x4)
 *(.got.plt)
 *(.got)
 *(.data1)
 *(.data .data.* .gnu.linkonce.d.*)
 .data          0x0000000000025828        0x0 /home/vm/Desktop/shared/fpga_parallel/sw/nios/fpga_parallel_bsp//obj/HAL/src/crt0.o
 .data          0x0000000000025828        0x0 obj/default/hello_world.o
 .data          0x0000000000025828        0x0 /opt/intelFPGA/18.1/nios2eds/bin/gnu/H-x86_64-pc-linux-gnu/bin/../lib/gcc/nios2-elf/5.3.0/../../../../../H-x86_64-pc-linux-gnu/nios2-elf/lib/libc.a(lib_a-puts.o)
 .data          0x0000000000025828        0x0 /opt/intelFPGA/18.1/nios2eds/bin/gnu/H-x86_64-pc-linux-gnu/bin/../lib/gcc/nios2-elf/5.3.0/../../../../../H-x86_64-pc-linux-gnu/nios2-elf/lib/libc.a(lib_a-strlen.o)
 .data          0x0000000000025828        0x0 /opt/intelFPGA/18.1/nios2eds/bin/gnu/H-x86_64-pc-linux-gnu/bin/../lib/gcc/nios2-elf/5.3.0/../../../../../H-x86_64-pc-linux-gnu/nios2-elf/lib/libc.a(lib_a-findfp.o)
 .data          0x0000000000025828        0x0 /opt/intelFPGA/18.1/nios2eds/bin/gnu/H-x86_64-pc-linux-gnu/bin/../lib/gcc/nios2-elf/5.3.0/../../../../../H-x86_64-pc-linux-gnu/nios2-elf/lib/libc.a(lib_a-fvwrite.o)
 .data          0x0000000000025828        0x0 /opt/intelFPGA/18.1/nios2eds/bin/gnu/H-x86_64-pc-linux-gnu/bin/../lib/gcc/nios2-elf/5.3.0/../../../../../H-x86_64-pc-linux-gnu/nios2-elf/lib/libc.a(lib_a-fwalk.o)
 .data          0x0000000000025828        0x0 /opt/intelFPGA/18.1/nios2eds/bin/gnu/H-x86_64-pc-linux-gnu/bin/../lib/gcc/nios2-elf/5.3.0/../../../../../H-x86_64-pc-linux-gnu/nios2-elf/lib/libc.a(lib_a-impure.o)
 .data.impure_data
                0x0000000000025828      0x424 /opt/intelFPGA/18.1/nios2eds/bin/gnu/H-x86_64-pc-linux-gnu/bin/../lib/gcc/nios2-elf/5.3.0/../../../../../H-x86_64-pc-linux-gnu/nios2-elf/lib/libc.a(lib_a-impure.o)
 .data          0x0000000000025c4c        0x0 /opt/intelFPGA/18.1/nios2eds/bin/gnu/H-x86_64-pc-linux-gnu/bin/../lib/gcc/nios2-elf/5.3.0/../../../../../H-x86_64-pc-linux-gnu/nios2-elf/lib/libc.a(lib_a-mallocr.o)
 .data.__malloc_av_
                0x0000000000025c4c      0x408 /opt/intelFPGA/18.1/nios2eds/bin/gnu/H-x86_64-pc-linux-gnu/bin/../lib/gcc/nios2-elf/5.3.0/../../../../../H-x86_64-pc-linux-gnu/nios2-elf/lib/libc.a(lib_a-mallocr.o)
                0x0000000000025c4c                __malloc_av_
 .data          0x0000000000026054        0x0 /opt/intelFPGA/18.1/nios2eds/bin/gnu/H-x86_64-pc-linux-gnu/bin/../lib/gcc/nios2-elf/5.3.0/../../../../../H-x86_64-pc-linux-gnu/nios2-elf/lib/libc.a(lib_a-memchr.o)
 .data          0x0000000000026054        0x0 /opt/intelFPGA/18.1/nios2eds/bin/gnu/H-x86_64-pc-linux-gnu/bin/../lib/gcc/nios2-elf/5.3.0/../../../../../H-x86_64-pc-linux-gnu/nios2-elf/lib/libc.a(lib_a-memcpy.o)
 .data          0x0000000000026054        0x0 /opt/intelFPGA/18.1/nios2eds/bin/gnu/H-x86_64-pc-linux-gnu/bin/../lib/gcc/nios2-elf/5.3.0/../../../../../H-x86_64-pc-linux-gnu/nios2-elf/lib/libc.a(lib_a-memmove.o)
 .data          0x0000000000026054        0x0 /opt/intelFPGA/18.1/nios2eds/bin/gnu/H-x86_64-pc-linux-gnu/bin/../lib/gcc/nios2-elf/5.3.0/../../../../../H-x86_64-pc-linux-gnu/nios2-elf/lib/libc.a(lib_a-memset.o)
 .data          0x0000000000026054        0x0 /opt/intelFPGA/18.1/nios2eds/bin/gnu/H-x86_64-pc-linux-gnu/bin/../lib/gcc/nios2-elf/5.3.0/../../../../../H-x86_64-pc-linux-gnu/nios2-elf/lib/libc.a(lib_a-reallocr.o)
 .data          0x0000000000026054        0x0 /opt/intelFPGA/18.1/nios2eds/bin/gnu/H-x86_64-pc-linux-gnu/bin/../lib/gcc/nios2-elf/5.3.0/../../../../../H-x86_64-pc-linux-gnu/nios2-elf/lib/libc.a(lib_a-sbrkr.o)
 .data          0x0000000000026054        0x0 /opt/intelFPGA/18.1/nios2eds/bin/gnu/H-x86_64-pc-linux-gnu/bin/../lib/gcc/nios2-elf/5.3.0/../../../../../H-x86_64-pc-linux-gnu/nios2-elf/lib/libc.a(lib_a-stdio.o)
 .data          0x0000000000026054        0x0 /opt/intelFPGA/18.1/nios2eds/bin/gnu/H-x86_64-pc-linux-gnu/bin/../lib/gcc/nios2-elf/5.3.0/../../../../../H-x86_64-pc-linux-gnu/nios2-elf/lib/libc.a(lib_a-writer.o)
 .data          0x0000000000026054        0x0 /opt/intelFPGA/18.1/nios2eds/bin/gnu/H-x86_64-pc-linux-gnu/bin/../lib/gcc/nios2-elf/5.3.0/../../../../../H-x86_64-pc-linux-gnu/nios2-elf/lib/libc.a(lib_a-wsetup.o)
 .data          0x0000000000026054        0x0 /opt/intelFPGA/18.1/nios2eds/bin/gnu/H-x86_64-pc-linux-gnu/bin/../lib/gcc/nios2-elf/5.3.0/../../../../../H-x86_64-pc-linux-gnu/nios2-elf/lib/libc.a(closer.o)
 .data          0x0000000000026054        0x0 /opt/intelFPGA/18.1/nios2eds/bin/gnu/H-x86_64-pc-linux-gnu/bin/../lib/gcc/nios2-elf/5.3.0/../../../../../H-x86_64-pc-linux-gnu/nios2-elf/lib/libc.a(lib_a-fclose.o)
 .data          0x0000000000026054        0x0 /opt/intelFPGA/18.1/nios2eds/bin/gnu/H-x86_64-pc-linux-gnu/bin/../lib/gcc/nios2-elf/5.3.0/../../../../../H-x86_64-pc-linux-gnu/nios2-elf/lib/libc.a(lib_a-fflush.o)
 .data          0x0000000000026054        0x0 /opt/intelFPGA/18.1/nios2eds/bin/gnu/H-x86_64-pc-linux-gnu/bin/../lib/gcc/nios2-elf/5.3.0/../../../../../H-x86_64-pc-linux-gnu/nios2-elf/lib/libc.a(lib_a-freer.o)
 .data          0x0000000000026054        0x0 /opt/intelFPGA/18.1/nios2eds/bin/gnu/H-x86_64-pc-linux-gnu/bin/../lib/gcc/nios2-elf/5.3.0/../../../../../H-x86_64-pc-linux-gnu/nios2-elf/lib/libc.a(lib_a-int_errno.o)
 .data          0x0000000000026054        0x0 /opt/intelFPGA/18.1/nios2eds/bin/gnu/H-x86_64-pc-linux-gnu/bin/../lib/gcc/nios2-elf/5.3.0/../../../../../H-x86_64-pc-linux-gnu/nios2-elf/lib/libc.a(lib_a-lseekr.o)
 .data          0x0000000000026054        0x0 /opt/intelFPGA/18.1/nios2eds/bin/gnu/H-x86_64-pc-linux-gnu/bin/../lib/gcc/nios2-elf/5.3.0/../../../../../H-x86_64-pc-linux-gnu/nios2-elf/lib/libc.a(lib_a-makebuf.o)
 .data          0x0000000000026054        0x0 /opt/intelFPGA/18.1/nios2eds/bin/gnu/H-x86_64-pc-linux-gnu/bin/../lib/gcc/nios2-elf/5.3.0/../../../../../H-x86_64-pc-linux-gnu/nios2-elf/lib/libc.a(lib_a-readr.o)
 .data          0x0000000000026054        0x0 /opt/intelFPGA/18.1/nios2eds/bin/gnu/H-x86_64-pc-linux-gnu/bin/../lib/gcc/nios2-elf/5.3.0/../../../../../H-x86_64-pc-linux-gnu/nios2-elf/lib/libc.a(lib_a-fstatr.o)
 .data          0x0000000000026054        0x0 /opt/intelFPGA/18.1/nios2eds/bin/gnu/H-x86_64-pc-linux-gnu/bin/../lib/gcc/nios2-elf/5.3.0/../../../../../H-x86_64-pc-linux-gnu/nios2-elf/lib/libc.a(lib_a-isattyr.o)
 .data          0x0000000000026054        0x0 /opt/intelFPGA/18.1/nios2eds/bin/gnu/H-x86_64-pc-linux-gnu/bin/../lib/gcc/nios2-elf/5.3.0/libgcc.a(lib2-divmod.o)
 .data          0x0000000000026054        0x0 /home/vm/Desktop/shared/fpga_parallel/sw/nios/fpga_parallel_bsp//libhal_bsp.a(alt_close.o)
 .data          0x0000000000026054      0x1a8 /home/vm/Desktop/shared/fpga_parallel/sw/nios/fpga_parallel_bsp//libhal_bsp.a(alt_dev.o)
                0x0000000000026054                alt_dev_null
                0x000000000002607c                alt_fd_list
 .data          0x00000000000261fc        0x0 /home/vm/Desktop/shared/fpga_parallel/sw/nios/fpga_parallel_bsp//libhal_bsp.a(alt_errno.o)
 .data          0x00000000000261fc        0x0 /home/vm/Desktop/shared/fpga_parallel/sw/nios/fpga_parallel_bsp//libhal_bsp.a(alt_fstat.o)
 .data          0x00000000000261fc        0x0 /home/vm/Desktop/shared/fpga_parallel/sw/nios/fpga_parallel_bsp//libhal_bsp.a(alt_isatty.o)
 .data          0x00000000000261fc        0x0 /home/vm/Desktop/shared/fpga_parallel/sw/nios/fpga_parallel_bsp//libhal_bsp.a(alt_load.o)
 .data          0x00000000000261fc        0x0 /home/vm/Desktop/shared/fpga_parallel/sw/nios/fpga_parallel_bsp//libhal_bsp.a(alt_lseek.o)
 .data          0x00000000000261fc        0x0 /home/vm/Desktop/shared/fpga_parallel/sw/nios/fpga_parallel_bsp//libhal_bsp.a(alt_main.o)
 .data          0x00000000000261fc        0x0 /home/vm/Desktop/shared/fpga_parallel/sw/nios/fpga_parallel_bsp//libhal_bsp.a(alt_malloc_lock.o)
 .data          0x00000000000261fc        0x0 /home/vm/Desktop/shared/fpga_parallel/sw/nios/fpga_parallel_bsp//libhal_bsp.a(alt_read.o)
 .data          0x00000000000261fc        0x0 /home/vm/Desktop/shared/fpga_parallel/sw/nios/fpga_parallel_bsp//libhal_bsp.a(alt_release_fd.o)
 .data          0x00000000000261fc        0x0 /home/vm/Desktop/shared/fpga_parallel/sw/nios/fpga_parallel_bsp//libhal_bsp.a(alt_sbrk.o)
 .data          0x00000000000261fc        0x0 /home/vm/Desktop/shared/fpga_parallel/sw/nios/fpga_parallel_bsp//libhal_bsp.a(alt_write.o)
 .data          0x00000000000261fc     0x1060 /home/vm/Desktop/shared/fpga_parallel/sw/nios/fpga_parallel_bsp//libhal_bsp.a(alt_sys_init.o)
 .data          0x000000000002725c        0x0 /home/vm/Desktop/shared/fpga_parallel/sw/nios/fpga_parallel_bsp//libhal_bsp.a(altera_avalon_jtag_uart_fd.o)
 .data          0x000000000002725c        0x0 /home/vm/Desktop/shared/fpga_parallel/sw/nios/fpga_parallel_bsp//libhal_bsp.a(altera_avalon_jtag_uart_init.o)
 .data          0x000000000002725c        0x0 /home/vm/Desktop/shared/fpga_parallel/sw/nios/fpga_parallel_bsp//libhal_bsp.a(altera_avalon_jtag_uart_ioctl.o)
 .data          0x000000000002725c        0x0 /home/vm/Desktop/shared/fpga_parallel/sw/nios/fpga_parallel_bsp//libhal_bsp.a(altera_avalon_jtag_uart_read.o)
 .data          0x000000000002725c        0x0 /home/vm/Desktop/shared/fpga_parallel/sw/nios/fpga_parallel_bsp//libhal_bsp.a(altera_avalon_jtag_uart_write.o)
 .data          0x000000000002725c        0x0 /home/vm/Desktop/shared/fpga_parallel/sw/nios/fpga_parallel_bsp//libhal_bsp.a(alt_alarm_start.o)
 .data          0x000000000002725c        0x0 /home/vm/Desktop/shared/fpga_parallel/sw/nios/fpga_parallel_bsp//libhal_bsp.a(alt_dcache_flush_all.o)
 .data          0x000000000002725c        0x0 /home/vm/Desktop/shared/fpga_parallel/sw/nios/fpga_parallel_bsp//libhal_bsp.a(alt_dev_llist_insert.o)
 .data          0x000000000002725c        0x0 /home/vm/Desktop/shared/fpga_parallel/sw/nios/fpga_parallel_bsp//libhal_bsp.a(alt_do_ctors.o)
 .data          0x000000000002725c        0x0 /home/vm/Desktop/shared/fpga_parallel/sw/nios/fpga_parallel_bsp//libhal_bsp.a(alt_do_dtors.o)
 .data          0x000000000002725c        0x0 /home/vm/Desktop/shared/fpga_parallel/sw/nios/fpga_parallel_bsp//libhal_bsp.a(alt_icache_flush_all.o)
 .data          0x000000000002725c        0x0 /home/vm/Desktop/shared/fpga_parallel/sw/nios/fpga_parallel_bsp//libhal_bsp.a(alt_iic.o)
 .data          0x000000000002725c        0x0 /home/vm/Desktop/shared/fpga_parallel/sw/nios/fpga_parallel_bsp//libhal_bsp.a(alt_iic_isr_register.o)
 .data          0x000000000002725c        0x0 /home/vm/Desktop/shared/fpga_parallel/sw/nios/fpga_parallel_bsp//libhal_bsp.a(alt_io_redirect.o)
 .data          0x000000000002725c        0x0 /home/vm/Desktop/shared/fpga_parallel/sw/nios/fpga_parallel_bsp//libhal_bsp.a(alt_irq_entry.o)
 .data          0x000000000002725c        0x0 /home/vm/Desktop/shared/fpga_parallel/sw/nios/fpga_parallel_bsp//libhal_bsp.a(alt_irq_handler.o)
 .data          0x000000000002725c        0x0 /home/vm/Desktop/shared/fpga_parallel/sw/nios/fpga_parallel_bsp//libhal_bsp.a(alt_irq_vars.o)
 .data          0x000000000002725c        0x0 /home/vm/Desktop/shared/fpga_parallel/sw/nios/fpga_parallel_bsp//libhal_bsp.a(alt_open.o)
 .data          0x000000000002725c        0x0 /home/vm/Desktop/shared/fpga_parallel/sw/nios/fpga_parallel_bsp//libhal_bsp.a(alt_tick.o)
 .data          0x000000000002725c        0x0 /home/vm/Desktop/shared/fpga_parallel/sw/nios/fpga_parallel_bsp//libhal_bsp.a(altera_nios2_gen2_irq.o)
 .data          0x000000000002725c        0x0 /home/vm/Desktop/shared/fpga_parallel/sw/nios/fpga_parallel_bsp//libhal_bsp.a(alt_exception_entry.o)
 .data          0x000000000002725c        0x0 /home/vm/Desktop/shared/fpga_parallel/sw/nios/fpga_parallel_bsp//libhal_bsp.a(alt_find_dev.o)
 .data          0x000000000002725c        0x0 /home/vm/Desktop/shared/fpga_parallel/sw/nios/fpga_parallel_bsp//libhal_bsp.a(alt_find_file.o)
 .data          0x000000000002725c        0x0 /home/vm/Desktop/shared/fpga_parallel/sw/nios/fpga_parallel_bsp//libhal_bsp.a(alt_get_fd.o)
 .data          0x000000000002725c        0x0 /home/vm/Desktop/shared/fpga_parallel/sw/nios/fpga_parallel_bsp//libhal_bsp.a(alt_icache_flush.o)
 .data          0x000000000002725c        0x0 /home/vm/Desktop/shared/fpga_parallel/sw/nios/fpga_parallel_bsp//libhal_bsp.a(alt_instruction_exception_entry.o)
 .data          0x000000000002725c        0x0 /opt/intelFPGA/18.1/nios2eds/bin/gnu/H-x86_64-pc-linux-gnu/bin/../lib/gcc/nios2-elf/5.3.0/../../../../../H-x86_64-pc-linux-gnu/nios2-elf/lib/libc.a(lib_a-atexit.o)
 .data          0x000000000002725c        0x0 /opt/intelFPGA/18.1/nios2eds/bin/gnu/H-x86_64-pc-linux-gnu/bin/../lib/gcc/nios2-elf/5.3.0/../../../../../H-x86_64-pc-linux-gnu/nios2-elf/lib/libc.a(lib_a-exit.o)
 .data          0x000000000002725c        0x0 /opt/intelFPGA/18.1/nios2eds/bin/gnu/H-x86_64-pc-linux-gnu/bin/../lib/gcc/nios2-elf/5.3.0/../../../../../H-x86_64-pc-linux-gnu/nios2-elf/lib/libc.a(lib_a-memcmp.o)
 .data          0x000000000002725c        0x0 /opt/intelFPGA/18.1/nios2eds/bin/gnu/H-x86_64-pc-linux-gnu/bin/../lib/gcc/nios2-elf/5.3.0/../../../../../H-x86_64-pc-linux-gnu/nios2-elf/lib/libc.a(lib_a-__atexit.o)
 .data          0x000000000002725c        0x0 /opt/intelFPGA/18.1/nios2eds/bin/gnu/H-x86_64-pc-linux-gnu/bin/../lib/gcc/nios2-elf/5.3.0/../../../../../H-x86_64-pc-linux-gnu/nios2-elf/lib/libc.a(lib_a-__call_atexit.o)
 .data          0x000000000002725c        0x0 /home/vm/Desktop/shared/fpga_parallel/sw/nios/fpga_parallel_bsp//libhal_bsp.a(alt_exit.o)
                0x000000000002f25c                _gp = ABSOLUTE ((. + 0x8000))
                [!provide]                        PROVIDE (gp, _gp)
 *(.rwdata .rwdata.*)
 *(.sdata .sdata.* .gnu.linkonce.s.*)
 .sdata._global_impure_ptr
                0x000000000002725c        0x4 /opt/intelFPGA/18.1/nios2eds/bin/gnu/H-x86_64-pc-linux-gnu/bin/../lib/gcc/nios2-elf/5.3.0/../../../../../H-x86_64-pc-linux-gnu/nios2-elf/lib/libc.a(lib_a-impure.o)
                0x000000000002725c                _global_impure_ptr
 .sdata._impure_ptr
                0x0000000000027260        0x4 /opt/intelFPGA/18.1/nios2eds/bin/gnu/H-x86_64-pc-linux-gnu/bin/../lib/gcc/nios2-elf/5.3.0/../../../../../H-x86_64-pc-linux-gnu/nios2-elf/lib/libc.a(lib_a-impure.o)
                0x0000000000027260                _impure_ptr
 .sdata.__malloc_sbrk_base
                0x0000000000027264        0x4 /opt/intelFPGA/18.1/nios2eds/bin/gnu/H-x86_64-pc-linux-gnu/bin/../lib/gcc/nios2-elf/5.3.0/../../../../../H-x86_64-pc-linux-gnu/nios2-elf/lib/libc.a(lib_a-mallocr.o)
                0x0000000000027264                __malloc_sbrk_base
 .sdata.__malloc_trim_threshold
                0x0000000000027268        0x4 /opt/intelFPGA/18.1/nios2eds/bin/gnu/H-x86_64-pc-linux-gnu/bin/../lib/gcc/nios2-elf/5.3.0/../../../../../H-x86_64-pc-linux-gnu/nios2-elf/lib/libc.a(lib_a-mallocr.o)
                0x0000000000027268                __malloc_trim_threshold
 .sdata         0x000000000002726c       0x14 /home/vm/Desktop/shared/fpga_parallel/sw/nios/fpga_parallel_bsp//libhal_bsp.a(alt_dev.o)
                0x000000000002726c                alt_fs_list
                0x0000000000027274                alt_dev_list
                0x000000000002727c                alt_max_fd
 .sdata         0x0000000000027280        0x4 /home/vm/Desktop/shared/fpga_parallel/sw/nios/fpga_parallel_bsp//libhal_bsp.a(alt_errno.o)
                0x0000000000027280                alt_errno
 .sdata         0x0000000000027284        0x4 /home/vm/Desktop/shared/fpga_parallel/sw/nios/fpga_parallel_bsp//libhal_bsp.a(alt_sbrk.o)
 .sdata         0x0000000000027288        0x4 /home/vm/Desktop/shared/fpga_parallel/sw/nios/fpga_parallel_bsp//libhal_bsp.a(alt_irq_vars.o)
                0x0000000000027288                alt_priority_mask
 .sdata         0x000000000002728c        0x8 /home/vm/Desktop/shared/fpga_parallel/sw/nios/fpga_parallel_bsp//libhal_bsp.a(alt_tick.o)
                0x000000000002728c                alt_alarm_list
 *(.sdata2 .sdata2.* .gnu.linkonce.s2.*)
                0x0000000000027294                . = ALIGN (0x4)
                0x0000000000027294                _edata = ABSOLUTE (.)
                [!provide]                        PROVIDE (edata, ABSOLUTE (.))
                0x0000000000027294                PROVIDE (__ram_rwdata_end, ABSOLUTE (.))
                0x0000000000027294                PROVIDE (__flash_rwdata_start, LOADADDR (.rwdata))

.bss            0x0000000000028d00      0x154
                0x0000000000028d00                __bss_start = ABSOLUTE (.)
                [!provide]                        PROVIDE (__sbss_start, ABSOLUTE (.))
                [!provide]                        PROVIDE (___sbss_start, ABSOLUTE (.))
 *(.dynsbss)
 *(.sbss .sbss.* .gnu.linkonce.sb.*)
 .sbss.__malloc_max_total_mem
                0x0000000000028d00        0x4 /opt/intelFPGA/18.1/nios2eds/bin/gnu/H-x86_64-pc-linux-gnu/bin/../lib/gcc/nios2-elf/5.3.0/../../../../../H-x86_64-pc-linux-gnu/nios2-elf/lib/libc.a(lib_a-mallocr.o)
                0x0000000000028d00                __malloc_max_total_mem
 .sbss.__malloc_max_sbrked_mem
                0x0000000000028d04        0x4 /opt/intelFPGA/18.1/nios2eds/bin/gnu/H-x86_64-pc-linux-gnu/bin/../lib/gcc/nios2-elf/5.3.0/../../../../../H-x86_64-pc-linux-gnu/nios2-elf/lib/libc.a(lib_a-mallocr.o)
                0x0000000000028d04                __malloc_max_sbrked_mem
 .sbss.__malloc_top_pad
                0x0000000000028d08        0x4 /opt/intelFPGA/18.1/nios2eds/bin/gnu/H-x86_64-pc-linux-gnu/bin/../lib/gcc/nios2-elf/5.3.0/../../../../../H-x86_64-pc-linux-gnu/nios2-elf/lib/libc.a(lib_a-mallocr.o)
                0x0000000000028d08                __malloc_top_pad
 .sbss          0x0000000000028d0c        0x4 /opt/intelFPGA/18.1/nios2eds/bin/gnu/H-x86_64-pc-linux-gnu/bin/../lib/gcc/nios2-elf/5.3.0/../../../../../H-x86_64-pc-linux-gnu/nios2-elf/lib/libc.a(lib_a-int_errno.o)
                0x0000000000028d0c                errno
 .sbss          0x0000000000028d10        0xc /home/vm/Desktop/shared/fpga_parallel/sw/nios/fpga_parallel_bsp//libhal_bsp.a(alt_main.o)
                0x0000000000028d10                alt_argc
                0x0000000000028d14                alt_argv
                0x0000000000028d18                alt_envp
 .sbss          0x0000000000028d1c        0x4 /home/vm/Desktop/shared/fpga_parallel/sw/nios/fpga_parallel_bsp//libhal_bsp.a(alt_irq_vars.o)
                0x0000000000028d1c                alt_irq_active
 .sbss          0x0000000000028d20        0x8 /home/vm/Desktop/shared/fpga_parallel/sw/nios/fpga_parallel_bsp//libhal_bsp.a(alt_tick.o)
                0x0000000000028d20                _alt_tick_rate
                0x0000000000028d24                _alt_nticks
 .sbss          0x0000000000028d28        0x4 /home/vm/Desktop/shared/fpga_parallel/sw/nios/fpga_parallel_bsp//libhal_bsp.a(alt_instruction_exception_entry.o)
                0x0000000000028d28                alt_instruction_exception_handler
 *(.sbss2 .sbss2.* .gnu.linkonce.sb2.*)
 *(.scommon)
                [!provide]                        PROVIDE (__sbss_end, ABSOLUTE (.))
                [!provide]                        PROVIDE (___sbss_end, ABSOLUTE (.))
 *(.dynbss)
 *(.bss .bss.* .gnu.linkonce.b.*)
 .bss           0x0000000000028d2c        0x0 /home/vm/Desktop/shared/fpga_parallel/sw/nios/fpga_parallel_bsp//obj/HAL/src/crt0.o
 .bss           0x0000000000028d2c        0x0 obj/default/hello_world.o
 .bss           0x0000000000028d2c        0x0 /opt/intelFPGA/18.1/nios2eds/bin/gnu/H-x86_64-pc-linux-gnu/bin/../lib/gcc/nios2-elf/5.3.0/../../../../../H-x86_64-pc-linux-gnu/nios2-elf/lib/libc.a(lib_a-puts.o)
 .bss           0x0000000000028d2c        0x0 /opt/intelFPGA/18.1/nios2eds/bin/gnu/H-x86_64-pc-linux-gnu/bin/../lib/gcc/nios2-elf/5.3.0/../../../../../H-x86_64-pc-linux-gnu/nios2-elf/lib/libc.a(lib_a-strlen.o)
 .bss           0x0000000000028d2c        0x0 /opt/intelFPGA/18.1/nios2eds/bin/gnu/H-x86_64-pc-linux-gnu/bin/../lib/gcc/nios2-elf/5.3.0/../../../../../H-x86_64-pc-linux-gnu/nios2-elf/lib/libc.a(lib_a-findfp.o)
 .bss           0x0000000000028d2c        0x0 /opt/intelFPGA/18.1/nios2eds/bin/gnu/H-x86_64-pc-linux-gnu/bin/../lib/gcc/nios2-elf/5.3.0/../../../../../H-x86_64-pc-linux-gnu/nios2-elf/lib/libc.a(lib_a-fvwrite.o)
 .bss           0x0000000000028d2c        0x0 /opt/intelFPGA/18.1/nios2eds/bin/gnu/H-x86_64-pc-linux-gnu/bin/../lib/gcc/nios2-elf/5.3.0/../../../../../H-x86_64-pc-linux-gnu/nios2-elf/lib/libc.a(lib_a-fwalk.o)
 .bss           0x0000000000028d2c        0x0 /opt/intelFPGA/18.1/nios2eds/bin/gnu/H-x86_64-pc-linux-gnu/bin/../lib/gcc/nios2-elf/5.3.0/../../../../../H-x86_64-pc-linux-gnu/nios2-elf/lib/libc.a(lib_a-impure.o)
 .bss           0x0000000000028d2c        0x0 /opt/intelFPGA/18.1/nios2eds/bin/gnu/H-x86_64-pc-linux-gnu/bin/../lib/gcc/nios2-elf/5.3.0/../../../../../H-x86_64-pc-linux-gnu/nios2-elf/lib/libc.a(lib_a-mallocr.o)
 .bss.__malloc_current_mallinfo
                0x0000000000028d2c       0x28 /opt/intelFPGA/18.1/nios2eds/bin/gnu/H-x86_64-pc-linux-gnu/bin/../lib/gcc/nios2-elf/5.3.0/../../../../../H-x86_64-pc-linux-gnu/nios2-elf/lib/libc.a(lib_a-mallocr.o)
                0x0000000000028d2c                __malloc_current_mallinfo
 .bss           0x0000000000028d54        0x0 /opt/intelFPGA/18.1/nios2eds/bin/gnu/H-x86_64-pc-linux-gnu/bin/../lib/gcc/nios2-elf/5.3.0/../../../../../H-x86_64-pc-linux-gnu/nios2-elf/lib/libc.a(lib_a-memchr.o)
 .bss           0x0000000000028d54        0x0 /opt/intelFPGA/18.1/nios2eds/bin/gnu/H-x86_64-pc-linux-gnu/bin/../lib/gcc/nios2-elf/5.3.0/../../../../../H-x86_64-pc-linux-gnu/nios2-elf/lib/libc.a(lib_a-memcpy.o)
 .bss           0x0000000000028d54        0x0 /opt/intelFPGA/18.1/nios2eds/bin/gnu/H-x86_64-pc-linux-gnu/bin/../lib/gcc/nios2-elf/5.3.0/../../../../../H-x86_64-pc-linux-gnu/nios2-elf/lib/libc.a(lib_a-memmove.o)
 .bss           0x0000000000028d54        0x0 /opt/intelFPGA/18.1/nios2eds/bin/gnu/H-x86_64-pc-linux-gnu/bin/../lib/gcc/nios2-elf/5.3.0/../../../../../H-x86_64-pc-linux-gnu/nios2-elf/lib/libc.a(lib_a-memset.o)
 .bss           0x0000000000028d54        0x0 /opt/intelFPGA/18.1/nios2eds/bin/gnu/H-x86_64-pc-linux-gnu/bin/../lib/gcc/nios2-elf/5.3.0/../../../../../H-x86_64-pc-linux-gnu/nios2-elf/lib/libc.a(lib_a-reallocr.o)
 .bss           0x0000000000028d54        0x0 /opt/intelFPGA/18.1/nios2eds/bin/gnu/H-x86_64-pc-linux-gnu/bin/../lib/gcc/nios2-elf/5.3.0/../../../../../H-x86_64-pc-linux-gnu/nios2-elf/lib/libc.a(lib_a-sbrkr.o)
 .bss           0x0000000000028d54        0x0 /opt/intelFPGA/18.1/nios2eds/bin/gnu/H-x86_64-pc-linux-gnu/bin/../lib/gcc/nios2-elf/5.3.0/../../../../../H-x86_64-pc-linux-gnu/nios2-elf/lib/libc.a(lib_a-stdio.o)
 .bss           0x0000000000028d54        0x0 /opt/intelFPGA/18.1/nios2eds/bin/gnu/H-x86_64-pc-linux-gnu/bin/../lib/gcc/nios2-elf/5.3.0/../../../../../H-x86_64-pc-linux-gnu/nios2-elf/lib/libc.a(lib_a-writer.o)
 .bss           0x0000000000028d54        0x0 /opt/intelFPGA/18.1/nios2eds/bin/gnu/H-x86_64-pc-linux-gnu/bin/../lib/gcc/nios2-elf/5.3.0/../../../../../H-x86_64-pc-linux-gnu/nios2-elf/lib/libc.a(lib_a-wsetup.o)
 .bss           0x0000000000028d54        0x0 /opt/intelFPGA/18.1/nios2eds/bin/gnu/H-x86_64-pc-linux-gnu/bin/../lib/gcc/nios2-elf/5.3.0/../../../../../H-x86_64-pc-linux-gnu/nios2-elf/lib/libc.a(closer.o)
 .bss           0x0000000000028d54        0x0 /opt/intelFPGA/18.1/nios2eds/bin/gnu/H-x86_64-pc-linux-gnu/bin/../lib/gcc/nios2-elf/5.3.0/../../../../../H-x86_64-pc-linux-gnu/nios2-elf/lib/libc.a(lib_a-fclose.o)
 .bss           0x0000000000028d54        0x0 /opt/intelFPGA/18.1/nios2eds/bin/gnu/H-x86_64-pc-linux-gnu/bin/../lib/gcc/nios2-elf/5.3.0/../../../../../H-x86_64-pc-linux-gnu/nios2-elf/lib/libc.a(lib_a-fflush.o)
 .bss           0x0000000000028d54        0x0 /opt/intelFPGA/18.1/nios2eds/bin/gnu/H-x86_64-pc-linux-gnu/bin/../lib/gcc/nios2-elf/5.3.0/../../../../../H-x86_64-pc-linux-gnu/nios2-elf/lib/libc.a(lib_a-freer.o)
 .bss           0x0000000000028d54        0x0 /opt/intelFPGA/18.1/nios2eds/bin/gnu/H-x86_64-pc-linux-gnu/bin/../lib/gcc/nios2-elf/5.3.0/../../../../../H-x86_64-pc-linux-gnu/nios2-elf/lib/libc.a(lib_a-int_errno.o)
 .bss           0x0000000000028d54        0x0 /opt/intelFPGA/18.1/nios2eds/bin/gnu/H-x86_64-pc-linux-gnu/bin/../lib/gcc/nios2-elf/5.3.0/../../../../../H-x86_64-pc-linux-gnu/nios2-elf/lib/libc.a(lib_a-lseekr.o)
 .bss           0x0000000000028d54        0x0 /opt/intelFPGA/18.1/nios2eds/bin/gnu/H-x86_64-pc-linux-gnu/bin/../lib/gcc/nios2-elf/5.3.0/../../../../../H-x86_64-pc-linux-gnu/nios2-elf/lib/libc.a(lib_a-makebuf.o)
 .bss           0x0000000000028d54        0x0 /opt/intelFPGA/18.1/nios2eds/bin/gnu/H-x86_64-pc-linux-gnu/bin/../lib/gcc/nios2-elf/5.3.0/../../../../../H-x86_64-pc-linux-gnu/nios2-elf/lib/libc.a(lib_a-readr.o)
 .bss           0x0000000000028d54        0x0 /opt/intelFPGA/18.1/nios2eds/bin/gnu/H-x86_64-pc-linux-gnu/bin/../lib/gcc/nios2-elf/5.3.0/../../../../../H-x86_64-pc-linux-gnu/nios2-elf/lib/libc.a(lib_a-fstatr.o)
 .bss           0x0000000000028d54        0x0 /opt/intelFPGA/18.1/nios2eds/bin/gnu/H-x86_64-pc-linux-gnu/bin/../lib/gcc/nios2-elf/5.3.0/../../../../../H-x86_64-pc-linux-gnu/nios2-elf/lib/libc.a(lib_a-isattyr.o)
 .bss           0x0000000000028d54        0x0 /opt/intelFPGA/18.1/nios2eds/bin/gnu/H-x86_64-pc-linux-gnu/bin/../lib/gcc/nios2-elf/5.3.0/libgcc.a(lib2-divmod.o)
 .bss           0x0000000000028d54        0x0 /home/vm/Desktop/shared/fpga_parallel/sw/nios/fpga_parallel_bsp//libhal_bsp.a(alt_close.o)
 .bss           0x0000000000028d54        0x0 /home/vm/Desktop/shared/fpga_parallel/sw/nios/fpga_parallel_bsp//libhal_bsp.a(alt_dev.o)
 .bss           0x0000000000028d54        0x0 /home/vm/Desktop/shared/fpga_parallel/sw/nios/fpga_parallel_bsp//libhal_bsp.a(alt_errno.o)
 .bss           0x0000000000028d54        0x0 /home/vm/Desktop/shared/fpga_parallel/sw/nios/fpga_parallel_bsp//libhal_bsp.a(alt_fstat.o)
 .bss           0x0000000000028d54        0x0 /home/vm/Desktop/shared/fpga_parallel/sw/nios/fpga_parallel_bsp//libhal_bsp.a(alt_isatty.o)
 .bss           0x0000000000028d54        0x0 /home/vm/Desktop/shared/fpga_parallel/sw/nios/fpga_parallel_bsp//libhal_bsp.a(alt_load.o)
 .bss           0x0000000000028d54        0x0 /home/vm/Desktop/shared/fpga_parallel/sw/nios/fpga_parallel_bsp//libhal_bsp.a(alt_lseek.o)
 .bss           0x0000000000028d54        0x0 /home/vm/Desktop/shared/fpga_parallel/sw/nios/fpga_parallel_bsp//libhal_bsp.a(alt_main.o)
 .bss           0x0000000000028d54        0x0 /home/vm/Desktop/shared/fpga_parallel/sw/nios/fpga_parallel_bsp//libhal_bsp.a(alt_malloc_lock.o)
 .bss           0x0000000000028d54        0x0 /home/vm/Desktop/shared/fpga_parallel/sw/nios/fpga_parallel_bsp//libhal_bsp.a(alt_read.o)
 .bss           0x0000000000028d54        0x0 /home/vm/Desktop/shared/fpga_parallel/sw/nios/fpga_parallel_bsp//libhal_bsp.a(alt_release_fd.o)
 .bss           0x0000000000028d54        0x0 /home/vm/Desktop/shared/fpga_parallel/sw/nios/fpga_parallel_bsp//libhal_bsp.a(alt_sbrk.o)
 .bss           0x0000000000028d54        0x0 /home/vm/Desktop/shared/fpga_parallel/sw/nios/fpga_parallel_bsp//libhal_bsp.a(alt_write.o)
 .bss           0x0000000000028d54        0x0 /home/vm/Desktop/shared/fpga_parallel/sw/nios/fpga_parallel_bsp//libhal_bsp.a(alt_sys_init.o)
 .bss           0x0000000000028d54        0x0 /home/vm/Desktop/shared/fpga_parallel/sw/nios/fpga_parallel_bsp//libhal_bsp.a(altera_avalon_jtag_uart_fd.o)
 .bss           0x0000000000028d54        0x0 /home/vm/Desktop/shared/fpga_parallel/sw/nios/fpga_parallel_bsp//libhal_bsp.a(altera_avalon_jtag_uart_init.o)
 .bss           0x0000000000028d54        0x0 /home/vm/Desktop/shared/fpga_parallel/sw/nios/fpga_parallel_bsp//libhal_bsp.a(altera_avalon_jtag_uart_ioctl.o)
 .bss           0x0000000000028d54        0x0 /home/vm/Desktop/shared/fpga_parallel/sw/nios/fpga_parallel_bsp//libhal_bsp.a(altera_avalon_jtag_uart_read.o)
 .bss           0x0000000000028d54        0x0 /home/vm/Desktop/shared/fpga_parallel/sw/nios/fpga_parallel_bsp//libhal_bsp.a(altera_avalon_jtag_uart_write.o)
 .bss           0x0000000000028d54        0x0 /home/vm/Desktop/shared/fpga_parallel/sw/nios/fpga_parallel_bsp//libhal_bsp.a(alt_alarm_start.o)
 .bss           0x0000000000028d54        0x0 /home/vm/Desktop/shared/fpga_parallel/sw/nios/fpga_parallel_bsp//libhal_bsp.a(alt_dcache_flush_all.o)
 .bss           0x0000000000028d54        0x0 /home/vm/Desktop/shared/fpga_parallel/sw/nios/fpga_parallel_bsp//libhal_bsp.a(alt_dev_llist_insert.o)
 .bss           0x0000000000028d54        0x0 /home/vm/Desktop/shared/fpga_parallel/sw/nios/fpga_parallel_bsp//libhal_bsp.a(alt_do_ctors.o)
 .bss           0x0000000000028d54        0x0 /home/vm/Desktop/shared/fpga_parallel/sw/nios/fpga_parallel_bsp//libhal_bsp.a(alt_do_dtors.o)
 .bss           0x0000000000028d54        0x0 /home/vm/Desktop/shared/fpga_parallel/sw/nios/fpga_parallel_bsp//libhal_bsp.a(alt_icache_flush_all.o)
 .bss           0x0000000000028d54        0x0 /home/vm/Desktop/shared/fpga_parallel/sw/nios/fpga_parallel_bsp//libhal_bsp.a(alt_iic.o)
 .bss           0x0000000000028d54        0x0 /home/vm/Desktop/shared/fpga_parallel/sw/nios/fpga_parallel_bsp//libhal_bsp.a(alt_iic_isr_register.o)
 .bss           0x0000000000028d54        0x0 /home/vm/Desktop/shared/fpga_parallel/sw/nios/fpga_parallel_bsp//libhal_bsp.a(alt_io_redirect.o)
 .bss           0x0000000000028d54        0x0 /home/vm/Desktop/shared/fpga_parallel/sw/nios/fpga_parallel_bsp//libhal_bsp.a(alt_irq_entry.o)
 .bss           0x0000000000028d54        0x0 /home/vm/Desktop/shared/fpga_parallel/sw/nios/fpga_parallel_bsp//libhal_bsp.a(alt_irq_handler.o)
 .bss           0x0000000000028d54        0x0 /home/vm/Desktop/shared/fpga_parallel/sw/nios/fpga_parallel_bsp//libhal_bsp.a(alt_irq_vars.o)
 .bss           0x0000000000028d54        0x0 /home/vm/Desktop/shared/fpga_parallel/sw/nios/fpga_parallel_bsp//libhal_bsp.a(alt_open.o)
 .bss           0x0000000000028d54        0x0 /home/vm/Desktop/shared/fpga_parallel/sw/nios/fpga_parallel_bsp//libhal_bsp.a(alt_tick.o)
 .bss           0x0000000000028d54        0x0 /home/vm/Desktop/shared/fpga_parallel/sw/nios/fpga_parallel_bsp//libhal_bsp.a(altera_nios2_gen2_irq.o)
 .bss           0x0000000000028d54        0x0 /home/vm/Desktop/shared/fpga_parallel/sw/nios/fpga_parallel_bsp//libhal_bsp.a(alt_exception_entry.o)
 .bss           0x0000000000028d54        0x0 /home/vm/Desktop/shared/fpga_parallel/sw/nios/fpga_parallel_bsp//libhal_bsp.a(alt_find_dev.o)
 .bss           0x0000000000028d54        0x0 /home/vm/Desktop/shared/fpga_parallel/sw/nios/fpga_parallel_bsp//libhal_bsp.a(alt_find_file.o)
 .bss           0x0000000000028d54        0x0 /home/vm/Desktop/shared/fpga_parallel/sw/nios/fpga_parallel_bsp//libhal_bsp.a(alt_get_fd.o)
 .bss           0x0000000000028d54        0x0 /home/vm/Desktop/shared/fpga_parallel/sw/nios/fpga_parallel_bsp//libhal_bsp.a(alt_icache_flush.o)
 .bss           0x0000000000028d54        0x0 /home/vm/Desktop/shared/fpga_parallel/sw/nios/fpga_parallel_bsp//libhal_bsp.a(alt_instruction_exception_entry.o)
 .bss           0x0000000000028d54        0x0 /opt/intelFPGA/18.1/nios2eds/bin/gnu/H-x86_64-pc-linux-gnu/bin/../lib/gcc/nios2-elf/5.3.0/../../../../../H-x86_64-pc-linux-gnu/nios2-elf/lib/libc.a(lib_a-atexit.o)
 .bss           0x0000000000028d54        0x0 /opt/intelFPGA/18.1/nios2eds/bin/gnu/H-x86_64-pc-linux-gnu/bin/../lib/gcc/nios2-elf/5.3.0/../../../../../H-x86_64-pc-linux-gnu/nios2-elf/lib/libc.a(lib_a-exit.o)
 .bss           0x0000000000028d54        0x0 /opt/intelFPGA/18.1/nios2eds/bin/gnu/H-x86_64-pc-linux-gnu/bin/../lib/gcc/nios2-elf/5.3.0/../../../../../H-x86_64-pc-linux-gnu/nios2-elf/lib/libc.a(lib_a-memcmp.o)
 .bss           0x0000000000028d54        0x0 /opt/intelFPGA/18.1/nios2eds/bin/gnu/H-x86_64-pc-linux-gnu/bin/../lib/gcc/nios2-elf/5.3.0/../../../../../H-x86_64-pc-linux-gnu/nios2-elf/lib/libc.a(lib_a-__atexit.o)
 .bss           0x0000000000028d54        0x0 /opt/intelFPGA/18.1/nios2eds/bin/gnu/H-x86_64-pc-linux-gnu/bin/../lib/gcc/nios2-elf/5.3.0/../../../../../H-x86_64-pc-linux-gnu/nios2-elf/lib/libc.a(lib_a-__call_atexit.o)
 .bss           0x0000000000028d54        0x0 /home/vm/Desktop/shared/fpga_parallel/sw/nios/fpga_parallel_bsp//libhal_bsp.a(alt_exit.o)
 *(COMMON)
 COMMON         0x0000000000028d54      0x100 /home/vm/Desktop/shared/fpga_parallel/sw/nios/fpga_parallel_bsp//libhal_bsp.a(alt_irq_handler.o)
                0x0000000000028d54                alt_irq
                0x0000000000028e54                . = ALIGN (0x4)
                0x0000000000028e54                __bss_end = ABSOLUTE (.)

.onchip_memory2_0
                0x0000000000028e54        0x0
                [!provide]                        PROVIDE (_alt_partition_onchip_memory2_0_start, ABSOLUTE (.))
 *(.onchip_memory2_0 .onchip_memory2_0. onchip_memory2_0.*)
                0x0000000000028e54                . = ALIGN (0x4)
                [!provide]                        PROVIDE (_alt_partition_onchip_memory2_0_end, ABSOLUTE (.))
                0x0000000000028e54                _end = ABSOLUTE (.)
                0x0000000000028e54                end = ABSOLUTE (.)
                0x0000000000028e54                __alt_stack_base = ABSOLUTE (.)
                [!provide]                        PROVIDE (_alt_partition_onchip_memory2_0_load_addr, LOADADDR (.onchip_memory2_0))

.stab
 *(.stab)

.stabstr
 *(.stabstr)

.stab.excl
 *(.stab.excl)

.stab.exclstr
 *(.stab.exclstr)

.stab.index
 *(.stab.index)

.stab.indexstr
 *(.stab.indexstr)

.comment        0x0000000000000000       0x23
 *(.comment)
 .comment       0x0000000000000000       0x23 obj/default/hello_world.o
                                         0x24 (size before relaxing)
 .comment       0x0000000000000023       0x24 /opt/intelFPGA/18.1/nios2eds/bin/gnu/H-x86_64-pc-linux-gnu/bin/../lib/gcc/nios2-elf/5.3.0/../../../../../H-x86_64-pc-linux-gnu/nios2-elf/lib/libc.a(lib_a-puts.o)
 .comment       0x0000000000000023       0x24 /opt/intelFPGA/18.1/nios2eds/bin/gnu/H-x86_64-pc-linux-gnu/bin/../lib/gcc/nios2-elf/5.3.0/../../../../../H-x86_64-pc-linux-gnu/nios2-elf/lib/libc.a(lib_a-strlen.o)
 .comment       0x0000000000000023       0x24 /opt/intelFPGA/18.1/nios2eds/bin/gnu/H-x86_64-pc-linux-gnu/bin/../lib/gcc/nios2-elf/5.3.0/../../../../../H-x86_64-pc-linux-gnu/nios2-elf/lib/libc.a(lib_a-findfp.o)
 .comment       0x0000000000000023       0x24 /opt/intelFPGA/18.1/nios2eds/bin/gnu/H-x86_64-pc-linux-gnu/bin/../lib/gcc/nios2-elf/5.3.0/../../../../../H-x86_64-pc-linux-gnu/nios2-elf/lib/libc.a(lib_a-fvwrite.o)
 .comment       0x0000000000000023       0x24 /opt/intelFPGA/18.1/nios2eds/bin/gnu/H-x86_64-pc-linux-gnu/bin/../lib/gcc/nios2-elf/5.3.0/../../../../../H-x86_64-pc-linux-gnu/nios2-elf/lib/libc.a(lib_a-fwalk.o)
 .comment       0x0000000000000023       0x24 /opt/intelFPGA/18.1/nios2eds/bin/gnu/H-x86_64-pc-linux-gnu/bin/../lib/gcc/nios2-elf/5.3.0/../../../../../H-x86_64-pc-linux-gnu/nios2-elf/lib/libc.a(lib_a-impure.o)
 .comment       0x0000000000000023       0x24 /opt/intelFPGA/18.1/nios2eds/bin/gnu/H-x86_64-pc-linux-gnu/bin/../lib/gcc/nios2-elf/5.3.0/../../../../../H-x86_64-pc-linux-gnu/nios2-elf/lib/libc.a(lib_a-mallocr.o)
 .comment       0x0000000000000023       0x24 /opt/intelFPGA/18.1/nios2eds/bin/gnu/H-x86_64-pc-linux-gnu/bin/../lib/gcc/nios2-elf/5.3.0/../../../../../H-x86_64-pc-linux-gnu/nios2-elf/lib/libc.a(lib_a-memchr.o)
 .comment       0x0000000000000023       0x24 /opt/intelFPGA/18.1/nios2eds/bin/gnu/H-x86_64-pc-linux-gnu/bin/../lib/gcc/nios2-elf/5.3.0/../../../../../H-x86_64-pc-linux-gnu/nios2-elf/lib/libc.a(lib_a-memcpy.o)
 .comment       0x0000000000000023       0x24 /opt/intelFPGA/18.1/nios2eds/bin/gnu/H-x86_64-pc-linux-gnu/bin/../lib/gcc/nios2-elf/5.3.0/../../../../../H-x86_64-pc-linux-gnu/nios2-elf/lib/libc.a(lib_a-memmove.o)
 .comment       0x0000000000000023       0x24 /opt/intelFPGA/18.1/nios2eds/bin/gnu/H-x86_64-pc-linux-gnu/bin/../lib/gcc/nios2-elf/5.3.0/../../../../../H-x86_64-pc-linux-gnu/nios2-elf/lib/libc.a(lib_a-memset.o)
 .comment       0x0000000000000023       0x24 /opt/intelFPGA/18.1/nios2eds/bin/gnu/H-x86_64-pc-linux-gnu/bin/../lib/gcc/nios2-elf/5.3.0/../../../../../H-x86_64-pc-linux-gnu/nios2-elf/lib/libc.a(lib_a-reallocr.o)
 .comment       0x0000000000000023       0x24 /opt/intelFPGA/18.1/nios2eds/bin/gnu/H-x86_64-pc-linux-gnu/bin/../lib/gcc/nios2-elf/5.3.0/../../../../../H-x86_64-pc-linux-gnu/nios2-elf/lib/libc.a(lib_a-sbrkr.o)
 .comment       0x0000000000000023       0x24 /opt/intelFPGA/18.1/nios2eds/bin/gnu/H-x86_64-pc-linux-gnu/bin/../lib/gcc/nios2-elf/5.3.0/../../../../../H-x86_64-pc-linux-gnu/nios2-elf/lib/libc.a(lib_a-stdio.o)
 .comment       0x0000000000000023       0x24 /opt/intelFPGA/18.1/nios2eds/bin/gnu/H-x86_64-pc-linux-gnu/bin/../lib/gcc/nios2-elf/5.3.0/../../../../../H-x86_64-pc-linux-gnu/nios2-elf/lib/libc.a(lib_a-writer.o)
 .comment       0x0000000000000023       0x24 /opt/intelFPGA/18.1/nios2eds/bin/gnu/H-x86_64-pc-linux-gnu/bin/../lib/gcc/nios2-elf/5.3.0/../../../../../H-x86_64-pc-linux-gnu/nios2-elf/lib/libc.a(lib_a-wsetup.o)
 .comment       0x0000000000000023       0x24 /opt/intelFPGA/18.1/nios2eds/bin/gnu/H-x86_64-pc-linux-gnu/bin/../lib/gcc/nios2-elf/5.3.0/../../../../../H-x86_64-pc-linux-gnu/nios2-elf/lib/libc.a(closer.o)
 .comment       0x0000000000000023       0x24 /opt/intelFPGA/18.1/nios2eds/bin/gnu/H-x86_64-pc-linux-gnu/bin/../lib/gcc/nios2-elf/5.3.0/../../../../../H-x86_64-pc-linux-gnu/nios2-elf/lib/libc.a(lib_a-fclose.o)
 .comment       0x0000000000000023       0x24 /opt/intelFPGA/18.1/nios2eds/bin/gnu/H-x86_64-pc-linux-gnu/bin/../lib/gcc/nios2-elf/5.3.0/../../../../../H-x86_64-pc-linux-gnu/nios2-elf/lib/libc.a(lib_a-fflush.o)
 .comment       0x0000000000000023       0x24 /opt/intelFPGA/18.1/nios2eds/bin/gnu/H-x86_64-pc-linux-gnu/bin/../lib/gcc/nios2-elf/5.3.0/../../../../../H-x86_64-pc-linux-gnu/nios2-elf/lib/libc.a(lib_a-freer.o)
 .comment       0x0000000000000023       0x24 /opt/intelFPGA/18.1/nios2eds/bin/gnu/H-x86_64-pc-linux-gnu/bin/../lib/gcc/nios2-elf/5.3.0/../../../../../H-x86_64-pc-linux-gnu/nios2-elf/lib/libc.a(lib_a-int_errno.o)
 .comment       0x0000000000000023       0x24 /opt/intelFPGA/18.1/nios2eds/bin/gnu/H-x86_64-pc-linux-gnu/bin/../lib/gcc/nios2-elf/5.3.0/../../../../../H-x86_64-pc-linux-gnu/nios2-elf/lib/libc.a(lib_a-lseekr.o)
 .comment       0x0000000000000023       0x24 /opt/intelFPGA/18.1/nios2eds/bin/gnu/H-x86_64-pc-linux-gnu/bin/../lib/gcc/nios2-elf/5.3.0/../../../../../H-x86_64-pc-linux-gnu/nios2-elf/lib/libc.a(lib_a-makebuf.o)
 .comment       0x0000000000000023       0x24 /opt/intelFPGA/18.1/nios2eds/bin/gnu/H-x86_64-pc-linux-gnu/bin/../lib/gcc/nios2-elf/5.3.0/../../../../../H-x86_64-pc-linux-gnu/nios2-elf/lib/libc.a(lib_a-readr.o)
 .comment       0x0000000000000023       0x24 /opt/intelFPGA/18.1/nios2eds/bin/gnu/H-x86_64-pc-linux-gnu/bin/../lib/gcc/nios2-elf/5.3.0/../../../../../H-x86_64-pc-linux-gnu/nios2-elf/lib/libc.a(lib_a-fstatr.o)
 .comment       0x0000000000000023       0x24 /opt/intelFPGA/18.1/nios2eds/bin/gnu/H-x86_64-pc-linux-gnu/bin/../lib/gcc/nios2-elf/5.3.0/../../../../../H-x86_64-pc-linux-gnu/nios2-elf/lib/libc.a(lib_a-isattyr.o)
 .comment       0x0000000000000023       0x24 /opt/intelFPGA/18.1/nios2eds/bin/gnu/H-x86_64-pc-linux-gnu/bin/../lib/gcc/nios2-elf/5.3.0/libgcc.a(lib2-divmod.o)
 .comment       0x0000000000000023       0x24 /home/vm/Desktop/shared/fpga_parallel/sw/nios/fpga_parallel_bsp//libhal_bsp.a(alt_close.o)
 .comment       0x0000000000000023       0x24 /home/vm/Desktop/shared/fpga_parallel/sw/nios/fpga_parallel_bsp//libhal_bsp.a(alt_dev.o)
 .comment       0x0000000000000023       0x24 /home/vm/Desktop/shared/fpga_parallel/sw/nios/fpga_parallel_bsp//libhal_bsp.a(alt_errno.o)
 .comment       0x0000000000000023       0x24 /home/vm/Desktop/shared/fpga_parallel/sw/nios/fpga_parallel_bsp//libhal_bsp.a(alt_fstat.o)
 .comment       0x0000000000000023       0x24 /home/vm/Desktop/shared/fpga_parallel/sw/nios/fpga_parallel_bsp//libhal_bsp.a(alt_isatty.o)
 .comment       0x0000000000000023       0x24 /home/vm/Desktop/shared/fpga_parallel/sw/nios/fpga_parallel_bsp//libhal_bsp.a(alt_load.o)
 .comment       0x0000000000000023       0x24 /home/vm/Desktop/shared/fpga_parallel/sw/nios/fpga_parallel_bsp//libhal_bsp.a(alt_lseek.o)
 .comment       0x0000000000000023       0x24 /home/vm/Desktop/shared/fpga_parallel/sw/nios/fpga_parallel_bsp//libhal_bsp.a(alt_main.o)
 .comment       0x0000000000000023       0x24 /home/vm/Desktop/shared/fpga_parallel/sw/nios/fpga_parallel_bsp//libhal_bsp.a(alt_malloc_lock.o)
 .comment       0x0000000000000023       0x24 /home/vm/Desktop/shared/fpga_parallel/sw/nios/fpga_parallel_bsp//libhal_bsp.a(alt_read.o)
 .comment       0x0000000000000023       0x24 /home/vm/Desktop/shared/fpga_parallel/sw/nios/fpga_parallel_bsp//libhal_bsp.a(alt_release_fd.o)
 .comment       0x0000000000000023       0x24 /home/vm/Desktop/shared/fpga_parallel/sw/nios/fpga_parallel_bsp//libhal_bsp.a(alt_sbrk.o)
 .comment       0x0000000000000023       0x24 /home/vm/Desktop/shared/fpga_parallel/sw/nios/fpga_parallel_bsp//libhal_bsp.a(alt_write.o)
 .comment       0x0000000000000023       0x24 /home/vm/Desktop/shared/fpga_parallel/sw/nios/fpga_parallel_bsp//libhal_bsp.a(alt_sys_init.o)
 .comment       0x0000000000000023       0x24 /home/vm/Desktop/shared/fpga_parallel/sw/nios/fpga_parallel_bsp//libhal_bsp.a(altera_avalon_jtag_uart_fd.o)
 .comment       0x0000000000000023       0x24 /home/vm/Desktop/shared/fpga_parallel/sw/nios/fpga_parallel_bsp//libhal_bsp.a(altera_avalon_jtag_uart_init.o)
 .comment       0x0000000000000023       0x24 /home/vm/Desktop/shared/fpga_parallel/sw/nios/fpga_parallel_bsp//libhal_bsp.a(altera_avalon_jtag_uart_ioctl.o)
 .comment       0x0000000000000023       0x24 /home/vm/Desktop/shared/fpga_parallel/sw/nios/fpga_parallel_bsp//libhal_bsp.a(altera_avalon_jtag_uart_read.o)
 .comment       0x0000000000000023       0x24 /home/vm/Desktop/shared/fpga_parallel/sw/nios/fpga_parallel_bsp//libhal_bsp.a(altera_avalon_jtag_uart_write.o)
 .comment       0x0000000000000023       0x24 /home/vm/Desktop/shared/fpga_parallel/sw/nios/fpga_parallel_bsp//libhal_bsp.a(alt_alarm_start.o)
 .comment       0x0000000000000023       0x24 /home/vm/Desktop/shared/fpga_parallel/sw/nios/fpga_parallel_bsp//libhal_bsp.a(alt_dcache_flush_all.o)
 .comment       0x0000000000000023       0x24 /home/vm/Desktop/shared/fpga_parallel/sw/nios/fpga_parallel_bsp//libhal_bsp.a(alt_dev_llist_insert.o)
 .comment       0x0000000000000023       0x24 /home/vm/Desktop/shared/fpga_parallel/sw/nios/fpga_parallel_bsp//libhal_bsp.a(alt_do_ctors.o)
 .comment       0x0000000000000023       0x24 /home/vm/Desktop/shared/fpga_parallel/sw/nios/fpga_parallel_bsp//libhal_bsp.a(alt_do_dtors.o)
 .comment       0x0000000000000023       0x24 /home/vm/Desktop/shared/fpga_parallel/sw/nios/fpga_parallel_bsp//libhal_bsp.a(alt_icache_flush_all.o)
 .comment       0x0000000000000023       0x24 /home/vm/Desktop/shared/fpga_parallel/sw/nios/fpga_parallel_bsp//libhal_bsp.a(alt_iic.o)
 .comment       0x0000000000000023       0x24 /home/vm/Desktop/shared/fpga_parallel/sw/nios/fpga_parallel_bsp//libhal_bsp.a(alt_iic_isr_register.o)
 .comment       0x0000000000000023       0x24 /home/vm/Desktop/shared/fpga_parallel/sw/nios/fpga_parallel_bsp//libhal_bsp.a(alt_io_redirect.o)
 .comment       0x0000000000000023       0x24 /home/vm/Desktop/shared/fpga_parallel/sw/nios/fpga_parallel_bsp//libhal_bsp.a(alt_irq_handler.o)
 .comment       0x0000000000000023       0x24 /home/vm/Desktop/shared/fpga_parallel/sw/nios/fpga_parallel_bsp//libhal_bsp.a(alt_irq_vars.o)
 .comment       0x0000000000000023       0x24 /home/vm/Desktop/shared/fpga_parallel/sw/nios/fpga_parallel_bsp//libhal_bsp.a(alt_open.o)
 .comment       0x0000000000000023       0x24 /home/vm/Desktop/shared/fpga_parallel/sw/nios/fpga_parallel_bsp//libhal_bsp.a(alt_tick.o)
 .comment       0x0000000000000023       0x24 /home/vm/Desktop/shared/fpga_parallel/sw/nios/fpga_parallel_bsp//libhal_bsp.a(altera_nios2_gen2_irq.o)
 .comment       0x0000000000000023       0x24 /home/vm/Desktop/shared/fpga_parallel/sw/nios/fpga_parallel_bsp//libhal_bsp.a(alt_find_dev.o)
 .comment       0x0000000000000023       0x24 /home/vm/Desktop/shared/fpga_parallel/sw/nios/fpga_parallel_bsp//libhal_bsp.a(alt_find_file.o)
 .comment       0x0000000000000023       0x24 /home/vm/Desktop/shared/fpga_parallel/sw/nios/fpga_parallel_bsp//libhal_bsp.a(alt_get_fd.o)
 .comment       0x0000000000000023       0x24 /home/vm/Desktop/shared/fpga_parallel/sw/nios/fpga_parallel_bsp//libhal_bsp.a(alt_icache_flush.o)
 .comment       0x0000000000000023       0x24 /home/vm/Desktop/shared/fpga_parallel/sw/nios/fpga_parallel_bsp//libhal_bsp.a(alt_instruction_exception_entry.o)
 .comment       0x0000000000000023       0x24 /opt/intelFPGA/18.1/nios2eds/bin/gnu/H-x86_64-pc-linux-gnu/bin/../lib/gcc/nios2-elf/5.3.0/../../../../../H-x86_64-pc-linux-gnu/nios2-elf/lib/libc.a(lib_a-atexit.o)
 .comment       0x0000000000000023       0x24 /opt/intelFPGA/18.1/nios2eds/bin/gnu/H-x86_64-pc-linux-gnu/bin/../lib/gcc/nios2-elf/5.3.0/../../../../../H-x86_64-pc-linux-gnu/nios2-elf/lib/libc.a(lib_a-exit.o)
 .comment       0x0000000000000023       0x24 /opt/intelFPGA/18.1/nios2eds/bin/gnu/H-x86_64-pc-linux-gnu/bin/../lib/gcc/nios2-elf/5.3.0/../../../../../H-x86_64-pc-linux-gnu/nios2-elf/lib/libc.a(lib_a-memcmp.o)
 .comment       0x0000000000000023       0x24 /opt/intelFPGA/18.1/nios2eds/bin/gnu/H-x86_64-pc-linux-gnu/bin/../lib/gcc/nios2-elf/5.3.0/../../../../../H-x86_64-pc-linux-gnu/nios2-elf/lib/libc.a(lib_a-__atexit.o)
 .comment       0x0000000000000023       0x24 /opt/intelFPGA/18.1/nios2eds/bin/gnu/H-x86_64-pc-linux-gnu/bin/../lib/gcc/nios2-elf/5.3.0/../../../../../H-x86_64-pc-linux-gnu/nios2-elf/lib/libc.a(lib_a-__call_atexit.o)
 .comment       0x0000000000000023       0x24 /home/vm/Desktop/shared/fpga_parallel/sw/nios/fpga_parallel_bsp//libhal_bsp.a(alt_exit.o)

.debug
 *(.debug)

.line
 *(.line)

.debug_srcinfo
 *(.debug_srcinfo)

.debug_sfnames
 *(.debug_sfnames)

.debug_aranges  0x0000000000000000      0xa10
 *(.debug_aranges)
 .debug_aranges
                0x0000000000000000       0x28 /home/vm/Desktop/shared/fpga_parallel/sw/nios/fpga_parallel_bsp//obj/HAL/src/crt0.o
 .debug_aranges
                0x0000000000000028       0x20 obj/default/hello_world.o
 .debug_aranges
                0x0000000000000048       0x28 /opt/intelFPGA/18.1/nios2eds/bin/gnu/H-x86_64-pc-linux-gnu/bin/../lib/gcc/nios2-elf/5.3.0/../../../../../H-x86_64-pc-linux-gnu/nios2-elf/lib/libc.a(lib_a-puts.o)
 .debug_aranges
                0x0000000000000070       0x20 /opt/intelFPGA/18.1/nios2eds/bin/gnu/H-x86_64-pc-linux-gnu/bin/../lib/gcc/nios2-elf/5.3.0/../../../../../H-x86_64-pc-linux-gnu/nios2-elf/lib/libc.a(lib_a-strlen.o)
 .debug_aranges
                0x0000000000000090       0x68 /opt/intelFPGA/18.1/nios2eds/bin/gnu/H-x86_64-pc-linux-gnu/bin/../lib/gcc/nios2-elf/5.3.0/../../../../../H-x86_64-pc-linux-gnu/nios2-elf/lib/libc.a(lib_a-findfp.o)
 .debug_aranges
                0x00000000000000f8       0x20 /opt/intelFPGA/18.1/nios2eds/bin/gnu/H-x86_64-pc-linux-gnu/bin/../lib/gcc/nios2-elf/5.3.0/../../../../../H-x86_64-pc-linux-gnu/nios2-elf/lib/libc.a(lib_a-fvwrite.o)
 .debug_aranges
                0x0000000000000118       0x28 /opt/intelFPGA/18.1/nios2eds/bin/gnu/H-x86_64-pc-linux-gnu/bin/../lib/gcc/nios2-elf/5.3.0/../../../../../H-x86_64-pc-linux-gnu/nios2-elf/lib/libc.a(lib_a-fwalk.o)
 .debug_aranges
                0x0000000000000140       0x18 /opt/intelFPGA/18.1/nios2eds/bin/gnu/H-x86_64-pc-linux-gnu/bin/../lib/gcc/nios2-elf/5.3.0/../../../../../H-x86_64-pc-linux-gnu/nios2-elf/lib/libc.a(lib_a-impure.o)
 .debug_aranges
                0x0000000000000158       0x20 /opt/intelFPGA/18.1/nios2eds/bin/gnu/H-x86_64-pc-linux-gnu/bin/../lib/gcc/nios2-elf/5.3.0/../../../../../H-x86_64-pc-linux-gnu/nios2-elf/lib/libc.a(lib_a-mallocr.o)
 .debug_aranges
                0x0000000000000178       0x20 /opt/intelFPGA/18.1/nios2eds/bin/gnu/H-x86_64-pc-linux-gnu/bin/../lib/gcc/nios2-elf/5.3.0/../../../../../H-x86_64-pc-linux-gnu/nios2-elf/lib/libc.a(lib_a-memchr.o)
 .debug_aranges
                0x0000000000000198       0x20 /opt/intelFPGA/18.1/nios2eds/bin/gnu/H-x86_64-pc-linux-gnu/bin/../lib/gcc/nios2-elf/5.3.0/../../../../../H-x86_64-pc-linux-gnu/nios2-elf/lib/libc.a(lib_a-memcpy.o)
 .debug_aranges
                0x00000000000001b8       0x20 /opt/intelFPGA/18.1/nios2eds/bin/gnu/H-x86_64-pc-linux-gnu/bin/../lib/gcc/nios2-elf/5.3.0/../../../../../H-x86_64-pc-linux-gnu/nios2-elf/lib/libc.a(lib_a-memmove.o)
 .debug_aranges
                0x00000000000001d8       0x20 /opt/intelFPGA/18.1/nios2eds/bin/gnu/H-x86_64-pc-linux-gnu/bin/../lib/gcc/nios2-elf/5.3.0/../../../../../H-x86_64-pc-linux-gnu/nios2-elf/lib/libc.a(lib_a-memset.o)
 .debug_aranges
                0x00000000000001f8       0x20 /opt/intelFPGA/18.1/nios2eds/bin/gnu/H-x86_64-pc-linux-gnu/bin/../lib/gcc/nios2-elf/5.3.0/../../../../../H-x86_64-pc-linux-gnu/nios2-elf/lib/libc.a(lib_a-reallocr.o)
 .debug_aranges
                0x0000000000000218       0x20 /opt/intelFPGA/18.1/nios2eds/bin/gnu/H-x86_64-pc-linux-gnu/bin/../lib/gcc/nios2-elf/5.3.0/../../../../../H-x86_64-pc-linux-gnu/nios2-elf/lib/libc.a(lib_a-sbrkr.o)
 .debug_aranges
                0x0000000000000238       0x40 /opt/intelFPGA/18.1/nios2eds/bin/gnu/H-x86_64-pc-linux-gnu/bin/../lib/gcc/nios2-elf/5.3.0/../../../../../H-x86_64-pc-linux-gnu/nios2-elf/lib/libc.a(lib_a-stdio.o)
 .debug_aranges
                0x0000000000000278       0x20 /opt/intelFPGA/18.1/nios2eds/bin/gnu/H-x86_64-pc-linux-gnu/bin/../lib/gcc/nios2-elf/5.3.0/../../../../../H-x86_64-pc-linux-gnu/nios2-elf/lib/libc.a(lib_a-writer.o)
 .debug_aranges
                0x0000000000000298       0x20 /opt/intelFPGA/18.1/nios2eds/bin/gnu/H-x86_64-pc-linux-gnu/bin/../lib/gcc/nios2-elf/5.3.0/../../../../../H-x86_64-pc-linux-gnu/nios2-elf/lib/libc.a(lib_a-wsetup.o)
 .debug_aranges
                0x00000000000002b8       0x20 /opt/intelFPGA/18.1/nios2eds/bin/gnu/H-x86_64-pc-linux-gnu/bin/../lib/gcc/nios2-elf/5.3.0/../../../../../H-x86_64-pc-linux-gnu/nios2-elf/lib/libc.a(closer.o)
 .debug_aranges
                0x00000000000002d8       0x28 /opt/intelFPGA/18.1/nios2eds/bin/gnu/H-x86_64-pc-linux-gnu/bin/../lib/gcc/nios2-elf/5.3.0/../../../../../H-x86_64-pc-linux-gnu/nios2-elf/lib/libc.a(lib_a-fclose.o)
 .debug_aranges
                0x0000000000000300       0x30 /opt/intelFPGA/18.1/nios2eds/bin/gnu/H-x86_64-pc-linux-gnu/bin/../lib/gcc/nios2-elf/5.3.0/../../../../../H-x86_64-pc-linux-gnu/nios2-elf/lib/libc.a(lib_a-fflush.o)
 .debug_aranges
                0x0000000000000330       0x28 /opt/intelFPGA/18.1/nios2eds/bin/gnu/H-x86_64-pc-linux-gnu/bin/../lib/gcc/nios2-elf/5.3.0/../../../../../H-x86_64-pc-linux-gnu/nios2-elf/lib/libc.a(lib_a-freer.o)
 .debug_aranges
                0x0000000000000358       0x18 /opt/intelFPGA/18.1/nios2eds/bin/gnu/H-x86_64-pc-linux-gnu/bin/../lib/gcc/nios2-elf/5.3.0/../../../../../H-x86_64-pc-linux-gnu/nios2-elf/lib/libc.a(lib_a-int_errno.o)
 .debug_aranges
                0x0000000000000370       0x20 /opt/intelFPGA/18.1/nios2eds/bin/gnu/H-x86_64-pc-linux-gnu/bin/../lib/gcc/nios2-elf/5.3.0/../../../../../H-x86_64-pc-linux-gnu/nios2-elf/lib/libc.a(lib_a-lseekr.o)
 .debug_aranges
                0x0000000000000390       0x20 /opt/intelFPGA/18.1/nios2eds/bin/gnu/H-x86_64-pc-linux-gnu/bin/../lib/gcc/nios2-elf/5.3.0/../../../../../H-x86_64-pc-linux-gnu/nios2-elf/lib/libc.a(lib_a-makebuf.o)
 .debug_aranges
                0x00000000000003b0       0x20 /opt/intelFPGA/18.1/nios2eds/bin/gnu/H-x86_64-pc-linux-gnu/bin/../lib/gcc/nios2-elf/5.3.0/../../../../../H-x86_64-pc-linux-gnu/nios2-elf/lib/libc.a(lib_a-readr.o)
 .debug_aranges
                0x00000000000003d0       0x20 /opt/intelFPGA/18.1/nios2eds/bin/gnu/H-x86_64-pc-linux-gnu/bin/../lib/gcc/nios2-elf/5.3.0/../../../../../H-x86_64-pc-linux-gnu/nios2-elf/lib/libc.a(lib_a-fstatr.o)
 .debug_aranges
                0x00000000000003f0       0x20 /opt/intelFPGA/18.1/nios2eds/bin/gnu/H-x86_64-pc-linux-gnu/bin/../lib/gcc/nios2-elf/5.3.0/../../../../../H-x86_64-pc-linux-gnu/nios2-elf/lib/libc.a(lib_a-isattyr.o)
 .debug_aranges
                0x0000000000000410       0x20 /opt/intelFPGA/18.1/nios2eds/bin/gnu/H-x86_64-pc-linux-gnu/bin/../lib/gcc/nios2-elf/5.3.0/libgcc.a(lib2-divmod.o)
 .debug_aranges
                0x0000000000000430       0x20 /home/vm/Desktop/shared/fpga_parallel/sw/nios/fpga_parallel_bsp//libhal_bsp.a(alt_close.o)
 .debug_aranges
                0x0000000000000450       0x20 /home/vm/Desktop/shared/fpga_parallel/sw/nios/fpga_parallel_bsp//libhal_bsp.a(alt_dev.o)
 .debug_aranges
                0x0000000000000470       0x18 /home/vm/Desktop/shared/fpga_parallel/sw/nios/fpga_parallel_bsp//libhal_bsp.a(alt_errno.o)
 .debug_aranges
                0x0000000000000488       0x20 /home/vm/Desktop/shared/fpga_parallel/sw/nios/fpga_parallel_bsp//libhal_bsp.a(alt_fstat.o)
 .debug_aranges
                0x00000000000004a8       0x20 /home/vm/Desktop/shared/fpga_parallel/sw/nios/fpga_parallel_bsp//libhal_bsp.a(alt_isatty.o)
 .debug_aranges
                0x00000000000004c8       0x20 /home/vm/Desktop/shared/fpga_parallel/sw/nios/fpga_parallel_bsp//libhal_bsp.a(alt_load.o)
 .debug_aranges
                0x00000000000004e8       0x20 /home/vm/Desktop/shared/fpga_parallel/sw/nios/fpga_parallel_bsp//libhal_bsp.a(alt_lseek.o)
 .debug_aranges
                0x0000000000000508       0x20 /home/vm/Desktop/shared/fpga_parallel/sw/nios/fpga_parallel_bsp//libhal_bsp.a(alt_main.o)
 .debug_aranges
                0x0000000000000528       0x20 /home/vm/Desktop/shared/fpga_parallel/sw/nios/fpga_parallel_bsp//libhal_bsp.a(alt_malloc_lock.o)
 .debug_aranges
                0x0000000000000548       0x20 /home/vm/Desktop/shared/fpga_parallel/sw/nios/fpga_parallel_bsp//libhal_bsp.a(alt_read.o)
 .debug_aranges