Archive member included to satisfy reference by file (symbol)

/opt/intelFPGA/18.1/nios2eds/bin/gnu/H-x86_64-pc-linux-gnu/bin/../lib/gcc/nios2-elf/5.3.0/../../../../../H-x86_64-pc-linux-gnu/nios2-elf/lib/libc.a(lib_a-printf.o)
                              obj/default/hello_world.o (printf)
/opt/intelFPGA/18.1/nios2eds/bin/gnu/H-x86_64-pc-linux-gnu/bin/../lib/gcc/nios2-elf/5.3.0/../../../../../H-x86_64-pc-linux-gnu/nios2-elf/lib/libc.a(lib_a-putchar.o)
                              obj/default/hello_world.o (putchar)
/opt/intelFPGA/18.1/nios2eds/bin/gnu/H-x86_64-pc-linux-gnu/bin/../lib/gcc/nios2-elf/5.3.0/../../../../../H-x86_64-pc-linux-gnu/nios2-elf/lib/libc.a(lib_a-puts.o)
                              obj/default/hello_world.o (puts)
/opt/intelFPGA/18.1/nios2eds/bin/gnu/H-x86_64-pc-linux-gnu/bin/../lib/gcc/nios2-elf/5.3.0/../../../../../H-x86_64-pc-linux-gnu/nios2-elf/lib/libc.a(lib_a-strlen.o)
                              /opt/intelFPGA/18.1/nios2eds/bin/gnu/H-x86_64-pc-linux-gnu/bin/../lib/gcc/nios2-elf/5.3.0/../../../../../H-x86_64-pc-linux-gnu/nios2-elf/lib/libc.a(lib_a-puts.o) (strlen)
/opt/intelFPGA/18.1/nios2eds/bin/gnu/H-x86_64-pc-linux-gnu/bin/../lib/gcc/nios2-elf/5.3.0/../../../../../H-x86_64-pc-linux-gnu/nios2-elf/lib/libc.a(lib_a-vfprintf.o)
                              /opt/intelFPGA/18.1/nios2eds/bin/gnu/H-x86_64-pc-linux-gnu/bin/../lib/gcc/nios2-elf/5.3.0/../../../../../H-x86_64-pc-linux-gnu/nios2-elf/lib/libc.a(lib_a-printf.o) (___vfprintf_internal_r)
/opt/intelFPGA/18.1/nios2eds/bin/gnu/H-x86_64-pc-linux-gnu/bin/../lib/gcc/nios2-elf/5.3.0/../../../../../H-x86_64-pc-linux-gnu/nios2-elf/lib/libc.a(lib_a-wsetup.o)
                              /opt/intelFPGA/18.1/nios2eds/bin/gnu/H-x86_64-pc-linux-gnu/bin/../lib/gcc/nios2-elf/5.3.0/../../../../../H-x86_64-pc-linux-gnu/nios2-elf/lib/libc.a(lib_a-vfprintf.o) (__swsetup_r)
/opt/intelFPGA/18.1/nios2eds/bin/gnu/H-x86_64-pc-linux-gnu/bin/../lib/gcc/nios2-elf/5.3.0/../../../../../H-x86_64-pc-linux-gnu/nios2-elf/lib/libc.a(lib_a-dtoa.o)
                              /opt/intelFPGA/18.1/nios2eds/bin/gnu/H-x86_64-pc-linux-gnu/bin/../lib/gcc/nios2-elf/5.3.0/../../../../../H-x86_64-pc-linux-gnu/nios2-elf/lib/libc.a(lib_a-vfprintf.o) (_dtoa_r)
/opt/intelFPGA/18.1/nios2eds/bin/gnu/H-x86_64-pc-linux-gnu/bin/../lib/gcc/nios2-elf/5.3.0/../../../../../H-x86_64-pc-linux-gnu/nios2-elf/lib/libc.a(lib_a-fflush.o)
                              /opt/intelFPGA/18.1/nios2eds/bin/gnu/H-x86_64-pc-linux-gnu/bin/../lib/gcc/nios2-elf/5.3.0/../../../../../H-x86_64-pc-linux-gnu/nios2-elf/lib/libc.a(lib_a-vfprintf.o) (_fflush_r)
/opt/intelFPGA/18.1/nios2eds/bin/gnu/H-x86_64-pc-linux-gnu/bin/../lib/gcc/nios2-elf/5.3.0/../../../../../H-x86_64-pc-linux-gnu/nios2-elf/lib/libc.a(lib_a-findfp.o)
                              /opt/intelFPGA/18.1/nios2eds/bin/gnu/H-x86_64-pc-linux-gnu/bin/../lib/gcc/nios2-elf/5.3.0/../../../../../H-x86_64-pc-linux-gnu/nios2-elf/lib/libc.a(lib_a-puts.o) (__sinit)
/opt/intelFPGA/18.1/nios2eds/bin/gnu/H-x86_64-pc-linux-gnu/bin/../lib/gcc/nios2-elf/5.3.0/../../../../../H-x86_64-pc-linux-gnu/nios2-elf/lib/libc.a(lib_a-freer.o)
                              /opt/intelFPGA/18.1/nios2eds/bin/gnu/H-x86_64-pc-linux-gnu/bin/../lib/gcc/nios2-elf/5.3.0/../../../../../H-x86_64-pc-linux-gnu/nios2-elf/lib/libc.a(lib_a-wsetup.o) (_free_r)
/opt/intelFPGA/18.1/nios2eds/bin/gnu/H-x86_64-pc-linux-gnu/bin/../lib/gcc/nios2-elf/5.3.0/../../../../../H-x86_64-pc-linux-gnu/nios2-elf/lib/libc.a(lib_a-fvwrite.o)
                              /opt/intelFPGA/18.1/nios2eds/bin/gnu/H-x86_64-pc-linux-gnu/bin/../lib/gcc/nios2-elf/5.3.0/../../../../../H-x86_64-pc-linux-gnu/nios2-elf/lib/libc.a(lib_a-puts.o) (__sfvwrite_r)
/opt/intelFPGA/18.1/nios2eds/bin/gnu/H-x86_64-pc-linux-gnu/bin/../lib/gcc/nios2-elf/5.3.0/../../../../../H-x86_64-pc-linux-gnu/nios2-elf/lib/libc.a(lib_a-fwalk.o)
                              /opt/intelFPGA/18.1/nios2eds/bin/gnu/H-x86_64-pc-linux-gnu/bin/../lib/gcc/nios2-elf/5.3.0/../../../../../H-x86_64-pc-linux-gnu/nios2-elf/lib/libc.a(lib_a-findfp.o) (_fwalk)
/opt/intelFPGA/18.1/nios2eds/bin/gnu/H-x86_64-pc-linux-gnu/bin/../lib/gcc/nios2-elf/5.3.0/../../../../../H-x86_64-pc-linux-gnu/nios2-elf/lib/libc.a(lib_a-impure.o)
                              /opt/intelFPGA/18.1/nios2eds/bin/gnu/H-x86_64-pc-linux-gnu/bin/../lib/gcc/nios2-elf/5.3.0/../../../../../H-x86_64-pc-linux-gnu/nios2-elf/lib/libc.a(lib_a-fflush.o) (_global_impure_ptr)
/opt/intelFPGA/18.1/nios2eds/bin/gnu/H-x86_64-pc-linux-gnu/bin/../lib/gcc/nios2-elf/5.3.0/../../../../../H-x86_64-pc-linux-gnu/nios2-elf/lib/libc.a(lib_a-locale.o)
                              /opt/intelFPGA/18.1/nios2eds/bin/gnu/H-x86_64-pc-linux-gnu/bin/../lib/gcc/nios2-elf/5.3.0/../../../../../H-x86_64-pc-linux-gnu/nios2-elf/lib/libc.a(lib_a-vfprintf.o) (_localeconv_r)
[...]
Memory Configuration

Name             Origin             Length             Attributes
reset            0x0000000010100000 0x0000000000000020
onchip_memory2_0 0x0000000010100020 0x000000000001ffe0
*default*        0x0000000000000000 0xffffffffffffffff

Linker script and memory map

LOAD /home/vm/Desktop/shared/lab4_project/sw/nios/lab_4_lcd_bsp//obj/HAL/src/crt0.o
LOAD obj/default/hello_world.o
LOAD /opt/intelFPGA/18.1/nios2eds/bin/gnu/H-x86_64-pc-linux-gnu/bin/../lib/gcc/nios2-elf/5.3.0/../../../../../H-x86_64-pc-linux-gnu/nios2-elf/lib/libstdc++.a
LOAD /opt/intelFPGA/18.1/nios2eds/bin/gnu/H-x86_64-pc-linux-gnu/bin/../lib/gcc/nios2-elf/5.3.0/../../../../../H-x86_64-pc-linux-gnu/nios2-elf/lib/libm.a
LOAD /opt/intelFPGA/18.1/nios2eds/bin/gnu/H-x86_64-pc-linux-gnu/bin/../lib/gcc/nios2-elf/5.3.0/libgcc.a
START GROUP
LOAD /opt/intelFPGA/18.1/nios2eds/bin/gnu/H-x86_64-pc-linux-gnu/bin/../lib/gcc/nios2-elf/5.3.0/../../../../../H-x86_64-pc-linux-gnu/nios2-elf/lib/libc.a
LOAD /opt/intelFPGA/18.1/nios2eds/bin/gnu/H-x86_64-pc-linux-gnu/bin/../lib/gcc/nios2-elf/5.3.0/libgcc.a
LOAD /home/vm/Desktop/shared/lab4_project/sw/nios/lab_4_lcd_bsp//libhal_bsp.a
LOAD /opt/intelFPGA/18.1/nios2eds/bin/gnu/H-x86_64-pc-linux-gnu/bin/../lib/gcc/nios2-elf/5.3.0/../../../../../H-x86_64-pc-linux-gnu/nios2-elf/lib/libm.a
END GROUP
LOAD /opt/intelFPGA/18.1/nios2eds/bin/gnu/H-x86_64-pc-linux-gnu/bin/../lib/gcc/nios2-elf/5.3.0/libgcc.a
                0x0000000010100000                __alt_mem_onchip_memory2_0 = 0x10100000

.entry          0x0000000010100000       0x20
 *(.entry)
 .entry         0x0000000010100000       0x20 /home/vm/Desktop/shared/lab4_project/sw/nios/lab_4_lcd_bsp//obj/HAL/src/crt0.o
                0x0000000010100000                __reset

.exceptions     0x0000000010100020      0x224
                0x0000000010100020                PROVIDE (__ram_exceptions_start, ABSOLUTE (.))
                0x0000000010100020                . = ALIGN (0x20)
 *(.irq)
 *(.exceptions.entry.label)
 .exceptions.entry.label
                0x0000000010100020        0x0 /home/vm/Desktop/shared/lab4_project/sw/nios/lab_4_lcd_bsp//libhal_bsp.a(alt_irq_entry.o)
                0x0000000010100020                alt_irq_entry
 .exceptions.entry.label
                0x0000000010100020        0x0 /home/vm/Desktop/shared/lab4_project/sw/nios/lab_4_lcd_bsp//libhal_bsp.a(alt_exception_entry.o)
                0x0000000010100020                alt_exception
 *(.exceptions.entry.user)
 *(.exceptions.entry.ecc_fatal)
 *(.exceptions.entry)
 .exceptions.entry
                0x0000000010100020       0x54 /home/vm/Desktop/shared/lab4_project/sw/nios/lab_4_lcd_bsp//libhal_bsp.a(alt_exception_entry.o)
 *(.exceptions.irqtest.user)
 *(.exceptions.irqtest)
 .exceptions.irqtest
                0x0000000010100074       0x10 /home/vm/Desktop/shared/lab4_project/sw/nios/lab_4_lcd_bsp//libhal_bsp.a(alt_irq_entry.o)
 *(.exceptions.irqhandler.user)
 *(.exceptions.irqhandler)
 .exceptions.irqhandler
                0x0000000010100084        0x4 /home/vm/Desktop/shared/lab4_project/sw/nios/lab_4_lcd_bsp//libhal_bsp.a(alt_irq_entry.o)
 *(.exceptions.irqreturn.user)
 *(.exceptions.irqreturn)
 .exceptions.irqreturn
                0x0000000010100088        0x4 /home/vm/Desktop/shared/lab4_project/sw/nios/lab_4_lcd_bsp//libhal_bsp.a(alt_irq_entry.o)
 *(.exceptions.notirq.label)
 .exceptions.notirq.label
                0x000000001010008c        0x0 /home/vm/Desktop/shared/lab4_project/sw/nios/lab_4_lcd_bsp//libhal_bsp.a(alt_irq_entry.o)
 *(.exceptions.notirq.user)
 *(.exceptions.notirq)
 .exceptions.notirq
                0x000000001010008c        0x8 /home/vm/Desktop/shared/lab4_project/sw/nios/lab_4_lcd_bsp//libhal_bsp.a(alt_exception_entry.o)
 *(.exceptions.soft.user)
 *(.exceptions.soft)
 *(.exceptions.unknown.user)
 *(.exceptions.unknown)
 .exceptions.unknown
                0x0000000010100094       0x14 /home/vm/Desktop/shared/lab4_project/sw/nios/lab_4_lcd_bsp//libhal_bsp.a(alt_exception_entry.o)
 *(.exceptions.exit.label)
 .exceptions.exit.label
                0x00000000101000a8        0x0 /home/vm/Desktop/shared/lab4_project/sw/nios/lab_4_lcd_bsp//libhal_bsp.a(alt_irq_entry.o)
 .exceptions.exit.label
                0x00000000101000a8        0x0 /home/vm/Desktop/shared/lab4_project/sw/nios/lab_4_lcd_bsp//libhal_bsp.a(alt_exception_entry.o)
 *(.exceptions.exit.user)
 *(.exceptions.exit)
 .exceptions.exit
                0x00000000101000a8       0x54 /home/vm/Desktop/shared/lab4_project/sw/nios/lab_4_lcd_bsp//libhal_bsp.a(alt_exception_entry.o)
 *(.exceptions)
 .exceptions    0x00000000101000fc       0xd4 /home/vm/Desktop/shared/lab4_project/sw/nios/lab_4_lcd_bsp//libhal_bsp.a(alt_irq_handler.o)
                0x00000000101000fc                alt_irq_handler
 .exceptions    0x00000000101001d0       0x74 /home/vm/Desktop/shared/lab4_project/sw/nios/lab_4_lcd_bsp//libhal_bsp.a(alt_instruction_exception_entry.o)
                0x00000000101001d0                alt_instruction_exception_entry
                0x0000000010100244                PROVIDE (__ram_exceptions_end, ABSOLUTE (.))
                0x0000000010100020                PROVIDE (__flash_exceptions_start, LOADADDR (.exceptions))

.text           0x0000000010100244     0xffe8
                [!provide]                        PROVIDE (stext, ABSOLUTE (.))
 *(.interp)
 *(.hash)
 *(.dynsym)
 *(.dynstr)
 *(.gnu.version)
 *(.gnu.version_d)
 *(.gnu.version_r)
 *(.rel.init)
 *(.rela.init)
 *(.rel.text .rel.text.* .rel.gnu.linkonce.t.*)
 *(.rela.text .rela.text.* .rela.gnu.linkonce.t.*)
 *(.rel.fini)
 *(.rela.fini)
 *(.rel.rodata .rel.rodata.* .rel.gnu.linkonce.r.*)
 *(.rela.rodata .rela.rodata.* .rela.gnu.linkonce.r.*)
 *(.rel.data .rel.data.* .rel.gnu.linkonce.d.*)
 *(.rela.data .rela.data.* .rela.gnu.linkonce.d.*)
 *(.rel.tdata .rel.tdata.* .rel.gnu.linkonce.td.*)
 *(.rela.tdata .rela.tdata.* .rela.gnu.linkonce.td.*)
 *(.rel.tbss .rel.tbss.* .rel.gnu.linkonce.tb.*)
 *(.rela.tbss .rela.tbss.* .rela.gnu.linkonce.tb.*)
 *(.rel.ctors)
 *(.rela.ctors)
 *(.rel.dtors)
 *(.rela.dtors)
 *(.rel.got)
 *(.rela.got)
 *(.rel.sdata .rel.sdata.* .rel.gnu.linkonce.s.*)
 *(.rela.sdata .rela.sdata.* .rela.gnu.linkonce.s.*)
 *(.rel.sbss .rel.sbss.* .rel.gnu.linkonce.sb.*)
 *(.rela.sbss .rela.sbss.* .rela.gnu.linkonce.sb.*)
 *(.rel.sdata2 .rel.sdata2.* .rel.gnu.linkonce.s2.*)
 *(.rela.sdata2 .rela.sdata2.* .rela.gnu.linkonce.s2.*)
 *(.rel.sbss2 .rel.sbss2.* .rel.gnu.linkonce.sb2.*)
 *(.rela.sbss2 .rela.sbss2.* .rela.gnu.linkonce.sb2.*)
 *(.rel.bss .rel.bss.* .rel.gnu.linkonce.b.*)
 *(.rela.bss .rela.bss.* .rela.gnu.linkonce.b.*)
 *(.rel.plt)
 *(.rela.plt)
 *(.rel.dyn)
 *(.init)
 *(.plt)
 *(.text .stub .text.* .gnu.linkonce.t.*)
 .text          0x0000000010100244       0x4c /home/vm/Desktop/shared/lab4_project/sw/nios/lab_4_lcd_bsp//obj/HAL/src/crt0.o
                0x0000000010100244                _start
 .text          0x0000000010100290      0xe54 obj/default/hello_world.o
                0x0000000010100290                main
                0x00000000101002fc                fill_frame
                0x0000000010100390                fill_square
                0x0000000010100470                clear_frame
                0x00000000101004fc                new_cam_init
                0x00000000101005fc                cam_write
                0x00000000101006e4                LCD_init
                0x0000000010100fc8                send_reset
                0x0000000010101038                delay_ms
                0x00000000101010a0                delay_clk
 .text          0x00000000101010e4        0x0 /opt/intelFPGA/18.1/nios2eds/bin/gnu/H-x86_64-pc-linux-gnu/bin/../lib/gcc/nios2-elf/5.3.0/../../../../../H-x86_64-pc-linux-gnu/nios2-elf/lib/libc.a(lib_a-printf.o)
 .text._printf_r
                0x00000000101010e4       0x30 /opt/intelFPGA/18.1/nios2eds/bin/gnu/H-x86_64-pc-linux-gnu/bin/../lib/gcc/nios2-elf/5.3.0/../../../../../H-x86_64-pc-linux-gnu/nios2-elf/lib/libc.a(lib_a-printf.o)
                0x00000000101010e4                _printf_r
 .text.printf   0x0000000010101114       0x3c /opt/intelFPGA/18.1/nios2eds/bin/gnu/H-x86_64-pc-linux-gnu/bin/../lib/gcc/nios2-elf/5.3.0/../../../../../H-x86_64-pc-linux-gnu/nios2-elf/lib/libc.a(lib_a-printf.o)
                0x0000000010101114                printf
 .text          0x0000000010101150        0x0 /opt/intelFPGA/18.1/nios2eds/bin/gnu/H-x86_64-pc-linux-gnu/bin/../lib/gcc/nios2-elf/5.3.0/../../../../../H-x86_64-pc-linux-gnu/nios2-elf/lib/libc.a(lib_a-putchar.o)
 .text._putchar_r
                0x0000000010101150        0x8 /opt/intelFPGA/18.1/nios2eds/bin/gnu/H-x86_64-pc-linux-gnu/bin/../lib/gcc/nios2-elf/5.3.0/../../../../../H-x86_64-pc-linux-gnu/nios2-elf/lib/libc.a(lib_a-putchar.o)
                0x0000000010101150                _putchar_r
 .text.putchar  0x0000000010101158       0x18 /opt/intelFPGA/18.1/nios2eds/bin/gnu/H-x86_64-pc-linux-gnu/bin/../lib/gcc/nios2-elf/5.3.0/../../../../../H-x86_64-pc-linux-gnu/nios2-elf/lib/libc.a(lib_a-putchar.o)
                0x0000000010101158                putchar
 .text          0x0000000010101170        0x0 /opt/intelFPGA/18.1/nios2eds/bin/gnu/H-x86_64-pc-linux-gnu/bin/../lib/gcc/nios2-elf/5.3.0/../../../../../H-x86_64-pc-linux-gnu/nios2-elf/lib/libc.a(lib_a-puts.o)
 .text._puts_r  0x0000000010101170       0xc0 /opt/intelFPGA/18.1/nios2eds/bin/gnu/H-x86_64-pc-linux-gnu/bin/../lib/gcc/nios2-elf/5.3.0/../../../../../H-x86_64-pc-linux-gnu/nios2-elf/lib/libc.a(lib_a-puts.o)
                0x0000000010101170                _puts_r
 .text.puts     0x0000000010101230       0x14 /opt/intelFPGA/18.1/nios2eds/bin/gnu/H-x86_64-pc-linux-gnu/bin/../lib/gcc/nios2-elf/5.3.0/../../../../../H-x86_64-pc-linux-gnu/nios2-elf/lib/libc.a(lib_a-puts.o)
                0x0000000010101230                puts
 .text          0x0000000010101244        0x0 /opt/intelFPGA/18.1/nios2eds/bin/gnu/H-x86_64-pc-linux-gnu/bin/../lib/gcc/nios2-elf/5.3.0/../../../../../H-x86_64-pc-linux-gnu/nios2-elf/lib/libc.a(lib_a-strlen.o)
 .text.strlen   0x0000000010101244       0x98 /opt/intelFPGA/18.1/nios2eds/bin/gnu/H-x86_64-pc-linux-gnu/bin/../lib/gcc/nios2-elf/5.3.0/../../../../../H-x86_64-pc-linux-gnu/nios2-elf/lib/libc.a(lib_a-strlen.o)
                0x0000000010101244                strlen
 .text          0x00000000101012dc        0x0 /opt/intelFPGA/18.1/nios2eds/bin/gnu/H-x86_64-pc-linux-gnu/bin/../lib/gcc/nios2-elf/5.3.0/../../../../../H-x86_64-pc-linux-gnu/nios2-elf/lib/libc.a(lib_a-vfprintf.o)
 .text.___vfprintf_internal_r
                0x00000000101012dc     0x21f8 /opt/intelFPGA/18.1/nios2eds/bin/gnu/H-x86_64-pc-linux-gnu/bin/../lib/gcc/nios2-elf/5.3.0/../../../../../H-x86_64-pc-linux-gnu/nios2-elf/lib/libc.a(lib_a-vfprintf.o)
                0x00000000101012dc                ___vfprintf_internal_r
 .text.__vfprintf_internal
                0x00000000101034d4       0x1c /opt/intelFPGA/18.1/nios2eds/bin/gnu/H-x86_64-pc-linux-gnu/bin/../lib/gcc/nios2-elf/5.3.0/../../../../../H-x86_64-pc-linux-gnu/nios2-elf/lib/libc.a(lib_a-vfprintf.o)
                0x00000000101034d4                __vfprintf_internal
 .text.__sbprintf
                0x00000000101034f0       0xbc /opt/intelFPGA/18.1/nios2eds/bin/gnu/H-x86_64-pc-linux-gnu/bin/../lib/gcc/nios2-elf/5.3.0/../../../../../H-x86_64-pc-linux-gnu/nios2-elf/lib/libc.a(lib_a-vfprintf.o)
 .text          0x00000000101035ac        0x0 /opt/intelFPGA/18.1/nios2eds/bin/gnu/H-x86_64-pc-linux-gnu/bin/../lib/gcc/nios2-elf/5.3.0/../../../../../H-x86_64-pc-linux-gnu/nios2-elf/lib/libc.a(lib_a-wsetup.o)
 .text.__swsetup_r
                0x00000000101035ac      0x154 /opt/intelFPGA/18.1/nios2eds/bin/gnu/H-x86_64-pc-linux-gnu/bin/../lib/gcc/nios2-elf/5.3.0/../../../../../H-x86_64-pc-linux-gnu/nios2-elf/lib/libc.a(lib_a-wsetup.o)
                0x00000000101035ac                __swsetup_r
 .text          0x0000000010103700        0x0 /opt/intelFPGA/18.1/nios2eds/bin/gnu/H-x86_64-pc-linux-gnu/bin/../lib/gcc/nios2-elf/5.3.0/../../../../../H-x86_64-pc-linux-gnu/nios2-elf/lib/libc.a(lib_a-dtoa.o)
 .text.quorem   0x0000000010103700      0x200 /opt/intelFPGA/18.1/nios2eds/bin/gnu/H-x86_64-pc-linux-gnu/bin/../lib/gcc/nios2-elf/5.3.0/../../../../../H-x86_64-pc-linux-gnu/nios2-elf/lib/libc.a(lib_a-dtoa.o)
 .text._dtoa_r  0x0000000010103900     0x1688 /opt/intelFPGA/18.1/nios2eds/bin/gnu/H-x86_64-pc-linux-gnu/bin/../lib/gcc/nios2-elf/5.3.0/../../../../../H-x86_64-pc-linux-gnu/nios2-elf/lib/libc.a(lib_a-dtoa.o)
                0x0000000010103900                _dtoa_r
 .text          0x0000000010104f88        0x0 /opt/intelFPGA/18.1/nios2eds/bin/gnu/H-x86_64-pc-linux-gnu/bin/../lib/gcc/nios2-elf/5.3.0/../../../../../H-x86_64-pc-linux-gnu/nios2-elf/lib/libc.a(lib_a-fflush.o)
 .text.__sflush_r
                0x0000000010104f88      0x21c /opt/intelFPGA/18.1/nios2eds/bin/gnu/H-x86_64-pc-linux-gnu/bin/../lib/gcc/nios2-elf/5.3.0/../../../../../H-x86_64-pc-linux-gnu/nios2-elf/lib/libc.a(lib_a-fflush.o)
                0x0000000010104f88                __sflush_r
 .text._fflush_r
                0x00000000101051a4       0x5c /opt/intelFPGA/18.1/nios2eds/bin/gnu/H-x86_64-pc-linux-gnu/bin/../lib/gcc/nios2-elf/5.3.0/../../../../../H-x86_64-pc-linux-gnu/nios2-elf/lib/libc.a(lib_a-fflush.o)
                0x00000000101051a4                _fflush_r
 .text.fflush   0x0000000010105200       0x30 /opt/intelFPGA/18.1/nios2eds/bin/gnu/H-x86_64-pc-linux-gnu/bin/../lib/gcc/nios2-elf/5.3.0/../../../../../H-x86_64-pc-linux-gnu/nios2-elf/lib/libc.a(lib_a-fflush.o)
                0x0000000010105200                fflush
 .text          0x0000000010105230        0x0 /opt/intelFPGA/18.1/nios2eds/bin/gnu/H-x86_64-pc-linux-gnu/bin/../lib/gcc/nios2-elf/5.3.0/../../../../../H-x86_64-pc-linux-gnu/nios2-elf/lib/libc.a(lib_a-findfp.o)
 .text.__fp_unlock
                0x0000000010105230        0x8 /opt/intelFPGA/18.1/nios2eds/bin/gnu/H-x86_64-pc-linux-gnu/bin/../lib/gcc/nios2-elf/5.3.0/../../../../../H-x86_64-pc-linux-gnu/nios2-elf/lib/libc.a(lib_a-findfp.o)
 .text._cleanup_r
                0x0000000010105238        0xc /opt/intelFPGA/18.1/nios2eds/bin/gnu/H-x86_64-pc-linux-gnu/bin/../lib/gcc/nios2-elf/5.3.0/../../../../../H-x86_64-pc-linux-gnu/nios2-elf/lib/libc.a(lib_a-findfp.o)
                0x0000000010105238                _cleanup_r
 .text.__sinit.part.1
                0x0000000010105244      0x19c /opt/intelFPGA/18.1/nios2eds/bin/gnu/H-x86_64-pc-linux-gnu/bin/../lib/gcc/nios2-elf/5.3.0/../../../../../H-x86_64-pc-linux-gnu/nios2-elf/lib/libc.a(lib_a-findfp.o)
 .text.__fp_lock
                0x00000000101053e0        0x8 /opt/intelFPGA/18.1/nios2eds/bin/gnu/H-x86_64-pc-linux-gnu/bin/../lib/gcc/nios2-elf/5.3.0/../../../../../H-x86_64-pc-linux-gnu/nios2-elf/lib/libc.a(lib_a-findfp.o)
 .text.__sfmoreglue
                0x00000000101053e8       0x68 /opt/intelFPGA/18.1/nios2eds/bin/gnu/H-x86_64-pc-linux-gnu/bin/../lib/gcc/nios2-elf/5.3.0/../../../../../H-x86_64-pc-linux-gnu/nios2-elf/lib/libc.a(lib_a-findfp.o)
                0x00000000101053e8                __sfmoreglue
 .text.__sfp    0x0000000010105450      0x118 /opt/intelFPGA/18.1/nios2eds/bin/gnu/H-x86_64-pc-linux-gnu/bin/../lib/gcc/nios2-elf/5.3.0/../../../../../H-x86_64-pc-linux-gnu/nios2-elf/lib/libc.a(lib_a-findfp.o)
                0x0000000010105450                __sfp
 .text._cleanup
                0x0000000010105568       0x18 /opt/intelFPGA/18.1/nios2eds/bin/gnu/H-x86_64-pc-linux-gnu/bin/../lib/gcc/nios2-elf/5.3.0/../../../../../H-x86_64-pc-linux-gnu/nios2-elf/lib/libc.a(lib_a-findfp.o)
                0x0000000010105568                _cleanup
 .text.__sinit  0x0000000010105580       0x10 /opt/intelFPGA/18.1/nios2eds/bin/gnu/H-x86_64-pc-linux-gnu/bin/../lib/gcc/nios2-elf/5.3.0/../../../../../H-x86_64-pc-linux-gnu/nios2-elf/lib/libc.a(lib_a-findfp.o)
                0x0000000010105580                __sinit
 .text.__sfp_lock_acquire
                0x0000000010105590        0x4 /opt/intelFPGA/18.1/nios2eds/bin/gnu/H-x86_64-pc-linux-gnu/bin/../lib/gcc/nios2-elf/5.3.0/../../../../../H-x86_64-pc-linux-gnu/nios2-elf/lib/libc.a(lib_a-findfp.o)
                0x0000000010105590                __sfp_lock_acquire
 .text.__sfp_lock_release
                0x0000000010105594        0x4 /opt/intelFPGA/18.1/nios2eds/bin/gnu/H-x86_64-pc-linux-gnu/bin/../lib/gcc/nios2-elf/5.3.0/../../../../../H-x86_64-pc-linux-gnu/nios2-elf/lib/libc.a(lib_a-findfp.o)
                0x0000000010105594                __sfp_lock_release
 .text.__sinit_lock_acquire
                0x0000000010105598        0x4 /opt/intelFPGA/18.1/nios2eds/bin/gnu/H-x86_64-pc-linux-gnu/bin/../lib/gcc/nios2-elf/5.3.0/../../../../../H-x86_64-pc-linux-gnu/nios2-elf/lib/libc.a(lib_a-findfp.o)
                0x0000000010105598                __sinit_lock_acquire
 .text.__sinit_lock_release
                0x000000001010559c        0x4 /opt/intelFPGA/18.1/nios2eds/bin/gnu/H-x86_64-pc-linux-gnu/bin/../lib/gcc/nios2-elf/5.3.0/../../../../../H-x86_64-pc-linux-gnu/nios2-elf/lib/libc.a(lib_a-findfp.o)
                0x000000001010559c                __sinit_lock_release
 .text.__fp_lock_all
                0x00000000101055a0       0x18 /opt/intelFPGA/18.1/nios2eds/bin/gnu/H-x86_64-pc-linux-gnu/bin/../lib/gcc/nios2-elf/5.3.0/../../../../../H-x86_64-pc-linux-gnu/nios2-elf/lib/libc.a(lib_a-findfp.o)
                0x00000000101055a0                __fp_lock_all
 .text.__fp_unlock_all
                0x00000000101055b8       0x18 /opt/intelFPGA/18.1/nios2eds/bin/gnu/H-x86_64-pc-linux-gnu/bin/../lib/gcc/nios2-elf/5.3.0/../../../../../H-x86_64-pc-linux-gnu/nios2-elf/lib/libc.a(lib_a-findfp.o)
                0x00000000101055b8                __fp_unlock_all
 .text          0x00000000101055d0        0x0 /opt/intelFPGA/18.1/nios2eds/bin/gnu/H-x86_64-pc-linux-gnu/bin/../lib/gcc/nios2-elf/5.3.0/../../../../../H-x86_64-pc-linux-gnu/nios2-elf/lib/libc.a(lib_a-freer.o)
 .text._malloc_trim_r
                0x00000000101055d0      0x124 /opt/intelFPGA/18.1/nios2eds/bin/gnu/H-x86_64-pc-linux-gnu/bin/../lib/gcc/nios2-elf/5.3.0/../../../../../H-x86_64-pc-linux-gnu/nios2-elf/lib/libc.a(lib_a-freer.o)
                0x00000000101055d0                _malloc_trim_r
 .text._free_r  0x00000000101056f4      0x310 /opt/intelFPGA/18.1/nios2eds/bin/gnu/H-x86_64-pc-linux-gnu/bin/../lib/gcc/nios2-elf/5.3.0/../../../../../H-x86_64-pc-linux-gnu/nios2-elf/lib/libc.a(lib_a-freer.o)
                0x00000000101056f4                _free_r
 .text          0x0000000010105a04        0x0 /opt/intelFPGA/18.1/nios2eds/bin/gnu/H-x86_64-pc-linux-gnu/bin/../lib/gcc/nios2-elf/5.3.0/../../../../../H-x86_64-pc-linux-gnu/nios2-elf/lib/libc.a(lib_a-fvwrite.o)
 .text.__sfvwrite_r
                0x0000000010105a04      0x4bc /opt/intelFPGA/18.1/nios2eds/bin/gnu/H-x86_64-pc-linux-gnu/bin/../lib/gcc/nios2-elf/5.3.0/../../../../../H-x86_64-pc-linux-gnu/nios2-elf/lib/libc.a(lib_a-fvwrite.o)
                0x0000000010105a04                __sfvwrite_r
 .text          0x0000000010105ec0        0x0 /opt/intelFPGA/18.1/nios2eds/bin/gnu/H-x86_64-pc-linux-gnu/bin/../lib/gcc/nios2-elf/5.3.0/../../../../../H-x86_64-pc-linux-gnu/nios2-elf/lib/libc.a(lib_a-fwalk.o)
 .text._fwalk   0x0000000010105ec0       0xc4 /opt/intelFPGA/18.1/nios2eds/bin/gnu/H-x86_64-pc-linux-gnu/bin/../lib/gcc/nios2-elf/5.3.0/../../../../../H-x86_64-pc-linux-gnu/nios2-elf/lib/libc.a(lib_a-fwalk.o)
                0x0000000010105ec0                _fwalk
 .text._fwalk_reent
                0x0000000010105f84       0xc4 /opt/intelFPGA/18.1/nios2eds/bin/gnu/H-x86_64-pc-linux-gnu/bin/../lib/gcc/nios2-elf/5.3.0/../../../../../H-x86_64-pc-linux-gnu/nios2-elf/lib/libc.a(lib_a-fwalk.o)
                0x0000000010105f84                _fwalk_reent
 .text          0x0000000010106048        0x0 /opt/intelFPGA/18.1/nios2eds/bin/gnu/H-x86_64-pc-linux-gnu/bin/../lib/gcc/nios2-elf/5.3.0/../../../../../H-x86_64-pc-linux-gnu/nios2-elf/lib/libc.a(lib_a-impure.o)
 .text          0x0000000010106048        0x0 /opt/intelFPGA/18.1/nios2eds/bin/gnu/H-x86_64-pc-linux-gnu/bin/../lib/gcc/nios2-elf/5.3.0/../../../../../H-x86_64-pc-linux-gnu/nios2-elf/lib/libc.a(lib_a-locale.o)
 .text._setlocale_r
                0x0000000010106048       0x7c /opt/intelFPGA/18.1/nios2eds/bin/gnu/H-x86_64-pc-linux-gnu/bin/../lib/gcc/nios2-elf/5.3.0/../../../../../H-x86_64-pc-linux-gnu/nios2-elf/lib/libc.a(lib_a-locale.o)
                0x0000000010106048                _setlocale_r
 .text.__locale_charset
                0x00000000101060c4        0xc /opt/intelFPGA/18.1/nios2eds/bin/gnu/H-x86_64-pc-linux-gnu/bin/../lib/gcc/nios2-elf/5.3.0/../../../../../H-x86_64-pc-linux-gnu/nios2-elf/lib/libc.a(lib_a-locale.o)
                0x00000000101060c4                __locale_charset
 .text.__locale_mb_cur_max
                0x00000000101060d0       0x10 /opt/intelFPGA/18.1/nios2eds/bin/gnu/H-x86_64-pc-linux-gnu/bin/../lib/gcc/nios2-elf/5.3.0/../../../../../H-x86_64-pc-linux-gnu/nios2-elf/lib/libc.a(lib_a-locale.o)
                0x00000000101060d0                __locale_mb_cur_max
 .text.__locale_msgcharset
                0x00000000101060e0        0xc /opt/intelFPGA/18.1/nios2eds/bin/gnu/H-x86_64-pc-linux-gnu/bin/../lib/gcc/nios2-elf/5.3.0/../../../../../H-x86_64-pc-linux-gnu/nios2-elf/lib/libc.a(lib_a-locale.o)
                0x00000000101060e0                __locale_msgcharset
 .text.__locale_cjk_lang
                0x00000000101060ec        0x8 /opt/intelFPGA/18.1/nios2eds/bin/gnu/H-x86_64-pc-linux-gnu/bin/../lib/gcc/nios2-elf/5.3.0/../../../../../H-x86_64-pc-linux-gnu/nios2-elf/lib/libc.a(lib_a-locale.o)
                0x00000000101060ec                __locale_cjk_lang
 .text._localeconv_r
                0x00000000101060f4        0xc /opt/intelFPGA/18.1/nios2eds/bin/gnu/H-x86_64-pc-linux-gnu/bin/../lib/gcc/nios2-elf/5.3.0/../../../../../H-x86_64-pc-linux-gnu/nios2-elf/lib/libc.a(lib_a-locale.o)
                0x00000000101060f4                _localeconv_r
 .text.setlocale
                0x0000000010106100       0x18 /opt/intelFPGA/18.1/nios2eds/bin/gnu/H-x86_64-pc-linux-gnu/bin/../lib/gcc/nios2-elf/5.3.0/../../../../../H-x86_64-pc-linux-gnu/nios2-elf/lib/libc.a(lib_a-locale.o)
                0x0000000010106100                setlocale
 .text.localeconv
                0x0000000010106118        0xc /opt/intelFPGA/18.1/nios2eds/bin/gnu/H-x86_64-pc-linux-gnu/bin/../lib/gcc/nios2-elf/5.3.0/../../../../../H-x86_64-pc-linux-gnu/nios2-elf/lib/libc.a(lib_a-locale.o)
                0x0000000010106118                localeconv
 .text          0x0000000010106124        0x0 /opt/intelFPGA/18.1/nios2eds/bin/gnu/H-x86_64-pc-linux-gnu/bin/../lib/gcc/nios2-elf/5.3.0/../../../../../H-x86_64-pc-linux-gnu/nios2-elf/lib/libc.a(lib_a-makebuf.o)
 .text.__smakebuf_r
                0x0000000010106124      0x1bc /opt/intelFPGA/18.1/nios2eds/bin/gnu/H-x86_64-pc-linux-gnu/bin/../lib/gcc/nios2-elf/5.3.0/../../../../../H-x86_64-pc-linux-gnu/nios2-elf/lib/libc.a(lib_a-makebuf.o)
                0x0000000010106124                __smakebuf_r
 .text          0x00000000101062e0        0x0 /opt/intelFPGA/18.1/nios2eds/bin/gnu/H-x86_64-pc-linux-gnu/bin/../lib/gcc/nios2-elf/5.3.0/../../../../../H-x86_64-pc-linux-gnu/nios2-elf/lib/libc.a(lib_a-mallocr.o)
 .text._malloc_r
                0x00000000101062e0      0x80c /opt/intelFPGA/18.1/nios2eds/bin/gnu/H-x86_64-pc-linux-gnu/bin/../lib/gcc/nios2-elf/5.3.0/../../../../../H-x86_64-pc-linux-gnu/nios2-elf/lib/libc.a(lib_a-mallocr.o)
                0x00000000101062e0                _malloc_r
 .text          0x0000000010106aec        0x0 /opt/intelFPGA/18.1/nios2eds/bin/gnu/H-x86_64-pc-linux-gnu/bin/../lib/gcc/nios2-elf/5.3.0/../../../../../H-x86_64-pc-linux-gnu/nios2-elf/lib/libc.a(lib_a-memchr.o)
 .text.memchr   0x0000000010106aec       0xe4 /opt/intelFPGA/18.1/nios2eds/bin/gnu/H-x86_64-pc-linux-gnu/bin/../lib/gcc/nios2-elf/5.3.0/../../../../../H-x86_64-pc-linux-gnu/nios2-elf/lib/libc.a(lib_a-memchr.o)
                0x0000000010106aec                memchr
 .text          0x0000000010106bd0        0x0 /opt/intelFPGA/18.1/nios2eds/bin/gnu/H-x86_64-pc-linux-gnu/bin/../lib/gcc/nios2-elf/5.3.0/../../../../../H-x86_64-pc-linux-gnu/nios2-elf/lib/libc.a(lib_a-memcpy.o)
 .text.memcpy   0x0000000010106bd0      0x148 /opt/intelFPGA/18.1/nios2eds/bin/gnu/H-x86_64-pc-linux-gnu/bin/../lib/gcc/nios2-elf/5.3.0/../../../../../H-x86_64-pc-linux-gnu/nios2-elf/lib/libc.a(lib_a-memcpy.o)
                0x0000000010106bd0                memcpy
 .text          0x0000000010106d18        0x0 /opt/intelFPGA/18.1/nios2eds/bin/gnu/H-x86_64-pc-linux-gnu/bin/../lib/gcc/nios2-elf/5.3.0/../../../../../H-x86_64-pc-linux-gnu/nios2-elf/lib/libc.a(lib_a-memmove.o)
 .text.memmove  0x0000000010106d18      0x15c /opt/intelFPGA/18.1/nios2eds/bin/gnu/H-x86_64-pc-linux-gnu/bin/../lib/gcc/nios2-elf/5.3.0/../../../../../H-x86_64-pc-linux-gnu/nios2-elf/lib/libc.a(lib_a-memmove.o)
                0x0000000010106d18                memmove
 .text          0x0000000010106e74        0x0 /opt/intelFPGA/18.1/nios2eds/bin/gnu/H-x86_64-pc-linux-gnu/bin/../lib/gcc/nios2-elf/5.3.0/../../../../../H-x86_64-pc-linux-gnu/nios2-elf/lib/libc.a(lib_a-memset.o)
 .text.memset   0x0000000010106e74      0x128 /opt/intelFPGA/18.1/nios2eds/bin/gnu/H-x86_64-pc-linux-gnu/bin/../lib/gcc/nios2-elf/5.3.0/../../../../../H-x86_64-pc-linux-gnu/nios2-elf/lib/libc.a(lib_a-memset.o)
                0x0000000010106e74                memset
 .text          0x0000000010106f9c        0x0 /opt/intelFPGA/18.1/nios2eds/bin/gnu/H-x86_64-pc-linux-gnu/bin/../lib/gcc/nios2-elf/5.3.0/../../../../../H-x86_64-pc-linux-gnu/nios2-elf/lib/libc.a(lib_a-mprec.o)
 .text._Balloc  0x0000000010106f9c       0xa8 /opt/intelFPGA/18.1/nios2eds/bin/gnu/H-x86_64-pc-linux-gnu/bin/../lib/gcc/nios2-elf/5.3.0/../../../../../H-x86_64-pc-linux-gnu/nios2-elf/lib/libc.a(lib_a-mprec.o)
                0x0000000010106f9c                _Balloc
 .text._Bfree   0x0000000010107044       0x28 /opt/intelFPGA/18.1/nios2eds/bin/gnu/H-x86_64-pc-linux-gnu/bin/../lib/gcc/nios2-elf/5.3.0/../../../../../H-x86_64-pc-linux-gnu/nios2-elf/lib/libc.a(lib_a-mprec.o)
                0x0000000010107044                _Bfree
 .text.__multadd
                0x000000001010706c      0x120 /opt/intelFPGA/18.1/nios2eds/bin/gnu/H-x86_64-pc-linux-gnu/bin/../lib/gcc/nios2-elf/5.3.0/../../../../../H-x86_64-pc-linux-gnu/nios2-elf/lib/libc.a(lib_a-mprec.o)
                0x000000001010706c                __multadd
 .text.__s2b    0x000000001010718c      0x104 /opt/intelFPGA/18.1/nios2eds/bin/gnu/H-x86_64-pc-linux-gnu/bin/../lib/gcc/nios2-elf/5.3.0/../../../../../H-x86_64-pc-linux-gnu/nios2-elf/lib/libc.a(lib_a-mprec.o)
                0x000000001010718c                __s2b
 .text.__hi0bits
                0x0000000010107290       0x68 /opt/intelFPGA/18.1/nios2eds/bin/gnu/H-x86_64-pc-linux-gnu/bin/../lib/gcc/nios2-elf/5.3.0/../../../../../H-x86_64-pc-linux-gnu/nios2-elf/lib/libc.a(lib_a-mprec.o)
                0x0000000010107290                __hi0bits
 .text.__lo0bits
                0x00000000101072f8       0xb0 /opt/intelFPGA/18.1/nios2eds/bin/gnu/H-x86_64-pc-linux-gnu/bin/../lib/gcc/nios2-elf/5.3.0/../../../../../H-x86_64-pc-linux-gnu/nios2-elf/lib/libc.a(lib_a-mprec.o)
                0x00000000101072f8                __lo0bits
 .text.__i2b    0x00000000101073a8       0x3c /opt/intelFPGA/18.1/nios2eds/bin/gnu/H-x86_64-pc-linux-gnu/bin/../lib/gcc/nios2-elf/5.3.0/../../../../../H-x86_64-pc-linux-gnu/nios2-elf/lib/libc.a(lib_a-mprec.o)
                0x00000000101073a8                __i2b
 .text.__multiply
                0x00000000101073e4      0x1f8 /opt/intelFPGA/18.1/nios2eds/bin/gnu/H-x86_64-pc-linux-gnu/bin/../lib/gcc/nios2-elf/5.3.0/../../../../../H-x86_64-pc-linux-gnu/nios2-elf/lib/libc.a(lib_a-mprec.o)
                0x00000000101073e4                __multiply
 .text.__pow5mult
                0x00000000101075dc      0x140 /opt/intelFPGA/18.1/nios2eds/bin/gnu/H-x86_64-pc-linux-gnu/bin/../lib/gcc/nios2-elf/5.3.0/../../../../../H-x86_64-pc-linux-gnu/nios2-elf/lib/libc.a(lib_a-mprec.o)
                0x00000000101075dc                __pow5mult
 .text.__lshift
                0x000000001010771c      0x148 /opt/intelFPGA/18.1/nios2eds/bin/gnu/H-x86_64-pc-linux-gnu/bin/../lib/gcc/nios2-elf/5.3.0/../../../../../H-x86_64-pc-linux-gnu/nios2-elf/lib/libc.a(lib_a-mprec.o)
                0x000000001010771c                __lshift
 .text.__mcmp   0x0000000010107864       0x60 /opt/intelFPGA/18.1/nios2eds/bin/gnu/H-x86_64-pc-linux-gnu/bin/../lib/gcc/nios2-elf/5.3.0/../../../../../H-x86_64-pc-linux-gnu/nios2-elf/lib/libc.a(lib_a-mprec.o)
                0x0000000010107864                __mcmp
 .text.__mdiff  0x00000000101078c4      0x1fc /opt/intelFPGA/18.1/nios2eds/bin/gnu/H-x86_64-pc-linux-gnu/bin/../lib/gcc/nios2-elf/5.3.0/../../../../../H-x86_64-pc-linux-gnu/nios2-elf/lib/libc.a(lib_a-mprec.o)
                0x00000000101078c4                __mdiff
 .text.__ulp    0x0000000010107ac0       0x64 /opt/intelFPGA/18.1/nios2eds/bin/gnu/H-x86_64-pc-linux-gnu/bin/../lib/gcc/nios2-elf/5.3.0/../../../../../H-x86_64-pc-linux-gnu/nios2-elf/lib/libc.a(lib_a-mprec.o)
                0x0000000010107ac0                __ulp
 .text.__b2d    0x0000000010107b24      0x10c /opt/intelFPGA/18.1/nios2eds/bin/gnu/H-x86_64-pc-linux-gnu/bin/../lib/gcc/nios2-elf/5.3.0/../../../../../H-x86_64-pc-linux-gnu/nios2-elf/lib/libc.a(lib_a-mprec.o)
                0x0000000010107b24                __b2d
 .text.__d2b    0x0000000010107c30      0x14c /opt/intelFPGA/18.1/nios2eds/bin/gnu/H-x86_64-pc-linux-gnu/bin/../lib/gcc/nios2-elf/5.3.0/../../../../../H-x86_64-pc-linux-gnu/nios2-elf/lib/libc.a(lib_a-mprec.o)
                0x0000000010107c30                __d2b
 .text.__ratio  0x0000000010107d7c       0xa4 /opt/intelFPGA/18.1/nios2eds/bin/gnu/H-x86_64-pc-linux-gnu/bin/../lib/gcc/nios2-elf/5.3.0/../../../../../H-x86_64-pc-linux-gnu/nios2-elf/lib/libc.a(lib_a-mprec.o)
                0x0000000010107d7c                __ratio
 .text._mprec_log10
                0x0000000010107e20       0x74 /opt/intelFPGA/18.1/nios2eds/bin/gnu/H-x86_64-pc-linux-gnu/bin/../lib/gcc/nios2-elf/5.3.0/../../../../../H-x86_64-pc-linux-gnu/nios2-elf/lib/libc.a(lib_a-mprec.o)
                0x0000000010107e20                _mprec_log10
 .text.__copybits
                0x0000000010107e94       0x78 /opt/intelFPGA/18.1/nios2eds/bin/gnu/H-x86_64-pc-linux-gnu/bin/../lib/gcc/nios2-elf/5.3.0/../../../../../H-x86_64-pc-linux-gnu/nios2-elf/lib/libc.a(lib_a-mprec.o)
                0x0000000010107e94                __copybits
 .text.__any_on
                0x0000000010107f0c       0x8c /opt/intelFPGA/18.1/nios2eds/bin/gnu/H-x86_64-pc-linux-gnu/bin/../lib/gcc/nios2-elf/5.3.0/../../../../../H-x86_64-pc-linux-gnu/nios2-elf/lib/libc.a(lib_a-mprec.o)
                0x0000000010107f0c                __any_on
 .text          0x0000000010107f98        0x0 /opt/intelFPGA/18.1/nios2eds/bin/gnu/H-x86_64-pc-linux-gnu/bin/../lib/gcc/nios2-elf/5.3.0/../../../../../H-x86_64-pc-linux-gnu/nios2-elf/lib/libc.a(lib_a-putc.o)
 .text._putc_r  0x0000000010107f98       0xa0 /opt/intelFPGA/18.1/nios2eds/bin/gnu/H-x86_64-pc-linux-gnu/bin/../lib/gcc/nios2-elf/5.3.0/../../../../../H-x86_64-pc-linux-gnu/nios2-elf/lib/libc.a(lib_a-putc.o)
                0x0000000010107f98                _putc_r
 .text.putc     0x0000000010108038       0xc8 /opt/intelFPGA/18.1/nios2eds/bin/gnu/H-x86_64-pc-linux-gnu/bin/../lib/gcc/nios2-elf/5.3.0/../../../../../H-x86_64-pc-linux-gnu/nios2-elf/lib/libc.a(lib_a-putc.o)
                0x0000000010108038                putc
 .text          0x0000000010108100        0x0 /opt/intelFPGA/18.1/nios2eds/bin/gnu/H-x86_64-pc-linux-gnu/bin/../lib/gcc/nios2-elf/5.3.0/../../../../../H-x86_64-pc-linux-gnu/nios2-elf/lib/libc.a(lib_a-reallocr.o)
 .text._realloc_r
                0x0000000010108100      0x564 /opt/intelFPGA/18.1/nios2eds/bin/gnu/H-x86_64-pc-linux-gnu/bin/../lib/gcc/nios2-elf/5.3.0/../../../../../H-x86_64-pc-linux-gnu/nios2-elf/lib/libc.a(lib_a-reallocr.o)
                0x0000000010108100                _realloc_r
 .text          0x0000000010108664        0x0 /opt/intelFPGA/18.1/nios2eds/bin/gnu/H-x86_64-pc-linux-gnu/bin/../lib/gcc/nios2-elf/5.3.0/../../../../../H-x86_64-pc-linux-gnu/nios2-elf/lib/libc.a(lib_a-s_fpclassify.o)
 .text.__fpclassifyd
                0x0000000010108664       0x74 /opt/intelFPGA/18.1/nios2eds/bin/gnu/H-x86_64-pc-linux-gnu/bin/../lib/gcc/nios2-elf/5.3.0/../../../../../H-x86_64-pc-linux-gnu/nios2-elf/lib/libc.a(lib_a-s_fpclassify.o)
                0x0000000010108664                __fpclassifyd
 .text          0x00000000101086d8        0x0 /opt/intelFPGA/18.1/nios2eds/bin/gnu/H-x86_64-pc-linux-gnu/bin/../lib/gcc/nios2-elf/5.3.0/../../../../../H-x86_64-pc-linux-gnu/nios2-elf/lib/libc.a(lib_a-sbrkr.o)
 .text._sbrk_r  0x00000000101086d8       0x54 /opt/intelFPGA/18.1/nios2eds/bin/gnu/H-x86_64-pc-linux-gnu/bin/../lib/gcc/nios2-elf/5.3.0/../../../../../H-x86_64-pc-linux-gnu/nios2-elf/lib/libc.a(lib_a-sbrkr.o)
                0x00000000101086d8                _sbrk_r
 .text          0x000000001010872c        0x0 /opt/intelFPGA/18.1/nios2eds/bin/gnu/H-x86_64-pc-linux-gnu/bin/../lib/gcc/nios2-elf/5.3.0/../../../../../H-x86_64-pc-linux-gnu/nios2-elf/lib/libc.a(lib_a-stdio.o)
 .text.__sread  0x000000001010872c       0x54 /opt/intelFPGA/18.1/nios2eds/bin/gnu/H-x86_64-pc-linux-gnu/bin/../lib/gcc/nios2-elf/5.3.0/../../../../../H-x86_64-pc-linux-gnu/nios2-elf/lib/libc.a(lib_a-stdio.o)
                0x000000001010872c                __sread
 .text.__seofread
                0x0000000010108780        0x8 /opt/intelFPGA/18.1/nios2eds/bin/gnu/H-x86_64-pc-linux-gnu/bin/../lib/gcc/nios2-elf/5.3.0/../../../../../H-x86_64-pc-linux-gnu/nios2-elf/lib/libc.a(lib_a-stdio.o)
                0x0000000010108780                __seofread
 .text.__swrite
                0x0000000010108788       0x7c /opt/intelFPGA/18.1/nios2eds/bin/gnu/H-x86_64-pc-linux-gnu/bin/../lib/gcc/nios2-elf/5.3.0/../../../../../H-x86_64-pc-linux-gnu/nios2-elf/lib/libc.a(lib_a-stdio.o)
                0x0000000010108788                __swrite
 .text.__sseek  0x0000000010108804       0x5c /opt/intelFPGA/18.1/nios2eds/bin/gnu/H-x86_64-pc-linux-gnu/bin/../lib/gcc/nios2-elf/5.3.0/../../../../../H-x86_64-pc-linux-gnu/nios2-elf/lib/libc.a(lib_a-stdio.o)
                0x0000000010108804                __sseek
 .text.__sclose
                0x0000000010108860        0x8 /opt/intelFPGA/18.1/nios2eds/bin/gnu/H-x86_64-pc-linux-gnu/bin/../lib/gcc/nios2-elf/5.3.0/../../../../../H-x86_64-pc-linux-gnu/nios2-elf/lib/libc.a(lib_a-stdio.o)
                0x0000000010108860                __sclose
 .text          0x0000000010108868        0x0 /opt/intelFPGA/18.1/nios2eds/bin/gnu/H-x86_64-pc-linux-gnu/bin/../lib/gcc/nios2-elf/5.3.0/../../../../../H-x86_64-pc-linux-gnu/nios2-elf/lib/libc.a(lib_a-strcmp.o)
 .text.strcmp   0x0000000010108868       0xdc /opt/intelFPGA/18.1/nios2eds/bin/gnu/H-x86_64-pc-linux-gnu/bin/../lib/gcc/nios2-elf/5.3.0/../../../../../H-x86_64-pc-linux-gnu/nios2-elf/lib/libc.a(lib_a-strcmp.o)
                0x0000000010108868                strcmp
 .text          0x0000000010108944        0x0 /opt/intelFPGA/18.1/nios2eds/bin/gnu/H-x86_64-pc-linux-gnu/bin/../lib/gcc/nios2-elf/5.3.0/../../../../../H-x86_64-pc-linux-gnu/nios2-elf/lib/libc.a(lib_a-vfiprintf.o)
 .text.__sprint_r.part.0
                0x0000000010108944       0xfc /opt/intelFPGA/18.1/nios2eds/bin/gnu/H-x86_64-pc-linux-gnu/bin/../lib/gcc/nios2-elf/5.3.0/../../../../../H-x86_64-pc-linux-gnu/nios2-elf/lib/libc.a(lib_a-vfiprintf.o)
 .text.__sprint_r
                0x0000000010108a40       0x18 /opt/intelFPGA/18.1/nios2eds/bin/gnu/H-x86_64-pc-linux-gnu/bin/../lib/gcc/nios2-elf/5.3.0/../../../../../H-x86_64-pc-linux-gnu/nios2-elf/lib/libc.a(lib_a-vfiprintf.o)
                0x0000000010108a40                __sprint_r
 .text.___vfiprintf_internal_r
                0x0000000010108a58     0x145c /opt/intelFPGA/18.1/nios2eds/bin/gnu/H-x86_64-pc-linux-gnu/bin/../lib/gcc/nios2-elf/5.3.0/../../../../../H-x86_64-pc-linux-gnu/nios2-elf/lib/libc.a(lib_a-vfiprintf.o)
                0x0000000010108a58                ___vfiprintf_internal_r
 .text.__vfiprintf_internal
                0x0000000010109eb4       0x1c /opt/intelFPGA/18.1/nios2eds/bin/gnu/H-x86_64-pc-linux-gnu/bin/../lib/gcc/nios2-elf/5.3.0/../../../../../H-x86_64-pc-linux-gnu/nios2-elf/lib/libc.a(lib_a-vfiprintf.o)
                0x0000000010109eb4                __vfiprintf_internal
 .text.__sbprintf
                0x0000000010109ed0       0xbc /opt/intelFPGA/18.1/nios2eds/bin/gnu/H-x86_64-pc-linux-gnu/bin/../lib/gcc/nios2-elf/5.3.0/../../../../../H-x86_64-pc-linux-gnu/nios2-elf/lib/libc.a(lib_a-vfiprintf.o)
 .text          0x0000000010109f8c        0x0 /opt/intelFPGA/18.1/nios2eds/bin/gnu/H-x86_64-pc-linux-gnu/bin/../lib/gcc/nios2-elf/5.3.0/../../../../../H-x86_64-pc-linux-gnu/nios2-elf/lib/libc.a(lib_a-wbuf.o)
 .text.__swbuf_r
                0x0000000010109f8c      0x140 /opt/intelFPGA/18.1/nios2eds/bin/gnu/H-x86_64-pc-linux-gnu/bin/../lib/gcc/nios2-elf/5.3.0/../../../../../H-x86_64-pc-linux-gnu/nios2-elf/lib/libc.a(lib_a-wbuf.o)
                0x0000000010109f8c                __swbuf_r
 .text.__swbuf  0x000000001010a0cc       0x18 /opt/intelFPGA/18.1/nios2eds/bin/gnu/H-x86_64-pc-linux-gnu/bin/../lib/gcc/nios2-elf/5.3.0/../../../../../H-x86_64-pc-linux-gnu/nios2-elf/lib/libc.a(lib_a-wbuf.o)
                0x000000001010a0cc                __swbuf
 .text          0x000000001010a0e4        0x0 /opt/intelFPGA/18.1/nios2eds/bin/gnu/H-x86_64-pc-linux-gnu/bin/../lib/gcc/nios2-elf/5.3.0/../../../../../H-x86_64-pc-linux-gnu/nios2-elf/lib/libc.a(lib_a-writer.o)
 .text._write_r
                0x000000001010a0e4       0x60 /opt/intelFPGA/18.1/nios2eds/bin/gnu/H-x86_64-pc-linux-gnu/bin/../lib/gcc/nios2-elf/5.3.0/../../../../../H-x86_64-pc-linux-gnu/nios2-elf/lib/libc.a(lib_a-writer.o)
                0x000000001010a0e4                _write_r
 .text          0x000000001010a144        0x0 /opt/intelFPGA/18.1/nios2eds/bin/gnu/H-x86_64-pc-linux-gnu/bin/../lib/gcc/nios2-elf/5.3.0/../../../../../H-x86_64-pc-linux-gnu/nios2-elf/lib/libc.a(closer.o)
 .text._close_r
                0x000000001010a144       0x54 /opt/intelFPGA/18.1/nios2eds/bin/gnu/H-x86_64-pc-linux-gnu/bin/../lib/gcc/nios2-elf/5.3.0/../../../../../H-x86_64-pc-linux-gnu/nios2-elf/lib/libc.a(closer.o)
                0x000000001010a144                _close_r
 .text          0x000000001010a198        0x0 /opt/intelFPGA/18.1/nios2eds/bin/gnu/H-x86_64-pc-linux-gnu/bin/../lib/gcc/nios2-elf/5.3.0/../../../../../H-x86_64-pc-linux-gnu/nios2-elf/lib/libc.a(lib_a-callocr.o)
 .text._calloc_r
                0x000000001010a198       0xc4 /opt/intelFPGA/18.1/nios2eds/bin/gnu/H-x86_64-pc-linux-gnu/bin/../lib/gcc/nios2-elf/5.3.0/../../../../../H-x86_64-pc-linux-gnu/nios2-elf/lib/libc.a(lib_a-callocr.o)
                0x000000001010a198                _calloc_r
 .text          0x000000001010a25c        0x0 /opt/intelFPGA/18.1/nios2eds/bin/gnu/H-x86_64-pc-linux-gnu/bin/../lib/gcc/nios2-elf/5.3.0/../../../../../H-x86_64-pc-linux-gnu/nios2-elf/lib/libc.a(lib_a-fclose.o)
 .text._fclose_r
                0x000000001010a25c       0xf0 /opt/intelFPGA/18.1/nios2eds/bin/gnu/H-x86_64-pc-linux-gnu/bin/../lib/gcc/nios2-elf/5.3.0/../../../../../H-x86_64-pc-linux-gnu/nios2-elf/lib/libc.a(lib_a-fclose.o)
                0x000000001010a25c                _fclose_r
 .text.fclose   0x000000001010a34c       0x14 /opt/intelFPGA/18.1/nios2eds/bin/gnu/H-x86_64-pc-linux-gnu/bin/../lib/gcc/nios2-elf/5.3.0/../../../../../H-x86_64-pc-linux-gnu/nios2-elf/lib/libc.a(lib_a-fclose.o)
                0x000000001010a34c                fclose
 .text          0x000000001010a360        0x0 /opt/intelFPGA/18.1/nios2eds/bin/gnu/H-x86_64-pc-linux-gnu/bin/../lib/gcc/nios2-elf/5.3.0/../../../../../H-x86_64-pc-linux-gnu/nios2-elf/lib/libc.a(lib_a-fputwc.o)
 .text.__fputwc
                0x000000001010a360      0x164 /opt/intelFPGA/18.1/nios2eds/bin/gnu/H-x86_64-pc-linux-gnu/bin/../lib/gcc/nios2-elf/5.3.0/../../../../../H-x86_64-pc-linux-gnu/nios2-elf/lib/libc.a(lib_a-fputwc.o)
                0x000000001010a360                __fputwc
 .text._fputwc_r
                0x000000001010a4c4       0x24 /opt/intelFPGA/18.1/nios2eds/bin/gnu/H-x86_64-pc-linux-gnu/bin/../lib/gcc/nios2-elf/5.3.0/../../../../../H-x86_64-pc-linux-gnu/nios2-elf/lib/libc.a(lib_a-fputwc.o)
                0x000000001010a4c4                _fputwc_r
 .text.fputwc   0x000000001010a4e8       0x80 /opt/intelFPGA/18.1/nios2eds/bin/gnu/H-x86_64-pc-linux-gnu/bin/../lib/gcc/nios2-elf/5.3.0/../../../../../H-x86_64-pc-linux-gnu/nios2-elf/lib/libc.a(lib_a-fputwc.o)
                0x000000001010a4e8                fputwc
 .text          0x000000001010a568        0x0 /opt/intelFPGA/18.1/nios2eds/bin/gnu/H-x86_64-pc-linux-gnu/bin/../lib/gcc/nios2-elf/5.3.0/../../../../../H-x86_64-pc-linux-gnu/nios2-elf/lib/libc.a(lib_a-fstatr.o)
 .text._fstat_r
                0x000000001010a568       0x5c /opt/intelFPGA/18.1/nios2eds/bin/gnu/H-x86_64-pc-linux-gnu/bin/../lib/gcc/nios2-elf/5.3.0/../../../../../H-x86_64-pc-linux-gnu/nios2-elf/lib/libc.a(lib_a-fstatr.o)
                0x000000001010a568                _fstat_r
 .text          0x000000001010a5c4        0x0 /opt/intelFPGA/18.1/nios2eds/bin/gnu/H-x86_64-pc-linux-gnu/bin/../lib/gcc/nios2-elf/5.3.0/../../../../../H-x86_64-pc-linux-gnu/nios2-elf/lib/libc.a(lib_a-int_errno.o)
 .text          0x000000001010a5c4        0x0 /opt/intelFPGA/18.1/nios2eds/bin/gnu/H-x86_64-pc-linux-gnu/bin/../lib/gcc/nios2-elf/5.3.0/../../../../../H-x86_64-pc-linux-gnu/nios2-elf/lib/libc.a(lib_a-isattyr.o)
 .text._isatty_r
                0x000000001010a5c4       0x54 /opt/intelFPGA/18.1/nios2eds/bin/gnu/H-x86_64-pc-linux-gnu/bin/../lib/gcc/nios2-elf/5.3.0/../../../../../H-x86_64-pc-linux-gnu/nios2-elf/lib/libc.a(lib_a-isattyr.o)
                0x000000001010a5c4                _isatty_r
 .text          0x000000001010a618        0x0 /opt/intelFPGA/18.1/nios2eds/bin/gnu/H-x86_64-pc-linux-gnu/bin/../lib/gcc/nios2-elf/5.3.0/../../../../../H-x86_64-pc-linux-gnu/nios2-elf/lib/libc.a(lib_a-lseekr.o)
 .text._lseek_r
                0x000000001010a618       0x60 /opt/intelFPGA/18.1/nios2eds/bin/gnu/H-x86_64-pc-linux-gnu/bin/../lib/gcc/nios2-elf/5.3.0/../../../../../H-x86_64-pc-linux-gnu/nios2-elf/lib/libc.a(lib_a-lseekr.o)
                0x000000001010a618                _lseek_r
 .text          0x000000001010a678        0x0 /opt/intelFPGA/18.1/nios2eds/bin/gnu/H-x86_64-pc-linux-gnu/bin/../lib/gcc/nios2-elf/5.3.0/../../../../../H-x86_64-pc-linux-gnu/nios2-elf/lib/libc.a(lib_a-readr.o)
 .text._read_r  0x000000001010a678       0x60 /opt/intelFPGA/18.1/nios2eds/bin/gnu/H-x86_64-pc-linux-gnu/bin/../lib/gcc/nios2-elf/5.3.0/../../../../../H-x86_64-pc-linux-gnu/nios2-elf/lib/libc.a(lib_a-readr.o)
                0x000000001010a678                _read_r
 .text          0x000000001010a6d8        0x0 /opt/intelFPGA/18.1/nios2eds/bin/gnu/H-x86_64-pc-linux-gnu/bin/../lib/gcc/nios2-elf/5.3.0/../../../../../H-x86_64-pc-linux-gnu/nios2-elf/lib/libc.a(lib_a-wcrtomb.o)
 .text._wcrtomb_r
                0x000000001010a6d8       0x9c /opt/intelFPGA/18.1/nios2eds/bin/gnu/H-x86_64-pc-linux-gnu/bin/../lib/gcc/nios2-elf/5.3.0/../../../../../H-x86_64-pc-linux-gnu/nios2-elf/lib/libc.a(lib_a-wcrtomb.o)
                0x000000001010a6d8                _wcrtomb_r
 .text.wcrtomb  0x000000001010a774       0xc0 /opt/intelFPGA/18.1/nios2eds/bin/gnu/H-x86_64-pc-linux-gnu/bin/../lib/gcc/nios2-elf/5.3.0/../../../../../H-x86_64-pc-linux-gnu/nios2-elf/lib/libc.a(lib_a-wcrtomb.o)
                0x000000001010a774                wcrtomb
 .text          0x000000001010a834        0x0 /opt/intelFPGA/18.1/nios2eds/bin/gnu/H-x86_64-pc-linux-gnu/bin/../lib/gcc/nios2-elf/5.3.0/../../../../../H-x86_64-pc-linux-gnu/nios2-elf/lib/libc.a(lib_a-wctomb_r.o)
 .text.__ascii_wctomb
                0x000000001010a834       0x30 /opt/intelFPGA/18.1/nios2eds/bin/gnu/H-x86_64-pc-linux-gnu/bin/../lib/gcc/nios2-elf/5.3.0/../../../../../H-x86_64-pc-linux-gnu/nios2-elf/lib/libc.a(lib_a-wctomb_r.o)
                0x000000001010a834                __ascii_wctomb
 .text._wctomb_r
                0x000000001010a864       0x5c /opt/intelFPGA/18.1/nios2eds/bin/gnu/H-x86_64-pc-linux-gnu/bin/../lib/gcc/nios2-elf/5.3.0/../../../../../H-x86_64-pc-linux-gnu/nios2-elf/lib/libc.a(lib_a-wctomb_r.o)
                0x000000001010a864                _wctomb_r
 .text          0x000000001010a8c0      0x578 /opt/intelFPGA/18.1/nios2eds/bin/gnu/H-x86_64-pc-linux-gnu/bin/../lib/gcc/nios2-elf/5.3.0/libgcc.a(_udivdi3.o)
                0x000000001010a8c0                __udivdi3
 .text          0x000000001010ae38      0x538 /opt/intelFPGA/18.1/nios2eds/bin/gnu/H-x86_64-pc-linux-gnu/bin/../lib/gcc/nios2-elf/5.3.0/libgcc.a(_umoddi3.o)
                0x000000001010ae38                __umoddi3
 .text          0x000000001010b370      0x1b4 /opt/intelFPGA/18.1/nios2eds/bin/gnu/H-x86_64-pc-linux-gnu/bin/../lib/gcc/nios2-elf/5.3.0/libgcc.a(lib2-divmod.o)
                0x000000001010b370                __divsi3
                0x000000001010b3f4                __modsi3
                0x000000001010b468                __udivsi3
                0x000000001010b4cc                __umodsi3
 .text          0x000000001010b524      0x8ac /opt/intelFPGA/18.1/nios2eds/bin/gnu/H-x86_64-pc-linux-gnu/bin/../lib/gcc/nios2-elf/5.3.0/libgcc.a(adddf3.o)
                0x000000001010b524                __adddf3
 .text          0x000000001010bdd0      0x8e8 /opt/intelFPGA/18.1/nios2eds/bin/gnu/H-x86_64-pc-linux-gnu/bin/../lib/gcc/nios2-elf/5.3.0/libgcc.a(divdf3.o)
                0x000000001010bdd0                __divdf3
 .text          0x000000001010c6b8       0x88 /opt/intelFPGA/18.1/nios2eds/bin/gnu/H-x86_64-pc-linux-gnu/bin/../lib/gcc/nios2-elf/5.3.0/libgcc.a(eqdf2.o)
                0x000000001010c6b8                __eqdf2
                0x000000001010c6b8                __nedf2
 .text          0x000000001010c740       0xdc /opt/intelFPGA/18.1/nios2eds/bin/gnu/H-x86_64-pc-linux-gnu/bin/../lib/gcc/nios2-elf/5.3.0/libgcc.a(gedf2.o)
                0x000000001010c740                __gtdf2
                0x000000001010c740                __gedf2
 .text          0x000000001010c81c       0xf4 /opt/intelFPGA/18.1/nios2eds/bin/gnu/H-x86_64-pc-linux-gnu/bin/../lib/gcc/nios2-elf/5.3.0/libgcc.a(ledf2.o)
                0x000000001010c81c                __ltdf2
                0x000000001010c81c                __ledf2
 .text          0x000000001010c910      0x718 /opt/intelFPGA/18.1/nios2eds/bin/gnu/H-x86_64-pc-linux-gnu/bin/../lib/gcc/nios2-elf/5.3.0/libgcc.a(muldf3.o)
                0x000000001010c910                __muldf3
 .text          0x000000001010d028      0x8fc /opt/intelFPGA/18.1/nios2eds/bin/gnu/H-x86_64-pc-linux-gnu/bin/../lib/gcc/nios2-elf/5.3.0/libgcc.a(subdf3.o)
                0x000000001010d028                __subdf3
 .text          0x000000001010d924       0x80 /opt/intelFPGA/18.1/nios2eds/bin/gnu/H-x86_64-pc-linux-gnu/bin/../lib/gcc/nios2-elf/5.3.0/libgcc.a(fixdfsi.o)
                0x000000001010d924                __fixdfsi
 .text          0x000000001010d9a4       0xdc /opt/intelFPGA/18.1/nios2eds/bin/gnu/H-x86_64-pc-linux-gnu/bin/../lib/gcc/nios2-elf/5.3.0/libgcc.a(floatsidf.o)
                0x000000001010d9a4                __floatsidf
 .text          0x000000001010da80       0xa8 /opt/intelFPGA/18.1/nios2eds/bin/gnu/H-x86_64-pc-linux-gnu/bin/../lib/gcc/nios2-elf/5.3.0/libgcc.a(floatunsidf.o)
                0x000000001010da80                __floatunsidf
 .text          0x000000001010db28        0x0 /opt/intelFPGA/18.1/nios2eds/bin/gnu/H-x86_64-pc-linux-gnu/bin/../lib/gcc/nios2-elf/5.3.0/libgcc.a(_clz.o)
 .text          0x000000001010db28       0x64 /opt/intelFPGA/18.1/nios2eds/bin/gnu/H-x86_64-pc-linux-gnu/bin/../lib/gcc/nios2-elf/5.3.0/libgcc.a(_clzsi2.o)
                0x000000001010db28                __clzsi2
 .text          0x000000001010db8c      0x10c /home/vm/Desktop/shared/lab4_project/sw/nios/lab_4_lcd_bsp//libhal_bsp.a(alt_close.o)
                0x000000001010dbc8                close
 .text          0x000000001010dc98       0x2c /home/vm/Desktop/shared/lab4_project/sw/nios/lab_4_lcd_bsp//libhal_bsp.a(alt_dev.o)
 .text          0x000000001010dcc4        0x0 /home/vm/Desktop/shared/lab4_project/sw/nios/lab_4_lcd_bsp//libhal_bsp.a(alt_errno.o)
 .text          0x000000001010dcc4       0xec /home/vm/Desktop/shared/lab4_project/sw/nios/lab_4_lcd_bsp//libhal_bsp.a(alt_fstat.o)
                0x000000001010dd00                fstat
 .text          0x000000001010ddb0       0xe0 /home/vm/Desktop/shared/lab4_project/sw/nios/lab_4_lcd_bsp//libhal_bsp.a(alt_isatty.o)
                0x000000001010ddec                isatty
 .text          0x000000001010de90       0xec /home/vm/Desktop/shared/lab4_project/sw/nios/lab_4_lcd_bsp//libhal_bsp.a(alt_load.o)
                0x000000001010def8                alt_load
 .text          0x000000001010df7c      0x110 /home/vm/Desktop/shared/lab4_project/sw/nios/lab_4_lcd_bsp//libhal_bsp.a(alt_lseek.o)
                0x000000001010dfb8                lseek
 .text          0x000000001010e08c       0x7c /home/vm/Desktop/shared/lab4_project/sw/nios/lab_4_lcd_bsp//libhal_bsp.a(alt_main.o)
                0x000000001010e08c                alt_main
 .text          0x000000001010e108       0x48 /home/vm/Desktop/shared/lab4_project/sw/nios/lab_4_lcd_bsp//libhal_bsp.a(alt_malloc_lock.o)
                0x000000001010e108                __malloc_lock
                0x000000001010e12c                __malloc_unlock
 .text          0x000000001010e150      0x138 /home/vm/Desktop/shared/lab4_project/sw/nios/lab_4_lcd_bsp//libhal_bsp.a(alt_read.o)
                0x000000001010e18c                read
 .text          0x000000001010e288       0x64 /home/vm/Desktop/shared/lab4_project/sw/nios/lab_4_lcd_bsp//libhal_bsp.a(alt_release_fd.o)
                0x000000001010e288                alt_release_fd
 .text          0x000000001010e2ec       0xb0 /home/vm/Desktop/shared/lab4_project/sw/nios/lab_4_lcd_bsp//libhal_bsp.a(alt_sbrk.o)
                0x000000001010e2ec                sbrk
 .text          0x000000001010e39c      0x134 /home/vm/Desktop/shared/lab4_project/sw/nios/lab_4_lcd_bsp//libhal_bsp.a(alt_write.o)
                0x000000001010e3d8                write
 .text          0x000000001010e4d0       0xb4 /home/vm/Desktop/shared/lab4_project/sw/nios/lab_4_lcd_bsp//libhal_bsp.a(alt_sys_init.o)
                0x000000001010e504                alt_irq_init
                0x000000001010e53c                alt_sys_init
 .text          0x000000001010e584      0x164 /home/vm/Desktop/shared/lab4_project/sw/nios/lab_4_lcd_bsp//libhal_bsp.a(altera_avalon_jtag_uart_fd.o)
                0x000000001010e584                altera_avalon_jtag_uart_read_fd
                0x000000001010e5e4                altera_avalon_jtag_uart_write_fd
                0x000000001010e644                altera_avalon_jtag_uart_close_fd
                0x000000001010e694                altera_avalon_jtag_uart_ioctl_fd
 .text          0x000000001010e6e8      0x3d4 /home/vm/Desktop/shared/lab4_project/sw/nios/lab_4_lcd_bsp//libhal_bsp.a(altera_avalon_jtag_uart_init.o)
                0x000000001010e6e8                altera_avalon_jtag_uart_init
                0x000000001010ea54                altera_avalon_jtag_uart_close
 .text          0x000000001010eabc       0xf0 /home/vm/Desktop/shared/lab4_project/sw/nios/lab_4_lcd_bsp//libhal_bsp.a(altera_avalon_jtag_uart_ioctl.o)
                0x000000001010eabc                altera_avalon_jtag_uart_ioctl
 .text          0x000000001010ebac      0x21c /home/vm/Desktop/shared/lab4_project/sw/nios/lab_4_lcd_bsp//libhal_bsp.a(altera_avalon_jtag_uart_read.o)
                0x000000001010ebac                altera_avalon_jtag_uart_read
 .text          0x000000001010edc8      0x224 /home/vm/Desktop/shared/lab4_project/sw/nios/lab_4_lcd_bsp//libhal_bsp.a(altera_avalon_jtag_uart_write.o)
                0x000000001010edc8                altera_avalon_jtag_uart_write
 .text          0x000000001010efec      0x12c /home/vm/Desktop/shared/lab4_project/sw/nios/lab_4_lcd_bsp//libhal_bsp.a(alt_alarm_start.o)
                0x000000001010efec                alt_alarm_start
 .text          0x000000001010f118       0x48 /home/vm/Desktop/shared/lab4_project/sw/nios/lab_4_lcd_bsp//libhal_bsp.a(alt_dcache_flush_all.o)
                0x000000001010f118                alt_dcache_flush_all
 .text          0x000000001010f160       0xe0 /home/vm/Desktop/shared/lab4_project/sw/nios/lab_4_lcd_bsp//libhal_bsp.a(alt_dev_llist_insert.o)
                0x000000001010f19c                alt_dev_llist_insert
 .text          0x000000001010f240       0x60 /home/vm/Desktop/shared/lab4_project/sw/nios/lab_4_lcd_bsp//libhal_bsp.a(alt_do_ctors.o)
                0x000000001010f240                _do_ctors
 .text          0x000000001010f2a0       0x60 /home/vm/Desktop/shared/lab4_project/sw/nios/lab_4_lcd_bsp//libhal_bsp.a(alt_do_dtors.o)
                0x000000001010f2a0                _do_dtors
 .text          0x000000001010f300       0x34 /home/vm/Desktop/shared/lab4_project/sw/nios/lab_4_lcd_bsp//libhal_bsp.a(alt_icache_flush_all.o)
                0x000000001010f300                alt_icache_flush_all
 .text          0x000000001010f334      0x1b0 /home/vm/Desktop/shared/lab4_project/sw/nios/lab_4_lcd_bsp//libhal_bsp.a(alt_iic.o)
                0x000000001010f334                alt_ic_isr_register
                0x000000001010f384                alt_ic_irq_enable
                0x000000001010f40c                alt_ic_irq_disable
                0x000000001010f498                alt_ic_irq_enabled
 .text          0x000000001010f4e4       0xf0 /home/vm/Desktop/shared/lab4_project/sw/nios/lab_4_lcd_bsp//libhal_bsp.a(alt_iic_isr_register.o)
                0x000000001010f4e4                alt_iic_isr_register
 .text          0x000000001010f5d4      0x140 /home/vm/Desktop/shared/lab4_project/sw/nios/lab_4_lcd_bsp//libhal_bsp.a(alt_io_redirect.o)
                0x000000001010f698                alt_io_redirect
 .text          0x000000001010f714        0x0 /home/vm/Desktop/shared/lab4_project/sw/nios/lab_4_lcd_bsp//libhal_bsp.a(alt_irq_entry.o)
 .text          0x000000001010f714        0x0 /home/vm/Desktop/shared/lab4_project/sw/nios/lab_4_lcd_bsp//libhal_bsp.a(alt_irq_handler.o)
 .text          0x000000001010f714        0x0 /home/vm/Desktop/shared/lab4_project/sw/nios/lab_4_lcd_bsp//libhal_bsp.a(alt_irq_vars.o)
 .text          0x000000001010f714      0x254 /home/vm/Desktop/shared/lab4_project/sw/nios/lab_4_lcd_bsp//libhal_bsp.a(alt_open.o)
                0x000000001010f814                open
 .text          0x000000001010f968      0x1a4 /home/vm/Desktop/shared/lab4_project/sw/nios/lab_4_lcd_bsp//libhal_bsp.a(alt_tick.o)
                0x000000001010f968                alt_alarm_stop
                0x000000001010fa04                alt_tick
 .text          0x000000001010fb0c       0x24 /home/vm/Desktop/shared/lab4_project/sw/nios/lab_4_lcd_bsp//libhal_bsp.a(altera_nios2_gen2_irq.o)
                0x000000001010fb0c                altera_nios2_gen2_irq_init
 .text          0x000000001010fb30        0x0 /home/vm/Desktop/shared/lab4_project/sw/nios/lab_4_lcd_bsp//libhal_bsp.a(alt_exception_entry.o)
 .text          0x000000001010fb30       0x90 /home/vm/Desktop/shared/lab4_project/sw/nios/lab_4_lcd_bsp//libhal_bsp.a(alt_find_dev.o)
                0x000000001010fb30                alt_find_dev
 .text          0x000000001010fbc0      0x108 /home/vm/Desktop/shared/lab4_project/sw/nios/lab_4_lcd_bsp//libhal_bsp.a(alt_find_file.o)
                0x000000001010fbc0                alt_find_file
 .text          0x000000001010fcc8       0xa4 /home/vm/Desktop/shared/lab4_project/sw/nios/lab_4_lcd_bsp//libhal_bsp.a(alt_get_fd.o)
                0x000000001010fcc8                alt_get_fd
 .text          0x000000001010fd6c       0x90 /home/vm/Desktop/shared/lab4_project/sw/nios/lab_4_lcd_bsp//libhal_bsp.a(alt_icache_flush.o)
                0x000000001010fd6c                alt_icache_flush
 .text          0x000000001010fdfc       0x9c /home/vm/Desktop/shared/lab4_project/sw/nios/lab_4_lcd_bsp//libhal_bsp.a(alt_instruction_exception_entry.o)
                0x000000001010fdfc                alt_exception_cause_generated_bad_addr
 .text          0x000000001010fe98        0x0 /opt/intelFPGA/18.1/nios2eds/bin/gnu/H-x86_64-pc-linux-gnu/bin/../lib/gcc/nios2-elf/5.3.0/../../../../../H-x86_64-pc-linux-gnu/nios2-elf/lib/libc.a(lib_a-atexit.o)
 .text.atexit   0x000000001010fe98       0x14 /opt/intelFPGA/18.1/nios2eds/bin/gnu/H-x86_64-pc-linux-gnu/bin/../lib/gcc/nios2-elf/5.3.0/../../../../../H-x86_64-pc-linux-gnu/nios2-elf/lib/libc.a(lib_a-atexit.o)
                0x000000001010fe98                atexit
 .text          0x000000001010feac        0x0 /opt/intelFPGA/18.1/nios2eds/bin/gnu/H-x86_64-pc-linux-gnu/bin/../lib/gcc/nios2-elf/5.3.0/../../../../../H-x86_64-pc-linux-gnu/nios2-elf/lib/libc.a(lib_a-exit.o)
 .text.exit     0x000000001010feac       0x38 /opt/intelFPGA/18.1/nios2eds/bin/gnu/H-x86_64-pc-linux-gnu/bin/../lib/gcc/nios2-elf/5.3.0/../../../../../H-x86_64-pc-linux-gnu/nios2-elf/lib/libc.a(lib_a-exit.o)
                0x000000001010feac                exit
 .text          0x000000001010fee4        0x0 /opt/intelFPGA/18.1/nios2eds/bin/gnu/H-x86_64-pc-linux-gnu/bin/../lib/gcc/nios2-elf/5.3.0/../../../../../H-x86_64-pc-linux-gnu/nios2-elf/lib/libc.a(lib_a-memcmp.o)
 .text.memcmp   0x000000001010fee4       0x7c /opt/intelFPGA/18.1/nios2eds/bin/gnu/H-x86_64-pc-linux-gnu/bin/../lib/gcc/nios2-elf/5.3.0/../../../../../H-x86_64-pc-linux-gnu/nios2-elf/lib/libc.a(lib_a-memcmp.o)
                0x000000001010fee4                memcmp
 .text          0x000000001010ff60        0x0 /opt/intelFPGA/18.1/nios2eds/bin/gnu/H-x86_64-pc-linux-gnu/bin/../lib/gcc/nios2-elf/5.3.0/../../../../../H-x86_64-pc-linux-gnu/nios2-elf/lib/libc.a(lib_a-__atexit.o)
 .text.__register_exitproc
                0x000000001010ff60      0x118 /opt/intelFPGA/18.1/nios2eds/bin/gnu/H-x86_64-pc-linux-gnu/bin/../lib/gcc/nios2-elf/5.3.0/../../../../../H-x86_64-pc-linux-gnu/nios2-elf/lib/libc.a(lib_a-__atexit.o)
                0x000000001010ff60                __register_exitproc
 .text          0x0000000010110078        0x0 /opt/intelFPGA/18.1/nios2eds/bin/gnu/H-x86_64-pc-linux-gnu/bin/../lib/gcc/nios2-elf/5.3.0/../../../../../H-x86_64-pc-linux-gnu/nios2-elf/lib/libc.a(lib_a-__call_atexit.o)
 .text.__call_exitprocs
                0x0000000010110078      0x180 /opt/intelFPGA/18.1/nios2eds/bin/gnu/H-x86_64-pc-linux-gnu/bin/../lib/gcc/nios2-elf/5.3.0/../../../../../H-x86_64-pc-linux-gnu/nios2-elf/lib/libc.a(lib_a-__call_atexit.o)
                0x0000000010110078                __call_exitprocs
 .text          0x00000000101101f8       0x34 /home/vm/Desktop/shared/lab4_project/sw/nios/lab_4_lcd_bsp//libhal_bsp.a(alt_exit.o)
                0x00000000101101f8                _exit
 *(.gnu.warning.*)
 *(.fini)
                [!provide]                        PROVIDE (__etext, ABSOLUTE (.))
                [!provide]                        PROVIDE (_etext, ABSOLUTE (.))
                [!provide]                        PROVIDE (etext, ABSOLUTE (.))
 *(.eh_frame_hdr)
                0x000000001011022c                . = ALIGN (0x4)
                [!provide]                        PROVIDE (__preinit_array_start, ABSOLUTE (.))
 *(.preinit_array)
                [!provide]                        PROVIDE (__preinit_array_end, ABSOLUTE (.))
                [!provide]                        PROVIDE (__init_array_start, ABSOLUTE (.))
 *(.init_array)
                [!provide]                        PROVIDE (__init_array_end, ABSOLUTE (.))
                [!provide]                        PROVIDE (__fini_array_start, ABSOLUTE (.))
 *(.fini_array)
                [!provide]                        PROVIDE (__fini_array_end, ABSOLUTE (.))
 *(.eh_frame)
 *(.gcc_except_table .gcc_except_table.*)
 *(.dynamic)
                0x000000001011022c                PROVIDE (__CTOR_LIST__, ABSOLUTE (.))
 *(.ctors)
 *(SORT(.ctors.*))
                0x000000001011022c                PROVIDE (__CTOR_END__, ABSOLUTE (.))
                0x000000001011022c                PROVIDE (__DTOR_LIST__, ABSOLUTE (.))
 *(.dtors)
 *(SORT(.dtors.*))
                0x000000001011022c                PROVIDE (__DTOR_END__, ABSOLUTE (.))
 *(.jcr)
                0x000000001011022c                . = ALIGN (0x4)

.rodata         0x000000001011022c      0x398
                0x000000001011022c                PROVIDE (__ram_rodata_start, ABSOLUTE (.))
                0x000000001011022c                . = ALIGN (0x4)
 *(.rodata .rodata.* .gnu.linkonce.r.*)
 .rodata        0x000000001011022c       0x95 obj/default/hello_world.o
 *fill*         0x00000000101102c1        0x3 
 .rodata.str1.4
                0x00000000101102c4        0x2 /opt/intelFPGA/18.1/nios2eds/bin/gnu/H-x86_64-pc-linux-gnu/bin/../lib/gcc/nios2-elf/5.3.0/../../../../../H-x86_64-pc-linux-gnu/nios2-elf/lib/libc.a(lib_a-puts.o)
 *fill*         0x00000000101102c6        0x2 
 .rodata.str1.4
                0x00000000101102c8       0x42 /opt/intelFPGA/18.1/nios2eds/bin/gnu/H-x86_64-pc-linux-gnu/bin/../lib/gcc/nios2-elf/5.3.0/../../../../../H-x86_64-pc-linux-gnu/nios2-elf/lib/libc.a(lib_a-vfprintf.o)
 .rodata.zeroes.4404
                0x000000001011030a       0x10 /opt/intelFPGA/18.1/nios2eds/bin/gnu/H-x86_64-pc-linux-gnu/bin/../lib/gcc/nios2-elf/5.3.0/../../../../../H-x86_64-pc-linux-gnu/nios2-elf/lib/libc.a(lib_a-vfprintf.o)
 .rodata.blanks.4403
                0x000000001011031a       0x10 /opt/intelFPGA/18.1/nios2eds/bin/gnu/H-x86_64-pc-linux-gnu/bin/../lib/gcc/nios2-elf/5.3.0/../../../../../H-x86_64-pc-linux-gnu/nios2-elf/lib/libc.a(lib_a-vfprintf.o)
 *fill*         0x000000001011032a        0x2 
 .rodata.str1.4
                0x000000001011032c       0x10 /opt/intelFPGA/18.1/nios2eds/bin/gnu/H-x86_64-pc-linux-gnu/bin/../lib/gcc/nios2-elf/5.3.0/../../../../../H-x86_64-pc-linux-gnu/nios2-elf/lib/libc.a(lib_a-dtoa.o)
                                         0x12 (size before relaxing)
 .rodata.str1.4
                0x000000001011033c        0x2 /opt/intelFPGA/18.1/nios2eds/bin/gnu/H-x86_64-pc-linux-gnu/bin/../lib/gcc/nios2-elf/5.3.0/../../../../../H-x86_64-pc-linux-gnu/nios2-elf/lib/libc.a(lib_a-impure.o)
 *fill*         0x000000001011033e        0x2 
 .rodata.str1.4
                0x0000000010110340        0xc /opt/intelFPGA/18.1/nios2eds/bin/gnu/H-x86_64-pc-linux-gnu/bin/../lib/gcc/nios2-elf/5.3.0/../../../../../H-x86_64-pc-linux-gnu/nios2-elf/lib/libc.a(lib_a-locale.o)
                                         0x12 (size before relaxing)
 .rodata.p05.2768
                0x000000001011034c        0xc /opt/intelFPGA/18.1/nios2eds/bin/gnu/H-x86_64-pc-linux-gnu/bin/../lib/gcc/nios2-elf/5.3.0/../../../../../H-x86_64-pc-linux-gnu/nios2-elf/lib/libc.a(lib_a-mprec.o)
 .rodata.__mprec_tinytens
                0x0000000010110358       0x28 /opt/intelFPGA/18.1/nios2eds/bin/gnu/H-x86_64-pc-linux-gnu/bin/../lib/gcc/nios2-elf/5.3.0/../../../../../H-x86_64-pc-linux-gnu/nios2-elf/lib/libc.a(lib_a-mprec.o)
                0x0000000010110358                __mprec_tinytens
 .rodata.__mprec_bigtens
                0x0000000010110380       0x28 /opt/intelFPGA/18.1/nios2eds/bin/gnu/H-x86_64-pc-linux-gnu/bin/../lib/gcc/nios2-elf/5.3.0/../../../../../H-x86_64-pc-linux-gnu/nios2-elf/lib/libc.a(lib_a-mprec.o)
                0x0000000010110380                __mprec_bigtens
 .rodata.__mprec_tens
                0x00000000101103a8       0xc8 /opt/intelFPGA/18.1/nios2eds/bin/gnu/H-x86_64-pc-linux-gnu/bin/../lib/gcc/nios2-elf/5.3.0/../../../../../H-x86_64-pc-linux-gnu/nios2-elf/lib/libc.a(lib_a-mprec.o)
                0x00000000101103a8                __mprec_tens
 .rodata.str1.4
                0x0000000010110470       0x2f /opt/intelFPGA/18.1/nios2eds/bin/gnu/H-x86_64-pc-linux-gnu/bin/../lib/gcc/nios2-elf/5.3.0/../../../../../H-x86_64-pc-linux-gnu/nios2-elf/lib/libc.a(lib_a-vfiprintf.o)
 .rodata.zeroes.4349
                0x0000000010110470       0x10 /opt/intelFPGA/18.1/nios2eds/bin/gnu/H-x86_64-pc-linux-gnu/bin/../lib/gcc/nios2-elf/5.3.0/../../../../../H-x86_64-pc-linux-gnu/nios2-elf/lib/libc.a(lib_a-vfiprintf.o)
 .rodata.blanks.4348
                0x0000000010110480       0x10 /opt/intelFPGA/18.1/nios2eds/bin/gnu/H-x86_64-pc-linux-gnu/bin/../lib/gcc/nios2-elf/5.3.0/../../../../../H-x86_64-pc-linux-gnu/nios2-elf/lib/libc.a(lib_a-vfiprintf.o)
 .rodata        0x0000000010110490      0x100 /opt/intelFPGA/18.1/nios2eds/bin/gnu/H-x86_64-pc-linux-gnu/bin/../lib/gcc/nios2-elf/5.3.0/libgcc.a(_clz.o)
                0x0000000010110490                __clz_tab
 .rodata        0x0000000010110590        0xa /home/vm/Desktop/shared/lab4_project/sw/nios/lab_4_lcd_bsp//libhal_bsp.a(alt_dev.o)
 *fill*         0x000000001011059a        0x2 
 .rodata        0x000000001011059c       0x11 /home/vm/Desktop/shared/lab4_project/sw/nios/lab_4_lcd_bsp//libhal_bsp.a(alt_main.o)
 *fill*         0x00000000101105ad        0x3 
 .rodata        0x00000000101105b0       0x11 /home/vm/Desktop/shared/lab4_project/sw/nios/lab_4_lcd_bsp//libhal_bsp.a(alt_sys_init.o)
 *(.rodata1)
                0x00000000101105c4                . = ALIGN (0x4)
 *fill*         0x00000000101105c1        0x3 
                0x00000000101105c4                PROVIDE (__ram_rodata_end, ABSOLUTE (.))
                0x000000001011022c                PROVIDE (__flash_rodata_start, LOADADDR (.rodata))

.rwdata         0x00000000101105c4     0x1aec load address 0x00000000101120b0
                0x00000000101105c4                PROVIDE (__ram_rwdata_start, ABSOLUTE (.))
                0x00000000101105c4                . = ALIGN (0x4)
 *(.got.plt)
 *(.got)
 *(.data1)
 *(.data .data.* .gnu.linkonce.d.*)
 .data          0x00000000101105c4        0x0 /home/vm/Desktop/shared/lab4_project/sw/nios/lab_4_lcd_bsp//obj/HAL/src/crt0.o
 .data          0x00000000101105c4        0x0 obj/default/hello_world.o
 .data          0x00000000101105c4        0x0 /opt/intelFPGA/18.1/nios2eds/bin/gnu/H-x86_64-pc-linux-gnu/bin/../lib/gcc/nios2-elf/5.3.0/../../../../../H-x86_64-pc-linux-gnu/nios2-elf/lib/libc.a(lib_a-printf.o)
 .data          0x00000000101105c4        0x0 /opt/intelFPGA/18.1/nios2eds/bin/gnu/H-x86_64-pc-linux-gnu/bin/../lib/gcc/nios2-elf/5.3.0/../../../../../H-x86_64-pc-linux-gnu/nios2-elf/lib/libc.a(lib_a-putchar.o)
 .data          0x00000000101105c4        0x0 /opt/intelFPGA/18.1/nios2eds/bin/gnu/H-x86_64-pc-linux-gnu/bin/../lib/gcc/nios2-elf/5.3.0/../../../../../H-x86_64-pc-linux-gnu/nios2-elf/lib/libc.a(lib_a-puts.o)
 .data          0x00000000101105c4        0x0 /opt/intelFPGA/18.1/nios2eds/bin/gnu/H-x86_64-pc-linux-gnu/bin/../lib/gcc/nios2-elf/5.3.0/../../../../../H-x86_64-pc-linux-gnu/nios2-elf/lib/libc.a(lib_a-strlen.o)
 .data          0x00000000101105c4        0x0 /opt/intelFPGA/18.1/nios2eds/bin/gnu/H-x86_64-pc-linux-gnu/bin/../lib/gcc/nios2-elf/5.3.0/../../../../../H-x86_64-pc-linux-gnu/nios2-elf/lib/libc.a(lib_a-vfprintf.o)
 .data          0x00000000101105c4        0x0 /opt/intelFPGA/18.1/nios2eds/bin/gnu/H-x86_64-pc-linux-gnu/bin/../lib/gcc/nios2-elf/5.3.0/../../../../../H-x86_64-pc-linux-gnu/nios2-elf/lib/libc.a(lib_a-wsetup.o)
 .data          0x00000000101105c4        0x0 /opt/intelFPGA/18.1/nios2eds/bin/gnu/H-x86_64-pc-linux-gnu/bin/../lib/gcc/nios2-elf/5.3.0/../../../../../H-x86_64-pc-linux-gnu/nios2-elf/lib/libc.a(lib_a-dtoa.o)
 .data          0x00000000101105c4        0x0 /opt/intelFPGA/18.1/nios2eds/bin/gnu/H-x86_64-pc-linux-gnu/bin/../lib/gcc/nios2-elf/5.3.0/../../../../../H-x86_64-pc-linux-gnu/nios2-elf/lib/libc.a(lib_a-fflush.o)
 .data          0x00000000101105c4        0x0 /opt/intelFPGA/18.1/nios2eds/bin/gnu/H-x86_64-pc-linux-gnu/bin/../lib/gcc/nios2-elf/5.3.0/../../../../../H-x86_64-pc-linux-gnu/nios2-elf/lib/libc.a(lib_a-findfp.o)
 .data          0x00000000101105c4        0x0 /opt/intelFPGA/18.1/nios2eds/bin/gnu/H-x86_64-pc-linux-gnu/bin/../lib/gcc/nios2-elf/5.3.0/../../../../../H-x86_64-pc-linux-gnu/nios2-elf/lib/libc.a(lib_a-freer.o)
 .data          0x00000000101105c4        0x0 /opt/intelFPGA/18.1/nios2eds/bin/gnu/H-x86_64-pc-linux-gnu/bin/../lib/gcc/nios2-elf/5.3.0/../../../../../H-x86_64-pc-linux-gnu/nios2-elf/lib/libc.a(lib_a-fvwrite.o)
 .data          0x00000000101105c4        0x0 /opt/intelFPGA/18.1/nios2eds/bin/gnu/H-x86_64-pc-linux-gnu/bin/../lib/gcc/nios2-elf/5.3.0/../../../../../H-x86_64-pc-linux-gnu/nios2-elf/lib/libc.a(lib_a-fwalk.o)
 .data          0x00000000101105c4        0x0 /opt/intelFPGA/18.1/nios2eds/bin/gnu/H-x86_64-pc-linux-gnu/bin/../lib/gcc/nios2-elf/5.3.0/../../../../../H-x86_64-pc-linux-gnu/nios2-elf/lib/libc.a(lib_a-impure.o)
 .data.impure_data
                0x00000000101105c4      0x424 /opt/intelFPGA/18.1/nios2eds/bin/gnu/H-x86_64-pc-linux-gnu/bin/../lib/gcc/nios2-elf/5.3.0/../../../../../H-x86_64-pc-linux-gnu/nios2-elf/lib/libc.a(lib_a-impure.o)
 .data          0x00000000101109e8        0x0 /opt/intelFPGA/18.1/nios2eds/bin/gnu/H-x86_64-pc-linux-gnu/bin/../lib/gcc/nios2-elf/5.3.0/../../../../../H-x86_64-pc-linux-gnu/nios2-elf/lib/libc.a(lib_a-locale.o)
 .data.lc_message_charset
                0x00000000101109e8       0x20 /opt/intelFPGA/18.1/nios2eds/bin/gnu/H-x86_64-pc-linux-gnu/bin/../lib/gcc/nios2-elf/5.3.0/../../../../../H-x86_64-pc-linux-gnu/nios2-elf/lib/libc.a(lib_a-locale.o)
 .data.lc_ctype_charset
                0x0000000010110a08       0x20 /opt/intelFPGA/18.1/nios2eds/bin/gnu/H-x86_64-pc-linux-gnu/bin/../lib/gcc/nios2-elf/5.3.0/../../../../../H-x86_64-pc-linux-gnu/nios2-elf/lib/libc.a(lib_a-locale.o)
 .data.lconv    0x0000000010110a28       0x38 /opt/intelFPGA/18.1/nios2eds/bin/gnu/H-x86_64-pc-linux-gnu/bin/../lib/gcc/nios2-elf/5.3.0/../../../../../H-x86_64-pc-linux-gnu/nios2-elf/lib/libc.a(lib_a-locale.o)
 .data          0x0000000010110a60        0x0 /opt/intelFPGA/18.1/nios2eds/bin/gnu/H-x86_64-pc-linux-gnu/bin/../lib/gcc/nios2-elf/5.3.0/../../../../../H-x86_64-pc-linux-gnu/nios2-elf/lib/libc.a(lib_a-makebuf.o)
 .data          0x0000000010110a60        0x0 /opt/intelFPGA/18.1/nios2eds/bin/gnu/H-x86_64-pc-linux-gnu/bin/../lib/gcc/nios2-elf/5.3.0/../../../../../H-x86_64-pc-linux-gnu/nios2-elf/lib/libc.a(lib_a-mallocr.o)
 .data.__malloc_av_
                0x0000000010110a60      0x408 /opt/intelFPGA/18.1/nios2eds/bin/gnu/H-x86_64-pc-linux-gnu/bin/../lib/gcc/nios2-elf/5.3.0/../../../../../H-x86_64-pc-linux-gnu/nios2-elf/lib/libc.a(lib_a-mallocr.o)
                0x0000000010110a60                __malloc_av_
 .data          0x0000000010110e68        0x0 /opt/intelFPGA/18.1/nios2eds/bin/gnu/H-x86_64-pc-linux-gnu/bin/../lib/gcc/nios2-elf/5.3.0/../../../../../H-x86_64-pc-linux-gnu/nios2-elf/lib/libc.a(lib_a-memchr.o)
 .data          0x0000000010110e68        0x0 /opt/intelFPGA/18.1/nios2eds/bin/gnu/H-x86_64-pc-linux-gnu/bin/../lib/gcc/nios2-elf/5.3.0/../../../../../H-x86_64-pc-linux-gnu/nios2-elf/lib/libc.a(lib_a-memcpy.o)
 .data          0x0000000010110e68        0x0 /opt/intelFPGA/18.1/nios2eds/bin/gnu/H-x86_64-pc-linux-gnu/bin/../lib/gcc/nios2-elf/5.3.0/../../../../../H-x86_64-pc-linux-gnu/nios2-elf/lib/libc.a(lib_a-memmove.o)
 .data          0x0000000010110e68        0x0 /opt/intelFPGA/18.1/nios2eds/bin/gnu/H-x86_64-pc-linux-gnu/bin/../lib/gcc/nios2-elf/5.3.0/../../../../../H-x86_64-pc-linux-gnu/nios2-elf/lib/libc.a(lib_a-memset.o)
 .data          0x0000000010110e68        0x0 /opt/intelFPGA/18.1/nios2eds/bin/gnu/H-x86_64-pc-linux-gnu/bin/../lib/gcc/nios2-elf/5.3.0/../../../../../H-x86_64-pc-linux-gnu/nios2-elf/lib/libc.a(lib_a-mprec.o)
 .data          0x0000000010110e68        0x0 /opt/intelFPGA/18.1/nios2eds/bin/gnu/H-x86_64-pc-linux-gnu/bin/../lib/gcc/nios2-elf/5.3.0/../../../../../H-x86_64-pc-linux-gnu/nios2-elf/lib/libc.a(lib_a-putc.o)
 .data          0x0000000010110e68        0x0 /opt/intelFPGA/18.1/nios2eds/bin/gnu/H-x86_64-pc-linux-gnu/bin/../lib/gcc/nios2-elf/5.3.0/../../../../../H-x86_64-pc-linux-gnu/nios2-elf/lib/libc.a(lib_a-reallocr.o)
 .data          0x0000000010110e68        0x0 /opt/intelFPGA/18.1/nios2eds/bin/gnu/H-x86_64-pc-linux-gnu/bin/../lib/gcc/nios2-elf/5.3.0/../../../../../H-x86_64-pc-linux-gnu/nios2-elf/lib/libc.a(lib_a-s_fpclassify.o)
 .data          0x0000000010110e68        0x0 /opt/intelFPGA/18.1/nios2eds/bin/gnu/H-x86_64-pc-linux-gnu/bin/../lib/gcc/nios2-elf/5.3.0/../../../../../H-x86_64-pc-linux-gnu/nios2-elf/lib/libc.a(lib_a-sbrkr.o)
 .data          0x0000000010110e68        0x0 /opt/intelFPGA/18.1/nios2eds/bin/gnu/H-x86_64-pc-linux-gnu/bin/../lib/gcc/nios2-elf/5.3.0/../../../../../H-x86_64-pc-linux-gnu/nios2-elf/lib/libc.a(lib_a-stdio.o)
 .data          0x0000000010110e68        0x0 /opt/intelFPGA/18.1/nios2eds/bin/gnu/H-x86_64-pc-linux-gnu/bin/../lib/gcc/nios2-elf/5.3.0/../../../../../H-x86_64-pc-linux-gnu/nios2-elf/lib/libc.a(lib_a-strcmp.o)
 .data          0x0000000010110e68        0x0 /opt/intelFPGA/18.1/nios2eds/bin/gnu/H-x86_64-pc-linux-gnu/bin/../lib/gcc/nios2-elf/5.3.0/../../../../../H-x86_64-pc-linux-gnu/nios2-elf/lib/libc.a(lib_a-vfiprintf.o)
 .data          0x0000000010110e68        0x0 /opt/intelFPGA/18.1/nios2eds/bin/gnu/H-x86_64-pc-linux-gnu/bin/../lib/gcc/nios2-elf/5.3.0/../../../../../H-x86_64-pc-linux-gnu/nios2-elf/lib/libc.a(lib_a-wbuf.o)
 .data          0x0000000010110e68        0x0 /opt/intelFPGA/18.1/nios2eds/bin/gnu/H-x86_64-pc-linux-gnu/bin/../lib/gcc/nios2-elf/5.3.0/../../../../../H-x86_64-pc-linux-gnu/nios2-elf/lib/libc.a(lib_a-writer.o)
 .data          0x0000000010110e68        0x0 /opt/intelFPGA/18.1/nios2eds/bin/gnu/H-x86_64-pc-linux-gnu/bin/../lib/gcc/nios2-elf/5.3.0/../../../../../H-x86_64-pc-linux-gnu/nios2-elf/lib/libc.a(closer.o)
 .data          0x0000000010110e68        0x0 /opt/intelFPGA/18.1/nios2eds/bin/gnu/H-x86_64-pc-linux-gnu/bin/../lib/gcc/nios2-elf/5.3.0/../../../../../H-x86_64-pc-linux-gnu/nios2-elf/lib/libc.a(lib_a-callocr.o)
 .data          0x0000000010110e68        0x0 /opt/intelFPGA/18.1/nios2eds/bin/gnu/H-x86_64-pc-linux-gnu/bin/../lib/gcc/nios2-elf/5.3.0/../../../../../H-x86_64-pc-linux-gnu/nios2-elf/lib/libc.a(lib_a-fclose.o)
 .data          0x0000000010110e68        0x0 /opt/intelFPGA/18.1/nios2eds/bin/gnu/H-x86_64-pc-linux-gnu/bin/../lib/gcc/nios2-elf/5.3.0/../../../../../H-x86_64-pc-linux-gnu/nios2-elf/lib/libc.a(lib_a-fputwc.o)
 .data          0x0000000010110e68        0x0 /opt/intelFPGA/18.1/nios2eds/bin/gnu/H-x86_64-pc-linux-gnu/bin/../lib/gcc/nios2-elf/5.3.0/../../../../../H-x86_64-pc-linux-gnu/nios2-elf/lib/libc.a(lib_a-fstatr.o)
 .data          0x0000000010110e68        0x0 /opt/intelFPGA/18.1/nios2eds/bin/gnu/H-x86_64-pc-linux-gnu/bin/../lib/gcc/nios2-elf/5.3.0/../../../../../H-x86_64-pc-linux-gnu/nios2-elf/lib/libc.a(lib_a-int_errno.o)
 .data          0x0000000010110e68        0x0 /opt/intelFPGA/18.1/nios2eds/bin/gnu/H-x86_64-pc-linux-gnu/bin/../lib/gcc/nios2-elf/5.3.0/../../../../../H-x86_64-pc-linux-gnu/nios2-elf/lib/libc.a(lib_a-isattyr.o)
 .data          0x0000000010110e68        0x0 /opt/intelFPGA/18.1/nios2eds/bin/gnu/H-x86_64-pc-linux-gnu/bin/../lib/gcc/nios2-elf/5.3.0/../../../../../H-x86_64-pc-linux-gnu/nios2-elf/lib/libc.a(lib_a-lseekr.o)
 .data          0x0000000010110e68        0x0 /opt/intelFPGA/18.1/nios2eds/bin/gnu/H-x86_64-pc-linux-gnu/bin/../lib/gcc/nios2-elf/5.3.0/../../../../../H-x86_64-pc-linux-gnu/nios2-elf/lib/libc.a(lib_a-readr.o)
 .data          0x0000000010110e68        0x0 /opt/intelFPGA/18.1/nios2eds/bin/gnu/H-x86_64-pc-linux-gnu/bin/../lib/gcc/nios2-elf/5.3.0/../../../../../H-x86_64-pc-linux-gnu/nios2-elf/lib/libc.a(lib_a-wcrtomb.o)
 .data          0x0000000010110e68        0x0 /opt/intelFPGA/18.1/nios2eds/bin/gnu/H-x86_64-pc-linux-gnu/bin/../lib/gcc/nios2-elf/5.3.0/../../../../../H-x86_64-pc-linux-gnu/nios2-elf/lib/libc.a(lib_a-wctomb_r.o)
 .data          0x0000000010110e68        0x0 /opt/intelFPGA/18.1/nios2eds/bin/gnu/H-x86_64-pc-linux-gnu/bin/../lib/gcc/nios2-elf/5.3.0/libgcc.a(_udivdi3.o)
 .data          0x0000000010110e68        0x0 /opt/intelFPGA/18.1/nios2eds/bin/gnu/H-x86_64-pc-linux-gnu/bin/../lib/gcc/nios2-elf/5.3.0/libgcc.a(_umoddi3.o)
 .data          0x0000000010110e68        0x0 /opt/intelFPGA/18.1/nios2eds/bin/gnu/H-x86_64-pc-linux-gnu/bin/../lib/gcc/nios2-elf/5.3.0/libgcc.a(lib2-divmod.o)
 .data          0x0000000010110e68        0x0 /opt/intelFPGA/18.1/nios2eds/bin/gnu/H-x86_64-pc-linux-gnu/bin/../lib/gcc/nios2-elf/5.3.0/libgcc.a(adddf3.o)
 .data          0x0000000010110e68        0x0 /opt/intelFPGA/18.1/nios2eds/bin/gnu/H-x86_64-pc-linux-gnu/bin/../lib/gcc/nios2-elf/5.3.0/libgcc.a(divdf3.o)
 .data          0x0000000010110e68        0x0 /opt/intelFPGA/18.1/nios2eds/bin/gnu/H-x86_64-pc-linux-gnu/bin/../lib/gcc/nios2-elf/5.3.0/libgcc.a(eqdf2.o)
 .data          0x0000000010110e68        0x0 /opt/intelFPGA/18.1/nios2eds/bin/gnu/H-x86_64-pc-linux-gnu/bin/../lib/gcc/nios2-elf/5.3.0/libgcc.a(gedf2.o)
 .data          0x0000000010110e68        0x0 /opt/intelFPGA/18.1/nios2eds/bin/gnu/H-x86_64-pc-linux-gnu/bin/../lib/gcc/nios2-elf/5.3.0/libgcc.a(ledf2.o)
 .data          0x0000000010110e68        0x0 /opt/intelFPGA/18.1/nios2eds/bin/gnu/H-x86_64-pc-linux-gnu/bin/../lib/gcc/nios2-elf/5.3.0/libgcc.a(muldf3.o)
 .data          0x0000000010110e68        0x0 /opt/intelFPGA/18.1/nios2eds/bin/gnu/H-x86_64-pc-linux-gnu/bin/../lib/gcc/nios2-elf/5.3.0/libgcc.a(subdf3.o)
 .data          0x0000000010110e68        0x0 /opt/intelFPGA/18.1/nios2eds/bin/gnu/H-x86_64-pc-linux-gnu/bin/../lib/gcc/nios2-elf/5.3.0/libgcc.a(fixdfsi.o)
 .data          0x0000000010110e68        0x0 /opt/intelFPGA/18.1/nios2eds/bin/gnu/H-x86_64-pc-linux-gnu/bin/../lib/gcc/nios2-elf/5.3.0/libgcc.a(floatsidf.o)
 .data          0x0000000010110e68        0x0 /opt/intelFPGA/18.1/nios2eds/bin/gnu/H-x86_64-pc-linux-gnu/bin/../lib/gcc/nios2-elf/5.3.0/libgcc.a(floatunsidf.o)
 .data          0x0000000010110e68        0x0 /opt/intelFPGA/18.1/nios2eds/bin/gnu/H-x86_64-pc-linux-gnu/bin/../lib/gcc/nios2-elf/5.3.0/libgcc.a(_clz.o)
 .data          0x0000000010110e68        0x0 /opt/intelFPGA/18.1/nios2eds/bin/gnu/H-x86_64-pc-linux-gnu/bin/../lib/gcc/nios2-elf/5.3.0/libgcc.a(_clzsi2.o)
 .data          0x0000000010110e68        0x0 /home/vm/Desktop/shared/lab4_project/sw/nios/lab_4_lcd_bsp//libhal_bsp.a(alt_close.o)
 .data          0x0000000010110e68      0x1a8 /home/vm/Desktop/shared/lab4_project/sw/nios/lab_4_lcd_bsp//libhal_bsp.a(alt_dev.o)
                0x0000000010110e68                alt_dev_null
                0x0000000010110e90                alt_fd_list
 .data          0x0000000010111010        0x0 /home/vm/Desktop/shared/lab4_project/sw/nios/lab_4_lcd_bsp//libhal_bsp.a(alt_errno.o)
 .data          0x0000000010111010        0x0 /home/vm/Desktop/shared/lab4_project/sw/nios/lab_4_lcd_bsp//libhal_bsp.a(alt_fstat.o)
 .data          0x0000000010111010        0x0 /home/vm/Desktop/shared/lab4_project/sw/nios/lab_4_lcd_bsp//libhal_bsp.a(alt_isatty.o)
 .data          0x0000000010111010        0x0 /home/vm/Desktop/shared/lab4_project/sw/nios/lab_4_lcd_bsp//libhal_bsp.a(alt_load.o)
 .data          0x0000000010111010        0x0 /home/vm/Desktop/shared/lab4_project/sw/nios/lab_4_lcd_bsp//libhal_bsp.a(alt_lseek.o)
 .data          0x0000000010111010        0x0 /home/vm/Desktop/shared/lab4_project/sw/nios/lab_4_lcd_bsp//libhal_bsp.a(alt_main.o)
 .data          0x0000000010111010        0x0 /home/vm/Desktop/shared/lab4_project/sw/nios/lab_4_lcd_bsp//libhal_bsp.a(alt_malloc_lock.o)
 .data          0x0000000010111010        0x0 /home/vm/Desktop/shared/lab4_project/sw/nios/lab_4_lcd_bsp//libhal_bsp.a(alt_read.o)
 .data          0x0000000010111010        0x0 /home/vm/Desktop/shared/lab4_project/sw/nios/lab_4_lcd_bsp//libhal_bsp.a(alt_release_fd.o)
 .data          0x0000000010111010        0x0 /home/vm/Desktop/shared/lab4_project/sw/nios/lab_4_lcd_bsp//libhal_bsp.a(alt_sbrk.o)
 .data          0x0000000010111010        0x0 /home/vm/Desktop/shared/lab4_project/sw/nios/lab_4_lcd_bsp//libhal_bsp.a(alt_write.o)
 .data          0x0000000010111010     0x1060 /home/vm/Desktop/shared/lab4_project/sw/nios/lab_4_lcd_bsp//libhal_bsp.a(alt_sys_init.o)
 .data          0x0000000010112070        0x0 /home/vm/Desktop/shared/lab4_project/sw/nios/lab_4_lcd_bsp//libhal_bsp.a(altera_avalon_jtag_uart_fd.o)
 .data          0x0000000010112070        0x0 /home/vm/Desktop/shared/lab4_project/sw/nios/lab_4_lcd_bsp//libhal_bsp.a(altera_avalon_jtag_uart_init.o)
 .data          0x0000000010112070        0x0 /home/vm/Desktop/shared/lab4_project/sw/nios/lab_4_lcd_bsp//libhal_bsp.a(altera_avalon_jtag_uart_ioctl.o)
 .data          0x0000000010112070        0x0 /home/vm/Desktop/shared/lab4_project/sw/nios/lab_4_lcd_bsp//libhal_bsp.a(altera_avalon_jtag_uart_read.o)
 .data          0x0000000010112070        0x0 /home/vm/Desktop/shared/lab4_project/sw/nios/lab_4_lcd_bsp//libhal_bsp.a(altera_avalon_jtag_uart_write.o)
 .data          0x0000000010112070        0x0 /home/vm/Desktop/shared/lab4_project/sw/nios/lab_4_lcd_bsp//libhal_bsp.a(alt_alarm_start.o)
 .data          0x0000000010112070        0x0 /home/vm/Desktop/shared/lab4_project/sw/nios/lab_4_lcd_bsp//libhal_bsp.a(alt_dcache_flush_all.o)
 .data          0x0000000010112070        0x0 /home/vm/Desktop/shared/lab4_project/sw/nios/lab_4_lcd_bsp//libhal_bsp.a(alt_dev_llist_insert.o)
 .data          0x0000000010112070        0x0 /home/vm/Desktop/shared/lab4_project/sw/nios/lab_4_lcd_bsp//libhal_bsp.a(alt_do_ctors.o)
 .data          0x0000000010112070        0x0 /home/vm/Desktop/shared/lab4_project/sw/nios/lab_4_lcd_bsp//libhal_bsp.a(alt_do_dtors.o)
 .data          0x0000000010112070        0x0 /home/vm/Desktop/shared/lab4_project/sw/nios/lab_4_lcd_bsp//libhal_bsp.a(alt_icache_flush_all.o)
 .data          0x0000000010112070        0x0 /home/vm/Desktop/shared/lab4_project/sw/nios/lab_4_lcd_bsp//libhal_bsp.a(alt_iic.o)
 .data          0x0000000010112070        0x0 /home/vm/Desktop/shared/lab4_project/sw/nios/lab_4_lcd_bsp//libhal_bsp.a(alt_iic_isr_register.o)
 .data          0x0000000010112070        0x0 /home/vm/Desktop/shared/lab4_project/sw/nios/lab_4_lcd_bsp//libhal_bsp.a(alt_io_redirect.o)
 .data          0x0000000010112070        0x0 /home/vm/Desktop/shared/lab4_project/sw/nios/lab_4_lcd_bsp//libhal_bsp.a(alt_irq_entry.o)
 .data          0x0000000010112070        0x0 /home/vm/Desktop/shared/lab4_project/sw/nios/lab_4_lcd_bsp//libhal_bsp.a(alt_irq_handler.o)
 .data          0x0000000010112070        0x0 /home/vm/Desktop/shared/lab4_project/sw/nios/lab_4_lcd_bsp//libhal_bsp.a(alt_irq_vars.o)
 .data          0x0000000010112070        0x0 /home/vm/Desktop/shared/lab4_project/sw/nios/lab_4_lcd_bsp//libhal_bsp.a(alt_open.o)
 .data          0x0000000010112070        0x0 /home/vm/Desktop/shared/lab4_project/sw/nios/lab_4_lcd_bsp//libhal_bsp.a(alt_tick.o)
 .data          0x0000000010112070        0x0 /home/vm/Desktop/shared/lab4_project/sw/nios/lab_4_lcd_bsp//libhal_bsp.a(altera_nios2_gen2_irq.o)
 .data          0x0000000010112070        0x0 /home/vm/Desktop/shared/lab4_project/sw/nios/lab_4_lcd_bsp//libhal_bsp.a(alt_exception_entry.o)
 .data          0x0000000010112070        0x0 /home/vm/Desktop/shared/lab4_project/sw/nios/lab_4_lcd_bsp//libhal_bsp.a(alt_find_dev.o)
 .data          0x0000000010112070        0x0 /home/vm/Desktop/shared/lab4_project/sw/nios/lab_4_lcd_bsp//libhal_bsp.a(alt_find_file.o)
 .data          0x0000000010112070        0x0 /home/vm/Desktop/shared/lab4_project/sw/nios/lab_4_lcd_bsp//libhal_bsp.a(alt_get_fd.o)
 .data          0x0000000010112070        0x0 /home/vm/Desktop/shared/lab4_project/sw/nios/lab_4_lcd_bsp//libhal_bsp.a(alt_icache_flush.o)
 .data          0x0000000010112070        0x0 /home/vm/Desktop/shared/lab4_project/sw/nios/lab_4_lcd_bsp//libhal_bsp.a(alt_instruction_exception_entry.o)
 .data          0x0000000010112070        0x0 /opt/intelFPGA/18.1/nios2eds/bin/gnu/H-x86_64-pc-linux-gnu/bin/../lib/gcc/nios2-elf/5.3.0/../../../../../H-x86_64-pc-linux-gnu/nios2-elf/lib/libc.a(lib_a-atexit.o)
 .data          0x0000000010112070        0x0 /opt/intelFPGA/18.1/nios2eds/bin/gnu/H-x86_64-pc-linux-gnu/bin/../lib/gcc/nios2-elf/5.3.0/../../../../../H-x86_64-pc-linux-gnu/nios2-elf/lib/libc.a(lib_a-exit.o)
 .data          0x0000000010112070        0x0 /opt/intelFPGA/18.1/nios2eds/bin/gnu/H-x86_64-pc-linux-gnu/bin/../lib/gcc/nios2-elf/5.3.0/../../../../../H-x86_64-pc-linux-gnu/nios2-elf/lib/libc.a(lib_a-memcmp.o)
 .data          0x0000000010112070        0x0 /opt/intelFPGA/18.1/nios2eds/bin/gnu/H-x86_64-pc-linux-gnu/bin/../lib/gcc/nios2-elf/5.3.0/../../../../../H-x86_64-pc-linux-gnu/nios2-elf/lib/libc.a(lib_a-__atexit.o)
 .data          0x0000000010112070        0x0 /opt/intelFPGA/18.1/nios2eds/bin/gnu/H-x86_64-pc-linux-gnu/bin/../lib/gcc/nios2-elf/5.3.0/../../../../../H-x86_64-pc-linux-gnu/nios2-elf/lib/libc.a(lib_a-__call_atexit.o)
 .data          0x0000000010112070        0x0 /home/vm/Desktop/shared/lab4_project/sw/nios/lab_4_lcd_bsp//libhal_bsp.a(alt_exit.o)
                0x000000001011a070                _gp = ABSOLUTE ((. + 0x8000))
                [!provide]                        PROVIDE (gp, _gp)
 *(.rwdata .rwdata.*)
 *(.sdata .sdata.* .gnu.linkonce.s.*)
 .sdata._global_impure_ptr
                0x0000000010112070        0x4 /opt/intelFPGA/18.1/nios2eds/bin/gnu/H-x86_64-pc-linux-gnu/bin/../lib/gcc/nios2-elf/5.3.0/../../../../../H-x86_64-pc-linux-gnu/nios2-elf/lib/libc.a(lib_a-impure.o)
                0x0000000010112070                _global_impure_ptr
 .sdata._impure_ptr
                0x0000000010112074        0x4 /opt/intelFPGA/18.1/nios2eds/bin/gnu/H-x86_64-pc-linux-gnu/bin/../lib/gcc/nios2-elf/5.3.0/../../../../../H-x86_64-pc-linux-gnu/nios2-elf/lib/libc.a(lib_a-impure.o)
                0x0000000010112074                _impure_ptr
 .sdata.__mb_cur_max
                0x0000000010112078        0x4 /opt/intelFPGA/18.1/nios2eds/bin/gnu/H-x86_64-pc-linux-gnu/bin/../lib/gcc/nios2-elf/5.3.0/../../../../../H-x86_64-pc-linux-gnu/nios2-elf/lib/libc.a(lib_a-locale.o)
                0x0000000010112078                __mb_cur_max
 .sdata.__malloc_sbrk_base
                0x000000001011207c        0x4 /opt/intelFPGA/18.1/nios2eds/bin/gnu/H-x86_64-pc-linux-gnu/bin/../lib/gcc/nios2-elf/5.3.0/../../../../../H-x86_64-pc-linux-gnu/nios2-elf/lib/libc.a(lib_a-mallocr.o)
                0x000000001011207c                __malloc_sbrk_base
 .sdata.__malloc_trim_threshold
                0x0000000010112080        0x4 /opt/intelFPGA/18.1/nios2eds/bin/gnu/H-x86_64-pc-linux-gnu/bin/../lib/gcc/nios2-elf/5.3.0/../../../../../H-x86_64-pc-linux-gnu/nios2-elf/lib/libc.a(lib_a-mallocr.o)
                0x0000000010112080                __malloc_trim_threshold
 .sdata.__wctomb
                0x0000000010112084        0x4 /opt/intelFPGA/18.1/nios2eds/bin/gnu/H-x86_64-pc-linux-gnu/bin/../lib/gcc/nios2-elf/5.3.0/../../../../../H-x86_64-pc-linux-gnu/nios2-elf/lib/libc.a(lib_a-wctomb_r.o)
                0x0000000010112084                __wctomb
 .sdata         0x0000000010112088       0x14 /home/vm/Desktop/shared/lab4_project/sw/nios/lab_4_lcd_bsp//libhal_bsp.a(alt_dev.o)
                0x0000000010112088                alt_fs_list
                0x0000000010112090                alt_dev_list
                0x0000000010112098                alt_max_fd
 .sdata         0x000000001011209c        0x4 /home/vm/Desktop/shared/lab4_project/sw/nios/lab_4_lcd_bsp//libhal_bsp.a(alt_errno.o)
                0x000000001011209c                alt_errno
 .sdata         0x00000000101120a0        0x4 /home/vm/Desktop/shared/lab4_project/sw/nios/lab_4_lcd_bsp//libhal_bsp.a(alt_sbrk.o)
 .sdata         0x00000000101120a4        0x4 /home/vm/Desktop/shared/lab4_project/sw/nios/lab_4_lcd_bsp//libhal_bsp.a(alt_irq_vars.o)
                0x00000000101120a4                alt_priority_mask
 .sdata         0x00000000101120a8        0x8 /home/vm/Desktop/shared/lab4_project/sw/nios/lab_4_lcd_bsp//libhal_bsp.a(alt_tick.o)
                0x00000000101120a8                alt_alarm_list
 *(.sdata2 .sdata2.* .gnu.linkonce.s2.*)
                0x00000000101120b0                . = ALIGN (0x4)
                0x00000000101120b0                _edata = ABSOLUTE (.)
                [!provide]                        PROVIDE (edata, ABSOLUTE (.))
                0x00000000101120b0                PROVIDE (__ram_rwdata_end, ABSOLUTE (.))
                0x00000000101120b0                PROVIDE (__flash_rwdata_start, LOADADDR (.rwdata))

.bss            0x0000000010113b9c      0x160
                0x0000000010113b9c                __bss_start = ABSOLUTE (.)
                [!provide]                        PROVIDE (__sbss_start, ABSOLUTE (.))
                [!provide]                        PROVIDE (___sbss_start, ABSOLUTE (.))
 *(.dynsbss)
 *(.sbss .sbss.* .gnu.linkonce.sb.*)
 .sbss._PathLocale
                0x0000000010113b9c        0x4 /opt/intelFPGA/18.1/nios2eds/bin/gnu/H-x86_64-pc-linux-gnu/bin/../lib/gcc/nios2-elf/5.3.0/../../../../../H-x86_64-pc-linux-gnu/nios2-elf/lib/libc.a(lib_a-locale.o)
                0x0000000010113b9c                _PathLocale
 .sbss.__mlocale_changed
                0x0000000010113ba0        0x4 /opt/intelFPGA/18.1/nios2eds/bin/gnu/H-x86_64-pc-linux-gnu/bin/../lib/gcc/nios2-elf/5.3.0/../../../../../H-x86_64-pc-linux-gnu/nios2-elf/lib/libc.a(lib_a-locale.o)
                0x0000000010113ba0                __mlocale_changed
 .sbss.__nlocale_changed
                0x0000000010113ba4        0x4 /opt/intelFPGA/18.1/nios2eds/bin/gnu/H-x86_64-pc-linux-gnu/bin/../lib/gcc/nios2-elf/5.3.0/../../../../../H-x86_64-pc-linux-gnu/nios2-elf/lib/libc.a(lib_a-locale.o)
                0x0000000010113ba4                __nlocale_changed
 .sbss.__malloc_max_total_mem
                0x0000000010113ba8        0x4 /opt/intelFPGA/18.1/nios2eds/bin/gnu/H-x86_64-pc-linux-gnu/bin/../lib/gcc/nios2-elf/5.3.0/../../../../../H-x86_64-pc-linux-gnu/nios2-elf/lib/libc.a(lib_a-mallocr.o)
                0x0000000010113ba8                __malloc_max_total_mem
 .sbss.__malloc_max_sbrked_mem
                0x0000000010113bac        0x4 /opt/intelFPGA/18.1/nios2eds/bin/gnu/H-x86_64-pc-linux-gnu/bin/../lib/gcc/nios2-elf/5.3.0/../../../../../H-x86_64-pc-linux-gnu/nios2-elf/lib/libc.a(lib_a-mallocr.o)
                0x0000000010113bac                __malloc_max_sbrked_mem
 .sbss.__malloc_top_pad
                0x0000000010113bb0        0x4 /opt/intelFPGA/18.1/nios2eds/bin/gnu/H-x86_64-pc-linux-gnu/bin/../lib/gcc/nios2-elf/5.3.0/../../../../../H-x86_64-pc-linux-gnu/nios2-elf/lib/libc.a(lib_a-mallocr.o)
                0x0000000010113bb0                __malloc_top_pad
 .sbss          0x0000000010113bb4        0x4 /opt/intelFPGA/18.1/nios2eds/bin/gnu/H-x86_64-pc-linux-gnu/bin/../lib/gcc/nios2-elf/5.3.0/../../../../../H-x86_64-pc-linux-gnu/nios2-elf/lib/libc.a(lib_a-int_errno.o)
                0x0000000010113bb4                errno
 .sbss          0x0000000010113bb8        0xc /home/vm/Desktop/shared/lab4_project/sw/nios/lab_4_lcd_bsp//libhal_bsp.a(alt_main.o)
                0x0000000010113bb8                alt_argc
                0x0000000010113bbc                alt_argv
                0x0000000010113bc0                alt_envp
 .sbss          0x0000000010113bc4        0x4 /home/vm/Desktop/shared/lab4_project/sw/nios/lab_4_lcd_bsp//libhal_bsp.a(alt_irq_vars.o)
                0x0000000010113bc4                alt_irq_active
 .sbss          0x0000000010113bc8        0x8 /home/vm/Desktop/shared/lab4_project/sw/nios/lab_4_lcd_bsp//libhal_bsp.a(alt_tick.o)
                0x0000000010113bc8                _alt_tick_rate
                0x0000000010113bcc                _alt_nticks
 .sbss          0x0000000010113bd0        0x4 /home/vm/Desktop/shared/lab4_project/sw/nios/lab_4_lcd_bsp//libhal_bsp.a(alt_instruction_exception_entry.o)
                0x0000000010113bd0                alt_instruction_exception_handler
 *(.sbss2 .sbss2.* .gnu.linkonce.sb2.*)
 *(.scommon)
                [!provide]                        PROVIDE (__sbss_end, ABSOLUTE (.))
                [!provide]                        PROVIDE (___sbss_end, ABSOLUTE (.))
 *(.dynbss)
 *(.bss .bss.* .gnu.linkonce.b.*)
 .bss           0x0000000010113bd4        0x0 /home/vm/Desktop/shared/lab4_project/sw/nios/lab_4_lcd_bsp//obj/HAL/src/crt0.o
 .bss           0x0000000010113bd4        0x0 obj/default/hello_world.o
 .bss           0x0000000010113bd4        0x0 /opt/intelFPGA/18.1/nios2eds/bin/gnu/H-x86_64-pc-linux-gnu/bin/../lib/gcc/nios2-elf/5.3.0/../../../../../H-x86_64-pc-linux-gnu/nios2-elf/lib/libc.a(lib_a-printf.o)
 .bss           0x0000000010113bd4        0x0 /opt/intelFPGA/18.1/nios2eds/bin/gnu/H-x86_64-pc-linux-gnu/bin/../lib/gcc/nios2-elf/5.3.0/../../../../../H-x86_64-pc-linux-gnu/nios2-elf/lib/libc.a(lib_a-putchar.o)
 .bss           0x0000000010113bd4        0x0 /opt/intelFPGA/18.1/nios2eds/bin/gnu/H-x86_64-pc-linux-gnu/bin/../lib/gcc/nios2-elf/5.3.0/../../../../../H-x86_64-pc-linux-gnu/nios2-elf/lib/libc.a(lib_a-puts.o)
 .bss           0x0000000010113bd4        0x0 /opt/intelFPGA/18.1/nios2eds/bin/gnu/H-x86_64-pc-linux-gnu/bin/../lib/gcc/nios2-elf/5.3.0/../../../../../H-x86_64-pc-linux-gnu/nios2-elf/lib/libc.a(lib_a-strlen.o)
 .bss           0x0000000010113bd4        0x0 /opt/intelFPGA/18.1/nios2eds/bin/gnu/H-x86_64-pc-linux-gnu/bin/../lib/gcc/nios2-elf/5.3.0/../../../../../H-x86_64-pc-linux-gnu/nios2-elf/lib/libc.a(lib_a-vfprintf.o)
 .bss           0x0000000010113bd4        0x0 /opt/intelFPGA/18.1/nios2eds/bin/gnu/H-x86_64-pc-linux-gnu/bin/../lib/gcc/nios2-elf/5.3.0/../../../../../H-x86_64-pc-linux-gnu/nios2-elf/lib/libc.a(lib_a-wsetup.o)
 .bss           0x0000000010113bd4        0x0 /opt/intelFPGA/18.1/nios2eds/bin/gnu/H-x86_64-pc-linux-gnu/bin/../lib/gcc/nios2-elf/5.3.0/../../../../../H-x86_64-pc-linux-gnu/nios2-elf/lib/libc.a(lib_a-dtoa.o)
 .bss           0x0000000010113bd4        0x0 /opt/intelFPGA/18.1/nios2eds/bin/gnu/H-x86_64-pc-linux-gnu/bin/../lib/gcc/nios2-elf/5.3.0/../../../../../H-x86_64-pc-linux-gnu/nios2-elf/lib/libc.a(lib_a-fflush.o)
 .bss           0x0000000010113bd4        0x0 /opt/intelFPGA/18.1/nios2eds/bin/gnu/H-x86_64-pc-linux-gnu/bin/../lib/gcc/nios2-elf/5.3.0/../../../../../H-x86_64-pc-linux-gnu/nios2-elf/lib/libc.a(lib_a-findfp.o)
 .bss           0x0000000010113bd4        0x0 /opt/intelFPGA/18.1/nios2eds/bin/gnu/H-x86_64-pc-linux-gnu/bin/../lib/gcc/nios2-elf/5.3.0/../../../../../H-x86_64-pc-linux-gnu/nios2-elf/lib/libc.a(lib_a-freer.o)